<html>
<body>
<pre>
<h1>µVision Build Log</h1>
<h2>Tool Versions:</h2>
IDE-Version: ¦ÌVision V5.14.2
Copyright (C) 2015 ARM Ltd and ARM Germany GmbH. All rights reserved.
License Information: Cortex-M3, no, LIC=65ISZ-JTVD3-QDNKD-8DS6Y-41UVY-1EPVX
 
Tool Versions:
Toolchain:       MDK-ARM Standard  Version: 5.31.0.0
Toolchain Path:  F:\code\keil5\keil5core\ARM\ARMCC\Bin
C Compiler:      Armcc.exe V5.06 update 6 (build 750)
Assembler:       Armasm.exe V5.06 update 6 (build 750)
Linker/Locator:  ArmLink.exe V5.06 update 6 (build 750)
Library Manager: ArmAr.exe V5.06 update 6 (build 750)
Hex Converter:   FromElf.exe V5.06 update 6 (build 750)
CPU DLL:         SARMCM3.DLL V5.31.0.0
Dialog DLL:      DCM.DLL V1.17.3.0
Target DLL:      STLink\ST-LINKIII-KEIL_SWO.dll V2.0.14.0_KEIL
Dialog DLL:      TCM.DLL V1.46.0.0
 
<h2>Project:</h2>
F:\code\cubemx\workspace\STM32F103\HOST\V1.2\MDK-ARM\Smarthome.uvprojx
Project File Date:  05/05/2022

<h2>Output:</h2>
*** Using Compiler 'V5.06 update 6 (build 750)', folder: 'F:\code\keil5\keil5core\ARM\ARMCC\Bin'
Build target 'Smarthome'
compiling main.c...
linking...
Program Size: Code=14468 RO-data=2528 RW-data=32 ZI-data=3120  
FromELF: creating hex file...
"Smarthome\Smarthome.axf" - 0 Error(s), 0 Warning(s).

<h2>Software Packages used:</h2>

Package Vendor: ARM
                http://www.keil.com/pack/ARM.CMSIS.5.7.0.pack
                ARM::CMSIS:CORE:5.4.0
                CMSIS (Cortex Microcontroller Software Interface Standard)
   * Component: CORE Version: 5.4.0

<h2>Collection of Component include folders:</h2>
  F:\code\cubemx\workspace\STM32F103\HOST\V1.2\MDK-ARM\RTE
  F:\code\keil5\keil5core\ARM\CMSIS\5.7.0\CMSIS\Core\Include
  F:\code\keil5\keil5core\Keil\STM32F1xx_DFP\1.0.5\Device\Include

<h2>Collection of Component Files used:</h2>

   * Component: ARM::CMSIS:CORE:5.4.0
      Source file:   CMSIS\Core\Template\ARMv8-M\tz_context.c
      Include file:  CMSIS\Core\Include\tz_context.h
      Source file:   CMSIS\Core\Template\ARMv8-M\main_s.c
</pre>
</body>
</html>
