Component: ARM Compiler 5.06 update 6 (build 750) Tool: armlink [4d35ed]

==============================================================================

Section Cross References

    startup_stm32f407xx.o(STACK) refers (Special) to heapauxi.o(.text) for __use_two_region_memory
    startup_stm32f407xx.o(HEAP) refers (Special) to heapauxi.o(.text) for __use_two_region_memory
    startup_stm32f407xx.o(RESET) refers (Special) to heapauxi.o(.text) for __use_two_region_memory
    startup_stm32f407xx.o(RESET) refers to startup_stm32f407xx.o(STACK) for __initial_sp
    startup_stm32f407xx.o(RESET) refers to startup_stm32f407xx.o(.text) for Reset_Handler
    startup_stm32f407xx.o(RESET) refers to stm32f4xx_it.o(i.NMI_Handler) for NMI_Handler
    startup_stm32f407xx.o(RESET) refers to stm32f4xx_it.o(i.HardFault_Handler) for HardFault_Handler
    startup_stm32f407xx.o(RESET) refers to stm32f4xx_it.o(i.MemManage_Handler) for MemManage_Handler
    startup_stm32f407xx.o(RESET) refers to stm32f4xx_it.o(i.BusFault_Handler) for BusFault_Handler
    startup_stm32f407xx.o(RESET) refers to stm32f4xx_it.o(i.UsageFault_Handler) for UsageFault_Handler
    startup_stm32f407xx.o(RESET) refers to stm32f4xx_it.o(i.SVC_Handler) for SVC_Handler
    startup_stm32f407xx.o(RESET) refers to stm32f4xx_it.o(i.DebugMon_Handler) for DebugMon_Handler
    startup_stm32f407xx.o(RESET) refers to stm32f4xx_it.o(i.PendSV_Handler) for PendSV_Handler
    startup_stm32f407xx.o(RESET) refers to stm32f4xx_it.o(i.SysTick_Handler) for SysTick_Handler
    startup_stm32f407xx.o(RESET) refers to stm32f4xx_it.o(i.USART1_IRQHandler) for USART1_IRQHandler
    startup_stm32f407xx.o(RESET) refers to stm32f4xx_it.o(i.DMA2_Stream2_IRQHandler) for DMA2_Stream2_IRQHandler
    startup_stm32f407xx.o(RESET) refers to stm32f4xx_it.o(i.DMA2_Stream7_IRQHandler) for DMA2_Stream7_IRQHandler
    startup_stm32f407xx.o(.text) refers (Special) to heapauxi.o(.text) for __use_two_region_memory
    startup_stm32f407xx.o(.text) refers to system_stm32f4xx.o(i.SystemInit) for SystemInit
    startup_stm32f407xx.o(.text) refers to __main.o(!!!main) for __main
    startup_stm32f407xx.o(.text) refers to startup_stm32f407xx.o(HEAP) for Heap_Mem
    startup_stm32f407xx.o(.text) refers to startup_stm32f407xx.o(STACK) for Stack_Mem
    dht11.o(i.DHT11_Check) refers to dht11.o(i.DHT11_IO_IN) for DHT11_IO_IN
    dht11.o(i.DHT11_Check) refers to tim.o(i.delay_us) for delay_us
    dht11.o(i.DHT11_Check) refers to stm32f4xx_hal_gpio.o(i.HAL_GPIO_ReadPin) for HAL_GPIO_ReadPin
    dht11.o(i.DHT11_IO_IN) refers to stm32f4xx_hal_gpio.o(i.HAL_GPIO_Init) for HAL_GPIO_Init
    dht11.o(i.DHT11_IO_OUT) refers to stm32f4xx_hal_gpio.o(i.HAL_GPIO_Init) for HAL_GPIO_Init
    dht11.o(i.DHT11_Init) refers to dht11.o(i.DHT11_Rst) for DHT11_Rst
    dht11.o(i.DHT11_Init) refers to dht11.o(i.DHT11_Check) for DHT11_Check
    dht11.o(i.DHT11_Read_Bit) refers to tim.o(i.delay_us) for delay_us
    dht11.o(i.DHT11_Read_Bit) refers to stm32f4xx_hal_gpio.o(i.HAL_GPIO_ReadPin) for HAL_GPIO_ReadPin
    dht11.o(i.DHT11_Read_Byte) refers to dht11.o(i.DHT11_Read_Bit) for DHT11_Read_Bit
    dht11.o(i.DHT11_Read_Data) refers to dht11.o(i.DHT11_Rst) for DHT11_Rst
    dht11.o(i.DHT11_Read_Data) refers to dht11.o(i.DHT11_Check) for DHT11_Check
    dht11.o(i.DHT11_Read_Data) refers to dht11.o(i.DHT11_Read_Byte) for DHT11_Read_Byte
    dht11.o(i.DHT11_Rst) refers to dht11.o(i.DHT11_IO_OUT) for DHT11_IO_OUT
    dht11.o(i.DHT11_Rst) refers to stm32f4xx_hal_gpio.o(i.HAL_GPIO_WritePin) for HAL_GPIO_WritePin
    dht11.o(i.DHT11_Rst) refers to stm32f4xx_hal.o(i.HAL_Delay) for HAL_Delay
    dht11.o(i.DHT11_Rst) refers to tim.o(i.delay_us) for delay_us
    sgp30.o(i.HX711_GPIO_Init) refers to stm32f4xx_hal_gpio.o(i.HAL_GPIO_Init) for HAL_GPIO_Init
    sgp30.o(i.SDA_IN) refers to stm32f4xx_hal_gpio.o(i.HAL_GPIO_Init) for HAL_GPIO_Init
    sgp30.o(i.SDA_OUT) refers to stm32f4xx_hal_gpio.o(i.HAL_GPIO_Init) for HAL_GPIO_Init
    sgp30.o(i.SGP30_IIC_Ack) refers to stm32f4xx_hal_gpio.o(i.HAL_GPIO_WritePin) for HAL_GPIO_WritePin
    sgp30.o(i.SGP30_IIC_Ack) refers to sgp30.o(i.SDA_OUT) for SDA_OUT
    sgp30.o(i.SGP30_IIC_Ack) refers to tim.o(i.delay_us) for delay_us
    sgp30.o(i.SGP30_IIC_NAck) refers to stm32f4xx_hal_gpio.o(i.HAL_GPIO_WritePin) for HAL_GPIO_WritePin
    sgp30.o(i.SGP30_IIC_NAck) refers to sgp30.o(i.SDA_OUT) for SDA_OUT
    sgp30.o(i.SGP30_IIC_NAck) refers to tim.o(i.delay_us) for delay_us
    sgp30.o(i.SGP30_IIC_Read_Byte) refers to sgp30.o(i.SDA_IN) for SDA_IN
    sgp30.o(i.SGP30_IIC_Read_Byte) refers to stm32f4xx_hal_gpio.o(i.HAL_GPIO_WritePin) for HAL_GPIO_WritePin
    sgp30.o(i.SGP30_IIC_Read_Byte) refers to tim.o(i.delay_us) for delay_us
    sgp30.o(i.SGP30_IIC_Read_Byte) refers to stm32f4xx_hal_gpio.o(i.HAL_GPIO_ReadPin) for HAL_GPIO_ReadPin
    sgp30.o(i.SGP30_IIC_Read_Byte) refers to sgp30.o(i.SGP30_IIC_Ack) for SGP30_IIC_Ack
    sgp30.o(i.SGP30_IIC_Read_Byte) refers to sgp30.o(i.SGP30_IIC_NAck) for SGP30_IIC_NAck
[...]
    ../Drivers/STM32F4xx_HAL_Driver/Src/stm32f4xx_hal_tim_ex.c 0x00000000   Number         0  stm32f4xx_hal_tim_ex.o ABSOLUTE
    ../Drivers/STM32F4xx_HAL_Driver/Src/stm32f4xx_hal_uart.c 0x00000000   Number         0  stm32f4xx_hal_uart.o ABSOLUTE
    ../clib/angel/boardlib.s                 0x00000000   Number         0  boardinit1.o ABSOLUTE
    ../clib/angel/boardlib.s                 0x00000000   Number         0  boardinit2.o ABSOLUTE
    ../clib/angel/boardlib.s                 0x00000000   Number         0  boardshut.o ABSOLUTE
    ../clib/angel/boardlib.s                 0x00000000   Number         0  boardinit3.o ABSOLUTE
    ../clib/angel/handlers.s                 0x00000000   Number         0  __scatter_copy.o ABSOLUTE
    ../clib/angel/handlers.s                 0x00000000   Number         0  __scatter_zi.o ABSOLUTE
    ../clib/angel/kernel.s                   0x00000000   Number         0  rtexit2.o ABSOLUTE
    ../clib/angel/kernel.s                   0x00000000   Number         0  __rtentry4.o ABSOLUTE
    ../clib/angel/kernel.s                   0x00000000   Number         0  __rtentry.o ABSOLUTE
    ../clib/angel/kernel.s                   0x00000000   Number         0  __rtentry2.o ABSOLUTE
    ../clib/angel/kernel.s                   0x00000000   Number         0  rtexit.o ABSOLUTE
    ../clib/angel/rt.s                       0x00000000   Number         0  aeabi_ldiv0_sigfpe.o ABSOLUTE
    ../clib/angel/rt.s                       0x00000000   Number         0  rt_div0.o ABSOLUTE
    ../clib/angel/rt.s                       0x00000000   Number         0  rt_raise.o ABSOLUTE
    ../clib/angel/rt.s                       0x00000000   Number         0  aeabi_ldiv0.o ABSOLUTE
    ../clib/angel/scatter.s                  0x00000000   Number         0  __scatter.o ABSOLUTE
    ../clib/angel/startup.s                  0x00000000   Number         0  __main.o ABSOLUTE
    ../clib/angel/sys.s                      0x00000000   Number         0  use_no_semi.o ABSOLUTE
    ../clib/angel/sys.s                      0x00000000   Number         0  indicate_semi.o ABSOLUTE
    ../clib/angel/sys.s                      0x00000000   Number         0  sys_stackheap_outer.o ABSOLUTE
    ../clib/angel/sys.s                      0x00000000   Number         0  libspace.o ABSOLUTE
    ../clib/angel/sysapp.c                   0x00000000   Number         0  sys_command.o ABSOLUTE
    ../clib/angel/sysapp.c                   0x00000000   Number         0  sys_wrch.o ABSOLUTE
    ../clib/armsys.c                         0x00000000   Number         0  _get_argv_nomalloc.o ABSOLUTE
    ../clib/armsys.c                         0x00000000   Number         0  no_argv.o ABSOLUTE
    ../clib/armsys.c                         0x00000000   Number         0  argv_veneer.o ABSOLUTE
    ../clib/armsys.c                         0x00000000   Number         0  argv_veneer.o ABSOLUTE
    ../clib/heapalloc.c                      0x00000000   Number         0  hrguard.o ABSOLUTE
    ../clib/heapaux.c                        0x00000000   Number         0  heapauxi.o ABSOLUTE
    ../clib/libinit.s                        0x00000000   Number         0  libinit.o ABSOLUTE
    ../clib/libinit.s                        0x00000000   Number         0  libinit2.o ABSOLUTE
    ../clib/libinit.s                        0x00000000   Number         0  libshutdown2.o ABSOLUTE
    ../clib/libinit.s                        0x00000000   Number         0  libshutdown.o ABSOLUTE
    ../clib/longlong.s                       0x00000000   Number         0  lludivv7m.o ABSOLUTE
    ../clib/memcpset.s                       0x00000000   Number         0  rt_memclr_w.o ABSOLUTE
    ../clib/misc.s                           0x00000000   Number         0  printf_stubs.o ABSOLUTE
    ../clib/printf.c                         0x00000000   Number         0  _printf_char_file.o ABSOLUTE
    ../clib/printf.c                         0x00000000   Number         0  __printf_flags_wp.o ABSOLUTE
    ../clib/printf.c                         0x00000000   Number         0  _printf_intcommon.o ABSOLUTE
    ../clib/printf.c                         0x00000000   Number         0  __printf_nopercent.o ABSOLUTE
    ../clib/printf.c                         0x00000000   Number         0  __printf_ss_wp.o ABSOLUTE
    ../clib/printf.c                         0x00000000   Number         0  __printf_wp.o ABSOLUTE
    ../clib/printf.c                         0x00000000   Number         0  __printf_flags_ss.o ABSOLUTE
    ../clib/printf.c                         0x00000000   Number         0  __printf_ss.o ABSOLUTE
    ../clib/printf.c                         0x00000000   Number         0  __printf_flags_ss_wp.o ABSOLUTE
    ../clib/printf.c                         0x00000000   Number         0  __printf_flags.o ABSOLUTE
    ../clib/printf.c                         0x00000000   Number         0  _printf_dec.o ABSOLUTE
    ../clib/printf.c                         0x00000000   Number         0  _printf_char_common.o ABSOLUTE
    ../clib/printf.c                         0x00000000   Number         0  _printf_pad.o ABSOLUTE
    ../clib/printf.c                         0x00000000   Number         0  __printf.o ABSOLUTE
    ../clib/printf.c                         0x00000000   Number         0  noretval__2printf.o ABSOLUTE
    ../clib/printf.c                         0x00000000   Number         0  __2printf.o ABSOLUTE
    ../clib/printf_percent.s                 0x00000000   Number         0  _printf_percent_end.o ABSOLUTE
    ../clib/printf_percent.s                 0x00000000   Number         0  _printf_d.o ABSOLUTE
    ../clib/printf_percent.s                 0x00000000   Number         0  _printf_percent.o ABSOLUTE
    ../clib/signal.c                         0x00000000   Number         0  defsig_rtmem_formal.o ABSOLUTE
    ../clib/signal.c                         0x00000000   Number         0  defsig_rtmem_outer.o ABSOLUTE
    ../clib/signal.c                         0x00000000   Number         0  defsig_rtmem_inner.o ABSOLUTE
    ../clib/signal.c                         0x00000000   Number         0  __raise.o ABSOLUTE
    ../clib/signal.c                         0x00000000   Number         0  defsig_general.o ABSOLUTE
    ../clib/signal.c                         0x00000000   Number         0  defsig_fpe_formal.o ABSOLUTE
    ../clib/signal.c                         0x00000000   Number         0  defsig_fpe_outer.o ABSOLUTE
    ../clib/signal.c                         0x00000000   Number         0  defsig_pvfn_inner.o ABSOLUTE
    ../clib/signal.c                         0x00000000   Number         0  defsig_exit.o ABSOLUTE
    ../clib/signal.c                         0x00000000   Number         0  defsig_cppl_inner.o ABSOLUTE
    ../clib/signal.c                         0x00000000   Number         0  defsig_segv_inner.o ABSOLUTE
    ../clib/signal.c                         0x00000000   Number         0  defsig_fpe_inner.o ABSOLUTE
    ../clib/signal.c                         0x00000000   Number         0  defsig_other.o ABSOLUTE
    ../clib/signal.c                         0x00000000   Number         0  defsig_abrt_inner.o ABSOLUTE
    ../clib/signal.c                         0x00000000   Number         0  defsig_rtred_inner.o ABSOLUTE
    ../clib/signal.c                         0x00000000   Number         0  defsig_stak_inner.o ABSOLUTE
    ../clib/signal.s                         0x00000000   Number         0  defsig.o ABSOLUTE
    ../clib/stdio.c                          0x00000000   Number         0  ferror_locked.o ABSOLUTE
    ../clib/stdio.c                          0x00000000   Number         0  ferror.o ABSOLUTE
    ../clib/stdlib.c                         0x00000000   Number         0  exit.o ABSOLUTE
    ../fplib/fpinit.s                        0x00000000   Number         0  fpinit.o ABSOLUTE
    ..\Core\Src\dma.c                        0x00000000   Number         0  dma.o ABSOLUTE
    ..\Core\Src\gpio.c                       0x00000000   Number         0  gpio.o ABSOLUTE
    ..\Core\Src\main.c                       0x00000000   Number         0  main.o ABSOLUTE
    ..\Core\Src\spi.c                        0x00000000   Number         0  spi.o ABSOLUTE
    ..\Core\Src\stm32f4xx_hal_msp.c          0x00000000   Number         0  stm32f4xx_hal_msp.o ABSOLUTE
    ..\Core\Src\stm32f4xx_it.c               0x00000000   Number         0  stm32f4xx_it.o ABSOLUTE
    ..\Core\Src\system_stm32f4xx.c           0x00000000   Number         0  system_stm32f4xx.o ABSOLUTE
    ..\Core\Src\tim.c                        0x00000000   Number         0  tim.o ABSOLUTE
    ..\Core\Src\usart.c                      0x00000000   Number         0  usart.o ABSOLUTE
    ..\Drivers\STM32F4xx_HAL_Driver\Src\stm32f4xx_hal.c 0x00000000   Number         0  stm32f4xx_hal.o ABSOLUTE
    ..\Drivers\STM32F4xx_HAL_Driver\Src\stm32f4xx_hal_cortex.c 0x00000000   Number         0  stm32f4xx_hal_cortex.o ABSOLUTE
    ..\Drivers\STM32F4xx_HAL_Driver\Src\stm32f4xx_hal_dma.c 0x00000000   Number         0  stm32f4xx_hal_dma.o ABSOLUTE
    ..\Drivers\STM32F4xx_HAL_Driver\Src\stm32f4xx_hal_dma_ex.c 0x00000000   Number         0  stm32f4xx_hal_dma_ex.o ABSOLUTE
    ..\Drivers\STM32F4xx_HAL_Driver\Src\stm32f4xx_hal_exti.c 0x00000000   Number         0  stm32f4xx_hal_exti.o ABSOLUTE
    ..\Drivers\STM32F4xx_HAL_Driver\Src\stm32f4xx_hal_flash.c 0x00000000   Number         0  stm32f4xx_hal_flash.o ABSOLUTE
    ..\Drivers\STM32F4xx_HAL_Driver\Src\stm32f4xx_hal_flash_ex.c 0x00000000   Number         0  stm32f4xx_hal_flash_ex.o ABSOLUTE
    ..\Drivers\STM32F4xx_HAL_Driver\Src\stm32f4xx_hal_flash_ramfunc.c 0x00000000   Number         0  stm32f4xx_hal_flash_ramfunc.o ABSOLUTE
    ..\Drivers\STM32F4xx_HAL_Driver\Src\stm32f4xx_hal_gpio.c 0x00000000   Number         0  stm32f4xx_hal_gpio.o ABSOLUTE
    ..\Drivers\STM32F4xx_HAL_Driver\Src\stm32f4xx_hal_pwr.c 0x00000000   Number         0  stm32f4xx_hal_pwr.o ABSOLUTE
    ..\Drivers\STM32F4xx_HAL_Driver\Src\stm32f4xx_hal_pwr_ex.c 0x00000000   Number         0  stm32f4xx_hal_pwr_ex.o ABSOLUTE
    ..\Drivers\STM32F4xx_HAL_Driver\Src\stm32f4xx_hal_rcc.c 0x00000000   Number         0  stm32f4xx_hal_rcc.o ABSOLUTE
    ..\Drivers\STM32F4xx_HAL_Driver\Src\stm32f4xx_hal_rcc_ex.c 0x00000000   Number         0  stm32f4xx_hal_rcc_ex.o ABSOLUTE
    ..\Drivers\STM32F4xx_HAL_Driver\Src\stm32f4xx_hal_spi.c 0x00000000   Number         0  stm32f4xx_hal_spi.o ABSOLUTE
    ..\Drivers\STM32F4xx_HAL_Driver\Src\stm32f4xx_hal_tim.c 0x00000000   Number         0  stm32f4xx_hal_tim.o ABSOLUTE
    ..\Drivers\STM32F4xx_HAL_Driver\Src\stm32f4xx_hal_tim_ex.c 0x00000000   Number         0  stm32f4xx_hal_tim_ex.o ABSOLUTE
    ..\Drivers\STM32F4xx_HAL_Driver\Src\stm32f4xx_hal_uart.c 0x00000000   Number         0  stm32f4xx_hal_uart.o ABSOLUTE
    ..\MY\GUI.c                              0x00000000   Number         0  gui.o ABSOLUTE
    ..\MY\dht11.c                            0x00000000   Number         0  dht11.o ABSOLUTE
    ..\MY\oled.c                             0x00000000   Number         0  oled.o ABSOLUTE
    ..\MY\sgp30.c                            0x00000000   Number         0  sgp30.o ABSOLUTE
    ..\\MY\\GUI.c                            0x00000000   Number         0  gui.o ABSOLUTE
    ..\\MY\\dht11.c                          0x00000000   Number         0  dht11.o ABSOLUTE
    ..\\MY\\oled.c                           0x00000000   Number         0  oled.o ABSOLUTE
    ..\\MY\\sgp30.c                          0x00000000   Number         0  sgp30.o ABSOLUTE
    dc.s                                     0x00000000   Number         0  dc.o ABSOLUTE
    startup_stm32f407xx.s                    0x00000000   Number         0  startup_stm32f407xx.o ABSOLUTE
    RESET                                    0x08000000   Section      392  startup_stm32f407xx.o(RESET)
    !!!main                                  0x08000188   Section        8  __main.o(!!!main)
    !!!scatter                               0x08000190   Section       52  __scatter.o(!!!scatter)
    !!handler_copy                           0x080001c4   Section       26  __scatter_copy.o(!!handler_copy)
    !!handler_zi                             0x080001e0   Section       28  __scatter_zi.o(!!handler_zi)
    .ARM.Collect$$_printf_percent$$00000000  0x080001fc   Section        0  _printf_percent.o(.ARM.Collect$$_printf_percent$$00000000)
    .ARM.Collect$$_printf_percent$$00000009  0x080001fc   Section        6  _printf_d.o(.ARM.Collect$$_printf_percent$$00000009)
    .ARM.Collect$$_printf_percent$$00000017  0x08000202   Section        4  _printf_percent_end.o(.ARM.Collect$$_printf_percent$$00000017)
    .ARM.Collect$$libinit$$00000000          0x08000206   Section        2  libinit.o(.ARM.Collect$$libinit$$00000000)
    .ARM.Collect$$libinit$$00000001          0x08000208   Section        4  libinit2.o(.ARM.Collect$$libinit$$00000001)
    .ARM.Collect$$libinit$$00000004          0x0800020c   Section        0  libinit2.o(.ARM.Collect$$libinit$$00000004)
    .ARM.Collect$$libinit$$0000000A          0x0800020c   Section        0  libinit2.o(.ARM.Collect$$libinit$$0000000A)
    .ARM.Collect$$libinit$$0000000C          0x0800020c   Section        0  libinit2.o(.ARM.Collect$$libinit$$0000000C)
    .ARM.Collect$$libinit$$0000000E          0x0800020c   Section        0  libinit2.o(.ARM.Collect$$libinit$$0000000E)
    .ARM.Collect$$libinit$$00000011          0x0800020c   Section        0  libinit2.o(.ARM.Collect$$libinit$$00000011)
    .ARM.Collect$$libinit$$00000013          0x0800020c   Section        0  libinit2.o(.ARM.Collect$$libinit$$00000013)
    .ARM.Collect$$libinit$$00000015          0x0800020c   Section        0  libinit2.o(.ARM.Collect$$libinit$$00000015)
    .ARM.Collect$$libinit$$00000017          0x0800020c   Section        0  libinit2.o(.ARM.Collect$$libinit$$00000017)
    .ARM.Collect$$libinit$$00000019          0x0800020c   Section        0  libinit2.o(.ARM.Collect$$libinit$$00000019)
    .ARM.Collect$$libinit$$0000001B          0x0800020c   Section        0  libinit2.o(.ARM.Collect$$libinit$$0000001B)
    .ARM.Collect$$libinit$$0000001D          0x0800020c   Section        0  libinit2.o(.ARM.Collect$$libinit$$0000001D)
    .ARM.Collect$$libinit$$0000001F          0x0800020c   Section        0  libinit2.o(.ARM.Collect$$libinit$$0000001F)
    .ARM.Collect$$libinit$$00000021          0x0800020c   Section        0  libinit2.o(.ARM.Collect$$libinit$$00000021)
    .ARM.Collect$$libinit$$00000023          0x0800020c   Section        0  libinit2.o(.ARM.Collect$$libinit$$00000023)
    .ARM.Collect$$libinit$$00000025          0x0800020c   Section        0  libinit2.o(.ARM.Collect$$libinit$$00000025)
    .ARM.Collect$$libinit$$0000002C          0x0800020c   Section        0  libinit2.o(.ARM.Collect$$libinit$$0000002C)
    .ARM.Collect$$libinit$$0000002E          0x0800020c   Section        0  libinit2.o(.ARM.Collect$$libinit$$0000002E)
    .ARM.Collect$$libinit$$00000030          0x0800020c   Section        0  libinit2.o(.ARM.Collect$$libinit$$00000030)
    .ARM.Collect$$libinit$$00000032          0x0800020c   Section        0  libinit2.o(.ARM.Collect$$libinit$$00000032)
    .ARM.Collect$$libinit$$00000033          0x0800020c   Section        2  libinit2.o(.ARM.Collect$$libinit$$00000033)
    .ARM.Collect$$libshutdown$$00000000      0x0800020e   Section        2  libshutdown.o(.ARM.Collect$$libshutdown$$00000000)
    .ARM.Collect$$libshutdown$$00000002      0x08000210   Section        0  libshutdown2.o(.ARM.Collect$$libshutdown$$00000002)
    .ARM.Collect$$libshutdown$$00000004      0x08000210   Section        0  libshutdown2.o(.ARM.Collect$$libshutdown$$00000004)
    .ARM.Collect$$libshutdown$$00000007      0x08000210   Section        0  libshutdown2.o(.ARM.Collect$$libshutdown$$00000007)
    .ARM.Collect$$libshutdown$$0000000A      0x08000210   Section        0  libshutdown2.o(.ARM.Collect$$libshutdown$$0000000A)
    .ARM.Collect$$libshutdown$$0000000C      0x08000210   Section        0  libshutdown2.o(.ARM.Collect$$libshutdown$$0000000C)
    .ARM.Collect$$libshutdown$$0000000F      0x08000210   Section        0  libshutdown2.o(.ARM.Collect$$libshutdown$$0000000F)
    .ARM.Collect$$libshutdown$$00000010      0x08000210   Section        2  libshutdown2.o(.ARM.Collect$$libshutdown$$00000010)
    .ARM.Collect$$rtentry$$00000000          0x08000212   Section        0  __rtentry.o(.ARM.Collect$$rtentry$$00000000)
    .ARM.Collect$$rtentry$$00000002          0x08000212   Section        0  __rtentry2.o(.ARM.Collect$$rtentry$$00000002)
    .ARM.Collect$$rtentry$$00000004          0x08000212   Section        6  __rtentry4.o(.ARM.Collect$$rtentry$$00000004)
    .ARM.Collect$$rtentry$$00000009          0x08000218   Section        0  __rtentry2.o(.ARM.Collect$$rtentry$$00000009)
    .ARM.Collect$$rtentry$$0000000A          0x08000218   Section        4  __rtentry2.o(.ARM.Collect$$rtentry$$0000000A)
    .ARM.Collect$$rtentry$$0000000C          0x0800021c   Section        0  __rtentry2.o(.ARM.Collect$$rtentry$$0000000C)
    .ARM.Collect$$rtentry$$0000000D          0x0800021c   Section        8  __rtentry2.o(.ARM.Collect$$rtentry$$0000000D)
    .ARM.Collect$$rtexit$$00000000           0x08000224   Section        2  rtexit.o(.ARM.Collect$$rtexit$$00000000)
    .ARM.Collect$$rtexit$$00000002           0x08000226   Section        0  rtexit2.o(.ARM.Collect$$rtexit$$00000002)
    .ARM.Collect$$rtexit$$00000003           0x08000226   Section        4  rtexit2.o(.ARM.Collect$$rtexit$$00000003)
    .ARM.Collect$$rtexit$$00000004           0x0800022a   Section        6  rtexit2.o(.ARM.Collect$$rtexit$$00000004)
    .text                                    0x08000230   Section       64  startup_stm32f407xx.o(.text)
    $v0                                      0x08000230   Number         0  startup_stm32f407xx.o(.text)
    .text                                    0x08000270   Section      238  lludivv7m.o(.text)
    .text                                    0x08000360   Section        0  noretval__2printf.o(.text)
    .text                                    0x08000378   Section        0  _printf_pad.o(.text)
    .text                                    0x080003c8   Section        0  _printf_dec.o(.text)
    .text                                    0x08000440   Section        0  __printf_flags_wp.o(.text)
    .text                                    0x08000578   Section       78  rt_memclr_w.o(.text)
    .text                                    0x080005c6   Section        0  heapauxi.o(.text)
    .text                                    0x080005cc   Section        0  _printf_intcommon.o(.text)
    .text                                    0x08000680   Section        0  _printf_char_file.o(.text)
    .text                                    0x080006a4   Section        0  _printf_char_common.o(.text)
    _printf_input_char                       0x080006a5   Thumb Code    10  _printf_char_common.o(.text)
    .text                                    0x080006d4   Section        0  ferror.o(.text)
    .text                                    0x080006dc   Section       74  sys_stackheap_outer.o(.text)
    .text                                    0x08000726   Section        0  exit.o(.text)
    .text                                    0x08000738   Section        8  libspace.o(.text)
    i.BusFault_Handler                       0x08000740   Section        0  stm32f4xx_it.o(i.BusFault_Handler)
    i.DHT11_Check                            0x08000744   Section        0  dht11.o(i.DHT11_Check)
    i.DHT11_IO_IN                            0x080007a0   Section        0  dht11.o(i.DHT11_IO_IN)
    i.DHT11_IO_OUT                           0x080007c0   Section        0  dht11.o(i.DHT11_IO_OUT)
    i.DHT11_Init                             0x080007e4   Section        0  dht11.o(i.DHT11_Init)
    i.DHT11_Read_Bit                         0x080007f4   Section        0  dht11.o(i.DHT11_Read_Bit)
    i.DHT11_Read_Byte                        0x08000850   Section        0  dht11.o(i.DHT11_Read_Byte)
    i.DHT11_Read_Data                        0x0800086a   Section        0  dht11.o(i.DHT11_Read_Data)
    i.DHT11_Rst                              0x080008c4   Section        0  dht11.o(i.DHT11_Rst)
    i.DMA2_Stream2_IRQHandler                0x080008f8   Section        0  stm32f4xx_it.o(i.DMA2_Stream2_IRQHandler)
    i.DMA2_Stream7_IRQHandler                0x08000904   Section        0  stm32f4xx_it.o(i.DMA2_Stream7_IRQHandler)
    i.DMA_CalcBaseAndBitshift                0x08000910   Section        0  stm32f4xx_hal_dma.o(i.DMA_CalcBaseAndBitshift)
    DMA_CalcBaseAndBitshift                  0x08000911   Thumb Code    34  stm32f4xx_hal_dma.o(i.DMA_CalcBaseAndBitshift)
    i.DMA_CheckFifoParam                     0x08000938   Section        0  stm32f4xx_hal_dma.o(i.DMA_CheckFifoParam)
    DMA_CheckFifoParam                       0x08000939   Thumb Code    84  stm32f4xx_hal_dma.o(i.DMA_CheckFifoParam)
    i.DMA_SetConfig                          0x0800098c   Section        0  stm32f4xx_hal_dma.o(i.DMA_SetConfig)
    DMA_SetConfig                            0x0800098d   Thumb Code    40  stm32f4xx_hal_dma.o(i.DMA_SetConfig)
    i.DebugMon_Handler                       0x080009b4   Section        0  stm32f4xx_it.o(i.DebugMon_Handler)
    i.Error_Handler                          0x080009b6   Section        0  main.o(i.Error_Handler)
    i.GUI_DrawFont16                         0x080009bc   Section        0  gui.o(i.GUI_DrawFont16)
    i.HAL_DMA_Abort_IT                       0x08000a84   Section        0  stm32f4xx_hal_dma.o(i.HAL_DMA_Abort_IT)
    i.HAL_DMA_IRQHandler                     0x08000aa8   Section        0  stm32f4xx_hal_dma.o(i.HAL_DMA_IRQHandler)
    i.HAL_DMA_Init                           0x08000c48   Section        0  stm32f4xx_hal_dma.o(i.HAL_DMA_Init)
    i.HAL_DMA_Start_IT                       0x08000d1c   Section        0  stm32f4xx_hal_dma.o(i.HAL_DMA_Start_IT)
    i.HAL_Delay                              0x08000d8c   Section        0  stm32f4xx_hal.o(i.HAL_Delay)
    i.HAL_GPIO_Init                          0x08000db0   Section        0  stm32f4xx_hal_gpio.o(i.HAL_GPIO_Init)
    i.HAL_GPIO_ReadPin                       0x08000f68   Section        0  stm32f4xx_hal_gpio.o(i.HAL_GPIO_ReadPin)
    i.HAL_GPIO_TogglePin                     0x08000f72   Section        0  stm32f4xx_hal_gpio.o(i.HAL_GPIO_TogglePin)
    i.HAL_GPIO_WritePin                      0x08000f80   Section        0  stm32f4xx_hal_gpio.o(i.HAL_GPIO_WritePin)
    i.HAL_GetTick                            0x08000f8c   Section        0  stm32f4xx_hal.o(i.HAL_GetTick)
    i.HAL_IncTick                            0x08000f98   Section        0  stm32f4xx_hal.o(i.HAL_IncTick)
    i.HAL_Init                               0x08000fa8   Section        0  stm32f4xx_hal.o(i.HAL_Init)
    i.HAL_InitTick                           0x08000fdc   Section        0  stm32f4xx_hal.o(i.HAL_InitTick)
    i.HAL_MspInit                            0x0800101c   Section        0  stm32f4xx_hal_msp.o(i.HAL_MspInit)
    i.HAL_NVIC_EnableIRQ                     0x0800104c   Section        0  stm32f4xx_hal_cortex.o(i.HAL_NVIC_EnableIRQ)
    i.HAL_NVIC_SetPriority                   0x08001068   Section        0  stm32f4xx_hal_cortex.o(i.HAL_NVIC_SetPriority)
    i.HAL_NVIC_SetPriorityGrouping           0x080010a8   Section        0  stm32f4xx_hal_cortex.o(i.HAL_NVIC_SetPriorityGrouping)
    i.HAL_RCC_ClockConfig                    0x080010cc   Section        0  stm32f4xx_hal_rcc.o(i.HAL_RCC_ClockConfig)
    i.HAL_RCC_GetPCLK1Freq                   0x08001200   Section        0  stm32f4xx_hal_rcc.o(i.HAL_RCC_GetPCLK1Freq)
    i.HAL_RCC_GetPCLK2Freq                   0x08001220   Section        0  stm32f4xx_hal_rcc.o(i.HAL_RCC_GetPCLK2Freq)
    i.HAL_RCC_GetSysClockFreq                0x08001240   Section        0  stm32f4xx_hal_rcc.o(i.HAL_RCC_GetSysClockFreq)
    i.HAL_RCC_OscConfig                      0x080012a0   Section        0  stm32f4xx_hal_rcc.o(i.HAL_RCC_OscConfig)
    i.HAL_SPI_Init                           0x080015fc   Section        0  stm32f4xx_hal_spi.o(i.HAL_SPI_Init)
    i.HAL_SPI_MspInit                        0x0800167c   Section        0  spi.o(i.HAL_SPI_MspInit)
    i.HAL_SPI_Transmit                       0x0800170c   Section        0  stm32f4xx_hal_spi.o(i.HAL_SPI_Transmit)
    i.HAL_SYSTICK_Config                     0x08001868   Section        0  stm32f4xx_hal_cortex.o(i.HAL_SYSTICK_Config)
    i.HAL_TIMEx_MasterConfigSynchronization  0x08001890   Section        0  stm32f4xx_hal_tim_ex.o(i.HAL_TIMEx_MasterConfigSynchronization)
    i.HAL_TIM_Base_Init                      0x08001920   Section        0  stm32f4xx_hal_tim.o(i.HAL_TIM_Base_Init)
    i.HAL_TIM_Base_MspInit                   0x08001958   Section        0  tim.o(i.HAL_TIM_Base_MspInit)
    i.HAL_TIM_Base_Start                     0x08001980   Section        0  stm32f4xx_hal_tim.o(i.HAL_TIM_Base_Start)
    i.HAL_TIM_Base_Stop                      0x080019a4   Section        0  stm32f4xx_hal_tim.o(i.HAL_TIM_Base_Stop)
    i.HAL_UART_ErrorCallback                 0x080019d0   Section        0  stm32f4xx_hal_uart.o(i.HAL_UART_ErrorCallback)
    i.HAL_UART_IRQHandler                    0x080019d4   Section        0  stm32f4xx_hal_uart.o(i.HAL_UART_IRQHandler)
    i.HAL_UART_Init                          0x08001ae8   Section        0  stm32f4xx_hal_uart.o(i.HAL_UART_Init)
    i.HAL_UART_MspInit                       0x08001b4c   Section        0  usart.o(i.HAL_UART_MspInit)
    i.HAL_UART_Receive_DMA                   0x08001c34   Section        0  stm32f4xx_hal_uart.o(i.HAL_UART_Receive_DMA)
    i.HAL_UART_RxCpltCallback                0x08001ccc   Section        0  main.o(i.HAL_UART_RxCpltCallback)
    i.HAL_UART_RxHalfCpltCallback            0x08001cce   Section        0  stm32f4xx_hal_uart.o(i.HAL_UART_RxHalfCpltCallback)
    i.HAL_UART_TxCpltCallback                0x08001cd0   Section        0  stm32f4xx_hal_uart.o(i.HAL_UART_TxCpltCallback)
    i.HX711_GPIO_Init                        0x08001cd4   Section        0  sgp30.o(i.HX711_GPIO_Init)
    i.HardFault_Handler                      0x08001d14   Section        0  stm32f4xx_it.o(i.HardFault_Handler)
    i.MX_DMA_Init                            0x08001d18   Section        0  dma.o(i.MX_DMA_Init)
    i.MX_GPIO_Init                           0x08001d54   Section        0  gpio.o(i.MX_GPIO_Init)
    i.MX_SPI2_Init                           0x08001e5c   Section        0  spi.o(i.MX_SPI2_Init)
    i.MX_TIM6_Init                           0x08001ea0   Section        0  tim.o(i.MX_TIM6_Init)
    i.MX_USART1_UART_Init                    0x08001ee4   Section        0  usart.o(i.MX_USART1_UART_Init)
    i.MemManage_Handler                      0x08001f1c   Section        0  stm32f4xx_it.o(i.MemManage_Handler)
    i.NMI_Handler                            0x08001f1e   Section        0  stm32f4xx_it.o(i.NMI_Handler)
    i.OLED_Clear                             0x08001f20   Section        0  oled.o(i.OLED_Clear)
    i.OLED_Init                              0x08001f5c   Section        0  oled.o(i.OLED_Init)
    i.OLED_Set_Pos                           0x08002080   Section        0  oled.o(i.OLED_Set_Pos)
    i.OLED_ShowChar                          0x080020ac   Section        0  gui.o(i.OLED_ShowChar)
    i.OLED_ShowNum                           0x08002154   Section        0  gui.o(i.OLED_ShowNum)
    i.OLED_WR_Byte                           0x080021bc   Section        0  oled.o(i.OLED_WR_Byte)
    i.PendSV_Handler                         0x08002200   Section        0  stm32f4xx_it.o(i.PendSV_Handler)
    i.SDA_IN                                 0x08002204   Section        0  sgp30.o(i.SDA_IN)
    i.SDA_OUT                                0x08002224   Section        0  sgp30.o(i.SDA_OUT)
    i.SGP30_IIC_Ack                          0x08002244   Section        0  sgp30.o(i.SGP30_IIC_Ack)
    i.SGP30_IIC_NAck                         0x08002288   Section        0  sgp30.o(i.SGP30_IIC_NAck)
    i.SGP30_IIC_Read_Byte                    0x080022cc   Section        0  sgp30.o(i.SGP30_IIC_Read_Byte)
    i.SGP30_IIC_Send_Byte                    0x08002334   Section        0  sgp30.o(i.SGP30_IIC_Send_Byte)
    i.SGP30_IIC_Start                        0x0800239c   Section        0  sgp30.o(i.SGP30_IIC_Start)
    i.SGP30_IIC_Stop                         0x080023e0   Section        0  sgp30.o(i.SGP30_IIC_Stop)
    i.SGP30_IIC_Wait_Ack                     0x08002424   Section        0  sgp30.o(i.SGP30_IIC_Wait_Ack)
    i.SGP30_Init                             0x08002480   Section        0  sgp30.o(i.SGP30_Init)
    i.SGP30_Read                             0x08002492   Section        0  sgp30.o(i.SGP30_Read)
    i.SGP30_Write                            0x080024d4   Section        0  sgp30.o(i.SGP30_Write)
    i.SPI_EndRxTxTransaction                 0x0800250c   Section        0  stm32f4xx_hal_spi.o(i.SPI_EndRxTxTransaction)
    SPI_EndRxTxTransaction                   0x0800250d   Thumb Code    80  stm32f4xx_hal_spi.o(i.SPI_EndRxTxTransaction)
    i.SPI_WaitFlagStateUntilTimeout          0x08002564   Section        0  stm32f4xx_hal_spi.o(i.SPI_WaitFlagStateUntilTimeout)
    SPI_WaitFlagStateUntilTimeout            0x08002565   Thumb Code   148  stm32f4xx_hal_spi.o(i.SPI_WaitFlagStateUntilTimeout)
    i.SVC_Handler                            0x080025f8   Section        0  stm32f4xx_it.o(i.SVC_Handler)
    i.Show_Str                               0x080025fc   Section        0  gui.o(i.Show_Str)
    i.SysTick_Handler                        0x08002668   Section        0  stm32f4xx_it.o(i.SysTick_Handler)
    i.SystemClock_Config                     0x0800266c   Section        0  main.o(i.SystemClock_Config)
    i.SystemInit                             0x08002700   Section        0  system_stm32f4xx.o(i.SystemInit)
    i.TIM_Base_SetConfig                     0x0800271c   Section        0  stm32f4xx_hal_tim.o(i.TIM_Base_SetConfig)
    i.UART_DMAAbortOnError                   0x080027e4   Section        0  stm32f4xx_hal_uart.o(i.UART_DMAAbortOnError)
    UART_DMAAbortOnError                     0x080027e5   Thumb Code    16  stm32f4xx_hal_uart.o(i.UART_DMAAbortOnError)
    i.UART_DMAError                          0x080027f4   Section        0  stm32f4xx_hal_uart.o(i.UART_DMAError)
    UART_DMAError                            0x080027f5   Thumb Code    74  stm32f4xx_hal_uart.o(i.UART_DMAError)
    i.UART_DMAReceiveCplt                    0x0800283e   Section        0  stm32f4xx_hal_uart.o(i.UART_DMAReceiveCplt)
    UART_DMAReceiveCplt                      0x0800283f   Thumb Code    60  stm32f4xx_hal_uart.o(i.UART_DMAReceiveCplt)
    i.UART_DMARxHalfCplt                     0x0800287a   Section        0  stm32f4xx_hal_uart.o(i.UART_DMARxHalfCplt)
    UART_DMARxHalfCplt                       0x0800287b   Thumb Code    10  stm32f4xx_hal_uart.o(i.UART_DMARxHalfCplt)
    i.UART_EndRxTransfer                     0x08002884   Section        0  stm32f4xx_hal_uart.o(i.UART_EndRxTransfer)
    UART_EndRxTransfer                       0x08002885   Thumb Code    28  stm32f4xx_hal_uart.o(i.UART_EndRxTransfer)
    i.UART_EndTxTransfer                     0x080028a0   Section        0  stm32f4xx_hal_uart.o(i.UART_EndTxTransfer)
    UART_EndTxTransfer                       0x080028a1   Thumb Code    18  stm32f4xx_hal_uart.o(i.UART_EndTxTransfer)
    i.UART_Receive_IT                        0x080028b2   Section        0  stm32f4xx_hal_uart.o(i.UART_Receive_IT)
    UART_Receive_IT                          0x080028b3   Thumb Code   150  stm32f4xx_hal_uart.o(i.UART_Receive_IT)
    i.UART_SetConfig                         0x08002948   Section        0  stm32f4xx_hal_uart.o(i.UART_SetConfig)
    UART_SetConfig                           0x08002949   Thumb Code   286  stm32f4xx_hal_uart.o(i.UART_SetConfig)
    i.UART_Transmit_IT                       0x08002a70   Section        0  stm32f4xx_hal_uart.o(i.UART_Transmit_IT)
    UART_Transmit_IT                         0x08002a71   Thumb Code    98  stm32f4xx_hal_uart.o(i.UART_Transmit_IT)
    i.USART1_IRQHandler                      0x08002ad4   Section        0  stm32f4xx_it.o(i.USART1_IRQHandler)
    i.UsageFault_Handler                     0x08002ae0   Section        0  stm32f4xx_it.o(i.UsageFault_Handler)
    i.__NVIC_SetPriority                     0x08002ae2   Section        0  stm32f4xx_hal_cortex.o(i.__NVIC_SetPriority)
    __NVIC_SetPriority                       0x08002ae3   Thumb Code    32  stm32f4xx_hal_cortex.o(i.__NVIC_SetPriority)
    i._is_digit                              0x08002b02   Section        0  __printf_wp.o(i._is_digit)
    i._sys_exit                              0x08002b10   Section        0  usart.o(i._sys_exit)
    i.delay_us                               0x08002b14   Section        0  tim.o(i.delay_us)
    i.fputc                                  0x08002b48   Section        0  usart.o(i.fputc)
    i.main                                   0x08002b5c   Section        0  main.o(i.main)
    i.oled_pow                               0x08002d7c   Section        0  gui.o(i.oled_pow)
    x$fpl$fpinit                             0x08002d8c   Section       10  fpinit.o(x$fpl$fpinit)
    $v0                                      0x08002d8c   Number         0  fpinit.o(x$fpl$fpinit)
    .constdata                               0x08002d96   Section     2642  gui.o(.constdata)
    .constdata                               0x080037e8   Section        8  stm32f4xx_hal_dma.o(.constdata)
    flagBitshiftOffset                       0x080037e8   Data           8  stm32f4xx_hal_dma.o(.constdata)
    .constdata                               0x080037f0   Section       16  system_stm32f4xx.o(.constdata)
    .constdata                               0x08003800   Section        8  system_stm32f4xx.o(.constdata)
    .constdata                               0x08003808   Section       17  __printf_flags_wp.o(.constdata)
    maptable                                 0x08003808   Data          17  __printf_flags_wp.o(.constdata)
    .data                                    0x20000000   Section       12  main.o(.data)
    .data                                    0x2000000c   Section        4  usart.o(.data)
    .data                                    0x20000010   Section       12  stm32f4xx_hal.o(.data)
    .data                                    0x2000001c   Section        4  system_stm32f4xx.o(.data)
    .bss                                     0x20000020   Section       88  spi.o(.bss)
    .bss                                     0x20000078   Section       64  tim.o(.bss)
    .bss                                     0x200000b8   Section      256  usart.o(.bss)
    .bss                                     0x200001b8   Section       96  libspace.o(.bss)
    HEAP                                     0x20000218   Section      512  startup_stm32f407xx.o(HEAP)
    Heap_Mem                                 0x20000218   Data         512  startup_stm32f407xx.o(HEAP)
    STACK                                    0x20000418   Section     1024  startup_stm32f407xx.o(STACK)
    Stack_Mem                                0x20000418   Data        1024  startup_stm32f407xx.o(STACK)
    __initial_sp                             0x20000818   Data           0  startup_stm32f407xx.o(STACK)

    Global Symbols

    Symbol Name                              Value     Ov Type        Size  Object(Section)

    BuildAttributes$$THM_ISAv4$E$P$D$K$B$S$7EM$VFPi3$EXTD16$VFPS$VFMA$PE$A:L22UL41UL21$X:L11$S22US41US21$IEEE1$IW$USESV6$~STKCKD$USESV7$~SHL$OSPACE$ROPI$EBA8$UX$STANDARDLIB$REQ8$PRES8$EABIv2 0x00000000   Number         0  anon$$obj.o ABSOLUTE
    __ARM_use_no_argv                        0x00000000   Number         0  main.o ABSOLUTE
    _printf_flags                            0x00000000   Number         0  printf_stubs.o ABSOLUTE
    _printf_return_value                     0x00000000   Number         0  printf_stubs.o ABSOLUTE
    _printf_sizespec                         0x00000000   Number         0  printf_stubs.o ABSOLUTE
    _printf_widthprec                        0x00000000   Number         0  printf_stubs.o ABSOLUTE
    __ARM_exceptions_init                     - Undefined Weak Reference
    __alloca_initialize                       - Undefined Weak Reference
    __arm_preinit_                            - Undefined Weak Reference
    __cpp_initialize__aeabi_                  - Undefined Weak Reference
    __cxa_finalize                            - Undefined Weak Reference
    __rt_locale                               - Undefined Weak Reference
    __sigvec_lookup                           - Undefined Weak Reference
    _atexit_init                              - Undefined Weak Reference
    _call_atexit_fns                          - Undefined Weak Reference
    _clock_init                               - Undefined Weak Reference
    _fp_trap_init                             - Undefined Weak Reference
    _fp_trap_shutdown                         - Undefined Weak Reference
    _get_lc_collate                           - Undefined Weak Reference
    _get_lc_ctype                             - Undefined Weak Reference
    _get_lc_monetary                          - Undefined Weak Reference
    _get_lc_numeric                           - Undefined Weak Reference
    _get_lc_time                              - Undefined Weak Reference
    _getenv_init                              - Undefined Weak Reference
    _handle_redirection                       - Undefined Weak Reference
    _init_alloc                               - Undefined Weak Reference
    _init_user_alloc                          - Undefined Weak Reference
    _initio                                   - Undefined Weak Reference
    _mutex_acquire                            - Undefined Weak Reference
    _mutex_release                            - Undefined Weak Reference
    _printf_truncate_signed                   - Undefined Weak Reference
    _printf_truncate_unsigned                 - Undefined Weak Reference
    _rand_init                                - Undefined Weak Reference
    _signal_finish                            - Undefined Weak Reference
    _signal_init                              - Undefined Weak Reference
    _terminate_alloc                          - Undefined Weak Reference
    _terminate_user_alloc                     - Undefined Weak Reference
    _terminateio                              - Undefined Weak Reference
    __Vectors_Size                           0x00000188   Number         0  startup_stm32f407xx.o ABSOLUTE
    __Vectors                                0x08000000   Data           4  startup_stm32f407xx.o(RESET)
    __Vectors_End                            0x08000188   Data           0  startup_stm32f407xx.o(RESET)
    __main                                   0x08000189   Thumb Code     8  __main.o(!!!main)
    __scatterload                            0x08000191   Thumb Code     0  __scatter.o(!!!scatter)
    __scatterload_rt2                        0x08000191   Thumb Code    44  __scatter.o(!!!scatter)
    __scatterload_rt2_thumb_only             0x08000191   Thumb Code     0  __scatter.o(!!!scatter)
    __scatterload_null                       0x0800019f   Thumb Code     0  __scatter.o(!!!scatter)
    __scatterload_copy                       0x080001c5   Thumb Code    26  __scatter_copy.o(!!handler_copy)
    __scatterload_zeroinit                   0x080001e1   Thumb Code    28  __scatter_zi.o(!!handler_zi)
    _printf_d                                0x080001fd   Thumb Code     0  _printf_d.o(.ARM.Collect$$_printf_percent$$00000009)
    _printf_percent                          0x080001fd   Thumb Code     0  _printf_percent.o(.ARM.Collect$$_printf_percent$$00000000)
    _printf_percent_end                      0x08000203   Thumb Code     0  _printf_percent_end.o(.ARM.Collect$$_printf_percent$$00000017)
    __rt_lib_init                            0x08000207   Thumb Code     0  libinit.o(.ARM.Collect$$libinit$$00000000)
    __rt_lib_init_fp_1                       0x08000209   Thumb Code     0  libinit2.o(.ARM.Collect$$libinit$$00000001)
    __rt_lib_init_alloca_1                   0x0800020d   Thumb Code     0  libinit2.o(.ARM.Collect$$libinit$$0000002E)
    __rt_lib_init_argv_1                     0x0800020d   Thumb Code     0  libinit2.o(.ARM.Collect$$libinit$$0000002C)
    __rt_lib_init_atexit_1                   0x0800020d   Thumb Code     0  libinit2.o(.ARM.Collect$$libinit$$0000001B)
    __rt_lib_init_clock_1                    0x0800020d   Thumb Code     0  libinit2.o(.ARM.Collect$$libinit$$00000021)
    __rt_lib_init_cpp_1                      0x0800020d   Thumb Code     0  libinit2.o(.ARM.Collect$$libinit$$00000032)
    __rt_lib_init_exceptions_1               0x0800020d   Thumb Code     0  libinit2.o(.ARM.Collect$$libinit$$00000030)
    __rt_lib_init_fp_trap_1                  0x0800020d   Thumb Code     0  libinit2.o(.ARM.Collect$$libinit$$0000001F)
    __rt_lib_init_getenv_1                   0x0800020d   Thumb Code     0  libinit2.o(.ARM.Collect$$libinit$$00000023)
    __rt_lib_init_heap_1                     0x0800020d   Thumb Code     0  libinit2.o(.ARM.Collect$$libinit$$0000000A)
    __rt_lib_init_lc_collate_1               0x0800020d   Thumb Code     0  libinit2.o(.ARM.Collect$$libinit$$00000011)
    __rt_lib_init_lc_ctype_1                 0x0800020d   Thumb Code     0  libinit2.o(.ARM.Collect$$libinit$$00000013)
    __rt_lib_init_lc_monetary_1              0x0800020d   Thumb Code     0  libinit2.o(.ARM.Collect$$libinit$$00000015)
    __rt_lib_init_lc_numeric_1               0x0800020d   Thumb Code     0  libinit2.o(.ARM.Collect$$libinit$$00000017)
    __rt_lib_init_lc_time_1                  0x0800020d   Thumb Code     0  libinit2.o(.ARM.Collect$$libinit$$00000019)
    __rt_lib_init_preinit_1                  0x0800020d   Thumb Code     0  libinit2.o(.ARM.Collect$$libinit$$00000004)
    __rt_lib_init_rand_1                     0x0800020d   Thumb Code     0  libinit2.o(.ARM.Collect$$libinit$$0000000E)
    __rt_lib_init_return                     0x0800020d   Thumb Code     0  libinit2.o(.ARM.Collect$$libinit$$00000033)
    __rt_lib_init_signal_1                   0x0800020d   Thumb Code     0  libinit2.o(.ARM.Collect$$libinit$$0000001D)
    __rt_lib_init_stdio_1                    0x0800020d   Thumb Code     0  libinit2.o(.ARM.Collect$$libinit$$00000025)
    __rt_lib_init_user_alloc_1               0x0800020d   Thumb Code     0  libinit2.o(.ARM.Collect$$libinit$$0000000C)
    __rt_lib_shutdown                        0x0800020f   Thumb Code     0  libshutdown.o(.ARM.Collect$$libshutdown$$00000000)
    __rt_lib_shutdown_cpp_1                  0x08000211   Thumb Code     0  libshutdown2.o(.ARM.Collect$$libshutdown$$00000002)
    __rt_lib_shutdown_fp_trap_1              0x08000211   Thumb Code     0  libshutdown2.o(.ARM.Collect$$libshutdown$$00000007)
    __rt_lib_shutdown_heap_1                 0x08000211   Thumb Code     0  libshutdown2.o(.ARM.Collect$$libshutdown$$0000000F)
    __rt_lib_shutdown_return                 0x08000211   Thumb Code     0  libshutdown2.o(.ARM.Collect$$libshutdown$$00000010)
    __rt_lib_shutdown_signal_1               0x08000211   Thumb Code     0  libshutdown2.o(.ARM.Collect$$libshutdown$$0000000A)
    __rt_lib_shutdown_stdio_1                0x08000211   Thumb Code     0  libshutdown2.o(.ARM.Collect$$libshutdown$$00000004)
    __rt_lib_shutdown_user_alloc_1           0x08000211   Thumb Code     0  libshutdown2.o(.ARM.Collect$$libshutdown$$0000000C)
    __rt_entry                               0x08000213   Thumb Code     0  __rtentry.o(.ARM.Collect$$rtentry$$00000000)
    __rt_entry_presh_1                       0x08000213   Thumb Code     0  __rtentry2.o(.ARM.Collect$$rtentry$$00000002)
    __rt_entry_sh                            0x08000213   Thumb Code     0  __rtentry4.o(.ARM.Collect$$rtentry$$00000004)
    __rt_entry_li                            0x08000219   Thumb Code     0  __rtentry2.o(.ARM.Collect$$rtentry$$0000000A)
    __rt_entry_postsh_1                      0x08000219   Thumb Code     0  __rtentry2.o(.ARM.Collect$$rtentry$$00000009)
    __rt_entry_main                          0x0800021d   Thumb Code     0  __rtentry2.o(.ARM.Collect$$rtentry$$0000000D)
    __rt_entry_postli_1                      0x0800021d   Thumb Code     0  __rtentry2.o(.ARM.Collect$$rtentry$$0000000C)
    __rt_exit                                0x08000225   Thumb Code     0  rtexit.o(.ARM.Collect$$rtexit$$00000000)
    __rt_exit_ls                             0x08000227   Thumb Code     0  rtexit2.o(.ARM.Collect$$rtexit$$00000003)
    __rt_exit_prels_1                        0x08000227   Thumb Code     0  rtexit2.o(.ARM.Collect$$rtexit$$00000002)
    __rt_exit_exit                           0x0800022b   Thumb Code     0  rtexit2.o(.ARM.Collect$$rtexit$$00000004)
    Reset_Handler                            0x08000231   Thumb Code     8  startup_stm32f407xx.o(.text)
    ADC_IRQHandler                           0x0800024b   Thumb Code     0  startup_stm32f407xx.o(.text)
    CAN1_RX0_IRQHandler                      0x0800024b   Thumb Code     0  startup_stm32f407xx.o(.text)
    CAN1_RX1_IRQHandler                      0x0800024b   Thumb Code     0  startup_stm32f407xx.o(.text)
    CAN1_SCE_IRQHandler                      0x0800024b   Thumb Code     0  startup_stm32f407xx.o(.text)
    CAN1_TX_IRQHandler                       0x0800024b   Thumb Code     0  startup_stm32f407xx.o(.text)
    CAN2_RX0_IRQHandler                      0x0800024b   Thumb Code     0  startup_stm32f407xx.o(.text)
    CAN2_RX1_IRQHandler                      0x0800024b   Thumb Code     0  startup_stm32f407xx.o(.text)
    CAN2_SCE_IRQHandler                      0x0800024b   Thumb Code     0  startup_stm32f407xx.o(.text)
    CAN2_TX_IRQHandler                       0x0800024b   Thumb Code     0  startup_stm32f407xx.o(.text)
    DCMI_IRQHandler                          0x0800024b   Thumb Code     0  startup_stm32f407xx.o(.text)
    DMA1_Stream0_IRQHandler                  0x0800024b   Thumb Code     0  startup_stm32f407xx.o(.text)
    DMA1_Stream1_IRQHandler                  0x0800024b   Thumb Code     0  startup_stm32f407xx.o(.text)
    DMA1_Stream2_IRQHandler                  0x0800024b   Thumb Code     0  startup_stm32f407xx.o(.text)
    DMA1_Stream3_IRQHandler                  0x0800024b   Thumb Code     0  startup_stm32f407xx.o(.text)
    DMA1_Stream4_IRQHandler                  0x0800024b   Thumb Code     0  startup_stm32f407xx.o(.text)
    DMA1_Stream5_IRQHandler                  0x0800024b   Thumb Code     0  startup_stm32f407xx.o(.text)
    DMA1_Stream6_IRQHandler                  0x0800024b   Thumb Code     0  startup_stm32f407xx.o(.text)
    DMA1_Stream7_IRQHandler                  0x0800024b   Thumb Code     0  startup_stm32f407xx.o(.text)
    DMA2_Stream0_IRQHandler                  0x0800024b   Thumb Code     0  startup_stm32f407xx.o(.text)
    DMA2_Stream1_IRQHandler                  0x0800024b   Thumb Code     0  startup_stm32f407xx.o(.text)
    DMA2_Stream3_IRQHandler                  0x0800024b   Thumb Code     0  startup_stm32f407xx.o(.text)
    DMA2_Stream4_IRQHandler                  0x0800024b   Thumb Code     0  startup_stm32f407xx.o(.text)
    DMA2_Stream5_IRQHandler                  0x0800024b   Thumb Code     0  startup_stm32f407xx.o(.text)
    DMA2_Stream6_IRQHandler                  0x0800024b   Thumb Code     0  startup_stm32f407xx.o(.text)
    ETH_IRQHandler                           0x0800024b   Thumb Code     0  startup_stm32f407xx.o(.text)
    ETH_WKUP_IRQHandler                      0x0800024b   Thumb Code     0  startup_stm32f407xx.o(.text)
    EXTI0_IRQHandler                         0x0800024b   Thumb Code     0  startup_stm32f407xx.o(.text)
    EXTI15_10_IRQHandler                     0x0800024b   Thumb Code     0  startup_stm32f407xx.o(.text)
    EXTI1_IRQHandler                         0x0800024b   Thumb Code     0  startup_stm32f407xx.o(.text)
    EXTI2_IRQHandler                         0x0800024b   Thumb Code     0  startup_stm32f407xx.o(.text)
    EXTI3_IRQHandler                         0x0800024b   Thumb Code     0  startup_stm32f407xx.o(.text)
    EXTI4_IRQHandler                         0x0800024b   Thumb Code     0  startup_stm32f407xx.o(.text)
    EXTI9_5_IRQHandler                       0x0800024b   Thumb Code     0  startup_stm32f407xx.o(.text)
    FLASH_IRQHandler                         0x0800024b   Thumb Code     0  startup_stm32f407xx.o(.text)
    FMC_IRQHandler                           0x0800024b   Thumb Code     0  startup_stm32f407xx.o(.text)
    FPU_IRQHandler                           0x0800024b   Thumb Code     0  startup_stm32f407xx.o(.text)
    HASH_RNG_IRQHandler                      0x0800024b   Thumb Code     0  startup_stm32f407xx.o(.text)
    I2C1_ER_IRQHandler                       0x0800024b   Thumb Code     0  startup_stm32f407xx.o(.text)
    I2C1_EV_IRQHandler                       0x0800024b   Thumb Code     0  startup_stm32f407xx.o(.text)
    I2C2_ER_IRQHandler                       0x0800024b   Thumb Code     0  startup_stm32f407xx.o(.text)
    I2C2_EV_IRQHandler                       0x0800024b   Thumb Code     0  startup_stm32f407xx.o(.text)
    I2C3_ER_IRQHandler                       0x0800024b   Thumb Code     0  startup_stm32f407xx.o(.text)
    I2C3_EV_IRQHandler                       0x0800024b   Thumb Code     0  startup_stm32f407xx.o(.text)
    OTG_FS_IRQHandler                        0x0800024b   Thumb Code     0  startup_stm32f407xx.o(.text)
    OTG_FS_WKUP_IRQHandler                   0x0800024b   Thumb Code     0  startup_stm32f407xx.o(.text)
    OTG_HS_EP1_IN_IRQHandler                 0x0800024b   Thumb Code     0  startup_stm32f407xx.o(.text)
    OTG_HS_EP1_OUT_IRQHandler                0x0800024b   Thumb Code     0  startup_stm32f407xx.o(.text)
    OTG_HS_IRQHandler                        0x0800024b   Thumb Code     0  startup_stm32f407xx.o(.text)
    OTG_HS_WKUP_IRQHandler                   0x0800024b   Thumb Code     0  startup_stm32f407xx.o(.text)
    PVD_IRQHandler                           0x0800024b   Thumb Code     0  startup_stm32f407xx.o(.text)
    RCC_IRQHandler                           0x0800024b   Thumb Code     0  startup_stm32f407xx.o(.text)
    RTC_Alarm_IRQHandler                     0x0800024b   Thumb Code     0  startup_stm32f407xx.o(.text)
    RTC_WKUP_IRQHandler                      0x0800024b   Thumb Code     0  startup_stm32f407xx.o(.text)
    SDIO_IRQHandler                          0x0800024b   Thumb Code     0  startup_stm32f407xx.o(.text)
    SPI1_IRQHandler                          0x0800024b   Thumb Code     0  startup_stm32f407xx.o(.text)
    SPI2_IRQHandler                          0x0800024b   Thumb Code     0  startup_stm32f407xx.o(.text)
    SPI3_IRQHandler                          0x0800024b   Thumb Code     0  startup_stm32f407xx.o(.text)
    TAMP_STAMP_IRQHandler                    0x0800024b   Thumb Code     0  startup_stm32f407xx.o(.text)
    TIM1_BRK_TIM9_IRQHandler                 0x0800024b   Thumb Code     0  startup_stm32f407xx.o(.text)
    TIM1_CC_IRQHandler                       0x0800024b   Thumb Code     0  startup_stm32f407xx.o(.text)
    TIM1_TRG_COM_TIM11_IRQHandler            0x0800024b   Thumb Code     0  startup_stm32f407xx.o(.text)
    TIM1_UP_TIM10_IRQHandler                 0x0800024b   Thumb Code     0  startup_stm32f407xx.o(.text)
    TIM2_IRQHandler                          0x0800024b   Thumb Code     0  startup_stm32f407xx.o(.text)
    TIM3_IRQHandler                          0x0800024b   Thumb Code     0  startup_stm32f407xx.o(.text)
    TIM4_IRQHandler                          0x0800024b   Thumb Code     0  startup_stm32f407xx.o(.text)
    TIM5_IRQHandler                          0x0800024b   Thumb Code     0  startup_stm32f407xx.o(.text)
    TIM6_DAC_IRQHandler                      0x0800024b   Thumb Code     0  startup_stm32f407xx.o(.text)
    TIM7_IRQHandler                          0x0800024b   Thumb Code     0  startup_stm32f407xx.o(.text)
    TIM8_BRK_TIM12_IRQHandler                0x0800024b   Thumb Code     0  startup_stm32f407xx.o(.text)
    TIM8_CC_IRQHandler                       0x0800024b   Thumb Code     0  startup_stm32f407xx.o(.text)
    TIM8_TRG_COM_TIM14_IRQHandler            0x0800024b   Thumb Code     0  startup_stm32f407xx.o(.text)
    TIM8_UP_TIM13_IRQHandler                 0x0800024b   Thumb Code     0  startup_stm32f407xx.o(.text)
    UART4_IRQHandler                         0x0800024b   Thumb Code     0  startup_stm32f407xx.o(.text)
    UART5_IRQHandler                         0x0800024b   Thumb Code     0  startup_stm32f407xx.o(.text)
    USART2_IRQHandler                        0x0800024b   Thumb Code     0  startup_stm32f407xx.o(.text)
    USART3_IRQHandler                        0x0800024b   Thumb Code     0  startup_stm32f407xx.o(.text)
    USART6_IRQHandler                        0x0800024b   Thumb Code     0  startup_stm32f407xx.o(.text)
    WWDG_IRQHandler                          0x0800024b   Thumb Code     0  startup_stm32f407xx.o(.text)
    __user_initial_stackheap                 0x0800024d   Thumb Code     0  startup_stm32f407xx.o(.text)
    __aeabi_uldivmod                         0x08000271   Thumb Code     0  lludivv7m.o(.text)
    _ll_udiv                                 0x08000271   Thumb Code   238  lludivv7m.o(.text)
    __2printf                                0x08000361   Thumb Code    20  noretval__2printf.o(.text)
    _printf_pre_padding                      0x08000379   Thumb Code    44  _printf_pad.o(.text)
    _printf_post_padding                     0x080003a5   Thumb Code    34  _printf_pad.o(.text)
    _printf_int_dec                          0x080003c9   Thumb Code   104  _printf_dec.o(.text)
    __printf                                 0x08000441   Thumb Code   308  __printf_flags_wp.o(.text)
    __aeabi_memclr4                          0x08000579   Thumb Code     0  rt_memclr_w.o(.text)
    __aeabi_memclr8                          0x08000579   Thumb Code     0  rt_memclr_w.o(.text)
    __rt_memclr_w                            0x08000579   Thumb Code    78  rt_memclr_w.o(.text)
    _memset_w                                0x0800057d   Thumb Code     0  rt_memclr_w.o(.text)
    __use_two_region_memory                  0x080005c7   Thumb Code     2  heapauxi.o(.text)
    __rt_heap_escrow$2region                 0x080005c9   Thumb Code     2  heapauxi.o(.text)
    __rt_heap_expand$2region                 0x080005cb   Thumb Code     2  heapauxi.o(.text)
    _printf_int_common                       0x080005cd   Thumb Code   178  _printf_intcommon.o(.text)
    _printf_char_file                        0x08000681   Thumb Code    32  _printf_char_file.o(.text)
    _printf_char_common                      0x080006af   Thumb Code    32  _printf_char_common.o(.text)
    ferror                                   0x080006d5   Thumb Code     8  ferror.o(.text)
    __user_setup_stackheap                   0x080006dd   Thumb Code    74  sys_stackheap_outer.o(.text)
    exit                                     0x08000727   Thumb Code    18  exit.o(.text)
    __user_libspace                          0x08000739   Thumb Code     8  libspace.o(.text)
    __user_perproc_libspace                  0x08000739   Thumb Code     0  libspace.o(.text)
    __user_perthread_libspace                0x08000739   Thumb Code     0  libspace.o(.text)
    BusFault_Handler                         0x08000741   Thumb Code     2  stm32f4xx_it.o(i.BusFault_Handler)
    DHT11_Check                              0x08000745   Thumb Code    88  dht11.o(i.DHT11_Check)
    DHT11_IO_IN                              0x080007a1   Thumb Code    26  dht11.o(i.DHT11_IO_IN)
    DHT11_IO_OUT                             0x080007c1   Thumb Code    30  dht11.o(i.DHT11_IO_OUT)
    DHT11_Init                               0x080007e5   Thumb Code    14  dht11.o(i.DHT11_Init)
    DHT11_Read_Bit                           0x080007f5   Thumb Code    86  dht11.o(i.DHT11_Read_Bit)
    DHT11_Read_Byte                          0x08000851   Thumb Code    26  dht11.o(i.DHT11_Read_Byte)
    DHT11_Read_Data                          0x0800086b   Thumb Code    88  dht11.o(i.DHT11_Read_Data)
    DHT11_Rst                                0x080008c5   Thumb Code    48  dht11.o(i.DHT11_Rst)
    DMA2_Stream2_IRQHandler                  0x080008f9   Thumb Code     6  stm32f4xx_it.o(i.DMA2_Stream2_IRQHandler)
    DMA2_Stream7_IRQHandler                  0x08000905   Thumb Code     6  stm32f4xx_it.o(i.DMA2_Stream7_IRQHandler)
    DebugMon_Handler                         0x080009b5   Thumb Code     2  stm32f4xx_it.o(i.DebugMon_Handler)
    Error_Handler                            0x080009b7   Thumb Code     4  main.o(i.Error_Handler)
    GUI_DrawFont16                           0x080009bd   Thumb Code   196  gui.o(i.GUI_DrawFont16)
    HAL_DMA_Abort_IT                         0x08000a85   Thumb Code    36  stm32f4xx_hal_dma.o(i.HAL_DMA_Abort_IT)
    HAL_DMA_IRQHandler                       0x08000aa9   Thumb Code   412  stm32f4xx_hal_dma.o(i.HAL_DMA_IRQHandler)
    HAL_DMA_Init                             0x08000c49   Thumb Code   206  stm32f4xx_hal_dma.o(i.HAL_DMA_Init)
    HAL_DMA_Start_IT                         0x08000d1d   Thumb Code   110  stm32f4xx_hal_dma.o(i.HAL_DMA_Start_IT)
    HAL_Delay                                0x08000d8d   Thumb Code    32  stm32f4xx_hal.o(i.HAL_Delay)
    HAL_GPIO_Init                            0x08000db1   Thumb Code   394  stm32f4xx_hal_gpio.o(i.HAL_GPIO_Init)
    HAL_GPIO_ReadPin                         0x08000f69   Thumb Code    10  stm32f4xx_hal_gpio.o(i.HAL_GPIO_ReadPin)
    HAL_GPIO_TogglePin                       0x08000f73   Thumb Code    14  stm32f4xx_hal_gpio.o(i.HAL_GPIO_TogglePin)
    HAL_GPIO_WritePin                        0x08000f81   Thumb Code    10  stm32f4xx_hal_gpio.o(i.HAL_GPIO_WritePin)
    HAL_GetTick                              0x08000f8d   Thumb Code     6  stm32f4xx_hal.o(i.HAL_GetTick)
    HAL_IncTick                              0x08000f99   Thumb Code    12  stm32f4xx_hal.o(i.HAL_IncTick)
    HAL_Init                                 0x08000fa9   Thumb Code    48  stm32f4xx_hal.o(i.HAL_Init)
    HAL_InitTick                             0x08000fdd   Thumb Code    54  stm32f4xx_hal.o(i.HAL_InitTick)
    HAL_MspInit                              0x0800101d   Thumb Code    42  stm32f4xx_hal_msp.o(i.HAL_MspInit)
    HAL_NVIC_EnableIRQ                       0x0800104d   Thumb Code    26  stm32f4xx_hal_cortex.o(i.HAL_NVIC_EnableIRQ)
    HAL_NVIC_SetPriority                     0x08001069   Thumb Code    60  stm32f4xx_hal_cortex.o(i.HAL_NVIC_SetPriority)
    HAL_NVIC_SetPriorityGrouping             0x080010a9   Thumb Code    26  stm32f4xx_hal_cortex.o(i.HAL_NVIC_SetPriorityGrouping)
    HAL_RCC_ClockConfig                      0x080010cd   Thumb Code   288  stm32f4xx_hal_rcc.o(i.HAL_RCC_ClockConfig)
    HAL_RCC_GetPCLK1Freq                     0x08001201   Thumb Code    20  stm32f4xx_hal_rcc.o(i.HAL_RCC_GetPCLK1Freq)
    HAL_RCC_GetPCLK2Freq                     0x08001221   Thumb Code    20  stm32f4xx_hal_rcc.o(i.HAL_RCC_GetPCLK2Freq)
    HAL_RCC_GetSysClockFreq                  0x08001241   Thumb Code    88  stm32f4xx_hal_rcc.o(i.HAL_RCC_GetSysClockFreq)
    HAL_RCC_OscConfig                        0x080012a1   Thumb Code   834  stm32f4xx_hal_rcc.o(i.HAL_RCC_OscConfig)
    HAL_SPI_Init                             0x080015fd   Thumb Code   128  stm32f4xx_hal_spi.o(i.HAL_SPI_Init)
    HAL_SPI_MspInit                          0x0800167d   Thumb Code   128  spi.o(i.HAL_SPI_MspInit)
    HAL_SPI_Transmit                         0x0800170d   Thumb Code   348  stm32f4xx_hal_spi.o(i.HAL_SPI_Transmit)
    HAL_SYSTICK_Config                       0x08001869   Thumb Code    40  stm32f4xx_hal_cortex.o(i.HAL_SYSTICK_Config)
    HAL_TIMEx_MasterConfigSynchronization    0x08001891   Thumb Code   116  stm32f4xx_hal_tim_ex.o(i.HAL_TIMEx_MasterConfigSynchronization)
    HAL_TIM_Base_Init                        0x08001921   Thumb Code    54  stm32f4xx_hal_tim.o(i.HAL_TIM_Base_Init)
    HAL_TIM_Base_MspInit                     0x08001959   Thumb Code    30  tim.o(i.HAL_TIM_Base_MspInit)
    HAL_TIM_Base_Start                       0x08001981   Thumb Code    36  stm32f4xx_hal_tim.o(i.HAL_TIM_Base_Start)
    HAL_TIM_Base_Stop                        0x080019a5   Thumb Code    44  stm32f4xx_hal_tim.o(i.HAL_TIM_Base_Stop)
    HAL_UART_ErrorCallback                   0x080019d1   Thumb Code     2  stm32f4xx_hal_uart.o(i.HAL_UART_ErrorCallback)
    HAL_UART_IRQHandler                      0x080019d5   Thumb Code   270  stm32f4xx_hal_uart.o(i.HAL_UART_IRQHandler)
    HAL_UART_Init                            0x08001ae9   Thumb Code    98  stm32f4xx_hal_uart.o(i.HAL_UART_Init)
    HAL_UART_MspInit                         0x08001b4d   Thumb Code   212  usart.o(i.HAL_UART_MspInit)
    HAL_UART_Receive_DMA                     0x08001c35   Thumb Code   138  stm32f4xx_hal_uart.o(i.HAL_UART_Receive_DMA)
    HAL_UART_RxCpltCallback                  0x08001ccd   Thumb Code     2  main.o(i.HAL_UART_RxCpltCallback)
    HAL_UART_RxHalfCpltCallback              0x08001ccf   Thumb Code     2  stm32f4xx_hal_uart.o(i.HAL_UART_RxHalfCpltCallback)
    HAL_UART_TxCpltCallback                  0x08001cd1   Thumb Code     2  stm32f4xx_hal_uart.o(i.HAL_UART_TxCpltCallback)
    HX711_GPIO_Init                          0x08001cd5   Thumb Code    56  sgp30.o(i.HX711_GPIO_Init)
    HardFault_Handler                        0x08001d15   Thumb Code     2  stm32f4xx_it.o(i.HardFault_Handler)
    MX_DMA_Init                              0x08001d19   Thumb Code    56  dma.o(i.MX_DMA_Init)
    MX_GPIO_Init                             0x08001d55   Thumb Code   248  gpio.o(i.MX_GPIO_Init)
    MX_SPI2_Init                             0x08001e5d   Thumb Code    60  spi.o(i.MX_SPI2_Init)
    MX_TIM6_Init                             0x08001ea1   Thumb Code    60  tim.o(i.MX_TIM6_Init)
    MX_USART1_UART_Init                      0x08001ee5   Thumb Code    48  usart.o(i.MX_USART1_UART_Init)
    MemManage_Handler                        0x08001f1d   Thumb Code     2  stm32f4xx_it.o(i.MemManage_Handler)
    NMI_Handler                              0x08001f1f   Thumb Code     2  stm32f4xx_it.o(i.NMI_Handler)
    OLED_Clear                               0x08001f21   Thumb Code    60  oled.o(i.OLED_Clear)
    OLED_Init                                0x08001f5d   Thumb Code   288  oled.o(i.OLED_Init)
    OLED_Set_Pos                             0x08002081   Thumb Code    44  oled.o(i.OLED_Set_Pos)
    OLED_ShowChar                            0x080020ad   Thumb Code   164  gui.o(i.OLED_ShowChar)
    OLED_ShowNum                             0x08002155   Thumb Code   102  gui.o(i.OLED_ShowNum)
    OLED_WR_Byte                             0x080021bd   Thumb Code    60  oled.o(i.OLED_WR_Byte)
    PendSV_Handler                           0x08002201   Thumb Code     2  stm32f4xx_it.o(i.PendSV_Handler)
    SDA_IN                                   0x08002205   Thumb Code    28  sgp30.o(i.SDA_IN)
    SDA_OUT                                  0x08002225   Thumb Code    26  sgp30.o(i.SDA_OUT)
    SGP30_IIC_Ack                            0x08002245   Thumb Code    64  sgp30.o(i.SGP30_IIC_Ack)
    SGP30_IIC_NAck                           0x08002289   Thumb Code    64  sgp30.o(i.SGP30_IIC_NAck)
    SGP30_IIC_Read_Byte                      0x080022cd   Thumb Code   100  sgp30.o(i.SGP30_IIC_Read_Byte)
    SGP30_IIC_Send_Byte                      0x08002335   Thumb Code   100  sgp30.o(i.SGP30_IIC_Send_Byte)
    SGP30_IIC_Start                          0x0800239d   Thumb Code    64  sgp30.o(i.SGP30_IIC_Start)
    SGP30_IIC_Stop                           0x080023e1   Thumb Code    64  sgp30.o(i.SGP30_IIC_Stop)
    SGP30_IIC_Wait_Ack                       0x08002425   Thumb Code    86  sgp30.o(i.SGP30_IIC_Wait_Ack)
    SGP30_Init                               0x08002481   Thumb Code    18  sgp30.o(i.SGP30_Init)
    SGP30_Read                               0x08002493   Thumb Code    66  sgp30.o(i.SGP30_Read)
    SGP30_Write                              0x080024d5   Thumb Code    54  sgp30.o(i.SGP30_Write)
    SVC_Handler                              0x080025f9   Thumb Code     2  stm32f4xx_it.o(i.SVC_Handler)
    Show_Str                                 0x080025fd   Thumb Code   108  gui.o(i.Show_Str)
    SysTick_Handler                          0x08002669   Thumb Code     4  stm32f4xx_it.o(i.SysTick_Handler)
    SystemClock_Config                       0x0800266d   Thumb Code   138  main.o(i.SystemClock_Config)
    SystemInit                               0x08002701   Thumb Code    22  system_stm32f4xx.o(i.SystemInit)
    TIM_Base_SetConfig                       0x0800271d   Thumb Code   156  stm32f4xx_hal_tim.o(i.TIM_Base_SetConfig)
    USART1_IRQHandler                        0x08002ad5   Thumb Code     6  stm32f4xx_it.o(i.USART1_IRQHandler)
    UsageFault_Handler                       0x08002ae1   Thumb Code     2  stm32f4xx_it.o(i.UsageFault_Handler)
    _is_digit                                0x08002b03   Thumb Code    14  __printf_wp.o(i._is_digit)
    _sys_exit                                0x08002b11   Thumb Code     2  usart.o(i._sys_exit)
    delay_us                                 0x08002b15   Thumb Code    48  tim.o(i.delay_us)
    fputc                                    0x08002b49   Thumb Code    14  usart.o(i.fputc)
    main                                     0x08002b5d   Thumb Code   460  main.o(i.main)
    oled_pow                                 0x08002d7d   Thumb Code    16  gui.o(i.oled_pow)
    _fp_init                                 0x08002d8d   Thumb Code    10  fpinit.o(x$fpl$fpinit)
    __fplib_config_fpu_vfp                   0x08002d95   Thumb Code     0  fpinit.o(x$fpl$fpinit)
    __fplib_config_pureend_doubles           0x08002d95   Thumb Code     0  fpinit.o(x$fpl$fpinit)
    F8X16                                    0x08002d96   Data        1520  gui.o(.constdata)
    tfont16                                  0x08003386   Data        1122  gui.o(.constdata)
    AHBPrescTable                            0x080037f0   Data          16  system_stm32f4xx.o(.constdata)
    APBPrescTable                            0x08003800   Data           8  system_stm32f4xx.o(.constdata)
    Region$$Table$$Base                      0x0800381c   Number         0  anon$$obj.o(Region$$Table)
    Region$$Table$$Limit                     0x0800383c   Number         0  anon$$obj.o(Region$$Table)
    aRxBuffer                                0x20000000   Data           1  main.o(.data)
    CO2Data                                  0x20000004   Data           4  main.o(.data)
    TVOCData                                 0x20000008   Data           4  main.o(.data)
    __stdout                                 0x2000000c   Data           4  usart.o(.data)
    uwTickFreq                               0x20000010   Data           1  stm32f4xx_hal.o(.data)
    uwTickPrio                               0x20000014   Data           4  stm32f4xx_hal.o(.data)
    uwTick                                   0x20000018   Data           4  stm32f4xx_hal.o(.data)
    SystemCoreClock                          0x2000001c   Data           4  system_stm32f4xx.o(.data)
    hspi2                                    0x20000020   Data          88  spi.o(.bss)
    htim6                                    0x20000078   Data          64  tim.o(.bss)
    huart1                                   0x200000b8   Data          64  usart.o(.bss)
    hdma_usart1_rx                           0x200000f8   Data          96  usart.o(.bss)
    hdma_usart1_tx                           0x20000158   Data          96  usart.o(.bss)
    __libspace_start                         0x200001b8   Data          96  libspace.o(.bss)
    __temporary_stack_top$libspace           0x20000218   Data           0  libspace.o(.bss)



==============================================================================

Memory Map of the image

  Image Entry point : 0x08000189

  Load Region LR_IROM1 (Base: 0x08000000, Size: 0x0000385c, Max: 0x00080000, ABSOLUTE)

    Execution Region ER_IROM1 (Base: 0x08000000, Size: 0x0000383c, Max: 0x00080000, ABSOLUTE)

    Base Addr    Size         Type   Attr      Idx    E Section Name        Object

    0x08000000   0x00000188   Data   RO            3    RESET               startup_stm32f407xx.o
    0x08000188   0x00000008   Code   RO         3564  * !!!main             c_w.l(__main.o)
    0x08000190   0x00000034   Code   RO         3742    !!!scatter          c_w.l(__scatter.o)
    0x080001c4   0x0000001a   Code   RO         3744    !!handler_copy      c_w.l(__scatter_copy.o)
    0x080001de   0x00000002   PAD
    0x080001e0   0x0000001c   Code   RO         3746    !!handler_zi        c_w.l(__scatter_zi.o)
    0x080001fc   0x00000000   Code   RO         3559    .ARM.Collect$$_printf_percent$$00000000  c_w.l(_printf_percent.o)
    0x080001fc   0x00000006   Code   RO         3558    .ARM.Collect$$_printf_percent$$00000009  c_w.l(_printf_d.o)
    0x08000202   0x00000004   Code   RO         3575    .ARM.Collect$$_printf_percent$$00000017  c_w.l(_printf_percent_end.o)
    0x08000206   0x00000002   Code   RO         3614    .ARM.Collect$$libinit$$00000000  c_w.l(libinit.o)
    0x08000208   0x00000004   Code   RO         3626    .ARM.Collect$$libinit$$00000001  c_w.l(libinit2.o)
    0x0800020c   0x00000000   Code   RO         3629    .ARM.Collect$$libinit$$00000004  c_w.l(libinit2.o)
    0x0800020c   0x00000000   Code   RO         3632    .ARM.Collect$$libinit$$0000000A  c_w.l(libinit2.o)
    0x0800020c   0x00000000   Code   RO         3634    .ARM.Collect$$libinit$$0000000C  c_w.l(libinit2.o)
    0x0800020c   0x00000000   Code   RO         3636    .ARM.Collect$$libinit$$0000000E  c_w.l(libinit2.o)
    0x0800020c   0x00000000   Code   RO         3639    .ARM.Collect$$libinit$$00000011  c_w.l(libinit2.o)
    0x0800020c   0x00000000   Code   RO         3641    .ARM.Collect$$libinit$$00000013  c_w.l(libinit2.o)
    0x0800020c   0x00000000   Code   RO         3643    .ARM.Collect$$libinit$$00000015  c_w.l(libinit2.o)
    0x0800020c   0x00000000   Code   RO         3645    .ARM.Collect$$libinit$$00000017  c_w.l(libinit2.o)
    0x0800020c   0x00000000   Code   RO         3647    .ARM.Collect$$libinit$$00000019  c_w.l(libinit2.o)
    0x0800020c   0x00000000   Code   RO         3649    .ARM.Collect$$libinit$$0000001B  c_w.l(libinit2.o)
    0x0800020c   0x00000000   Code   RO         3651    .ARM.Collect$$libinit$$0000001D  c_w.l(libinit2.o)
    0x0800020c   0x00000000   Code   RO         3653    .ARM.Collect$$libinit$$0000001F  c_w.l(libinit2.o)
    0x0800020c   0x00000000   Code   RO         3655    .ARM.Collect$$libinit$$00000021  c_w.l(libinit2.o)
    0x0800020c   0x00000000   Code   RO         3657    .ARM.Collect$$libinit$$00000023  c_w.l(libinit2.o)
    0x0800020c   0x00000000   Code   RO         3659    .ARM.Collect$$libinit$$00000025  c_w.l(libinit2.o)
    0x0800020c   0x00000000   Code   RO         3663    .ARM.Collect$$libinit$$0000002C  c_w.l(libinit2.o)
    0x0800020c   0x00000000   Code   RO         3665    .ARM.Collect$$libinit$$0000002E  c_w.l(libinit2.o)
    0x0800020c   0x00000000   Code   RO         3667    .ARM.Collect$$libinit$$00000030  c_w.l(libinit2.o)
    0x0800020c   0x00000000   Code   RO         3669    .ARM.Collect$$libinit$$00000032  c_w.l(libinit2.o)
    0x0800020c   0x00000002   Code   RO         3670    .ARM.Collect$$libinit$$00000033  c_w.l(libinit2.o)
    0x0800020e   0x00000002   Code   RO         3696    .ARM.Collect$$libshutdown$$00000000  c_w.l(libshutdown.o)
    0x08000210   0x00000000   Code   RO         3725    .ARM.Collect$$libshutdown$$00000002  c_w.l(libshutdown2.o)
    0x08000210   0x00000000   Code   RO         3727    .ARM.Collect$$libshutdown$$00000004  c_w.l(libshutdown2.o)
    0x08000210   0x00000000   Code   RO         3730    .ARM.Collect$$libshutdown$$00000007  c_w.l(libshutdown2.o)
    0x08000210   0x00000000   Code   RO         3733    .ARM.Collect$$libshutdown$$0000000A  c_w.l(libshutdown2.o)
    0x08000210   0x00000000   Code   RO         3735    .ARM.Collect$$libshutdown$$0000000C  c_w.l(libshutdown2.o)
    0x08000210   0x00000000   Code   RO         3738    .ARM.Collect$$libshutdown$$0000000F  c_w.l(libshutdown2.o)
    0x08000210   0x00000002   Code   RO         3739    .ARM.Collect$$libshutdown$$00000010  c_w.l(libshutdown2.o)
    0x08000212   0x00000000   Code   RO         3566    .ARM.Collect$$rtentry$$00000000  c_w.l(__rtentry.o)
    0x08000212   0x00000000   Code   RO         3577    .ARM.Collect$$rtentry$$00000002  c_w.l(__rtentry2.o)
    0x08000212   0x00000006   Code   RO         3589    .ARM.Collect$$rtentry$$00000004  c_w.l(__rtentry4.o)
    0x08000218   0x00000000   Code   RO         3579    .ARM.Collect$$rtentry$$00000009  c_w.l(__rtentry2.o)
    0x08000218   0x00000004   Code   RO         3580    .ARM.Collect$$rtentry$$0000000A  c_w.l(__rtentry2.o)
    0x0800021c   0x00000000   Code   RO         3582    .ARM.Collect$$rtentry$$0000000C  c_w.l(__rtentry2.o)
    0x0800021c   0x00000008   Code   RO         3583    .ARM.Collect$$rtentry$$0000000D  c_w.l(__rtentry2.o)
    0x08000224   0x00000002   Code   RO         3618    .ARM.Collect$$rtexit$$00000000  c_w.l(rtexit.o)
    0x08000226   0x00000000   Code   RO         3672    .ARM.Collect$$rtexit$$00000002  c_w.l(rtexit2.o)
    0x08000226   0x00000004   Code   RO         3673    .ARM.Collect$$rtexit$$00000003  c_w.l(rtexit2.o)
    0x0800022a   0x00000006   Code   RO         3674    .ARM.Collect$$rtexit$$00000004  c_w.l(rtexit2.o)
    0x08000230   0x00000040   Code   RO            4    .text               startup_stm32f407xx.o
    0x08000270   0x000000ee   Code   RO         3526    .text               c_w.l(lludivv7m.o)
    0x0800035e   0x00000002   PAD
    0x08000360   0x00000018   Code   RO         3530    .text               c_w.l(noretval__2printf.o)
    0x08000378   0x0000004e   Code   RO         3534    .text               c_w.l(_printf_pad.o)
    0x080003c6   0x00000002   PAD
    0x080003c8   0x00000078   Code   RO         3536    .text               c_w.l(_printf_dec.o)
    0x08000440   0x00000138   Code   RO         3550    .text               c_w.l(__printf_flags_wp.o)
    0x08000578   0x0000004e   Code   RO         3560    .text               c_w.l(rt_memclr_w.o)
    0x080005c6   0x00000006   Code   RO         3562    .text               c_w.l(heapauxi.o)
    0x080005cc   0x000000b2   Code   RO         3571    .text               c_w.l(_printf_intcommon.o)
    0x0800067e   0x00000002   PAD
    0x08000680   0x00000024   Code   RO         3573    .text               c_w.l(_printf_char_file.o)
    0x080006a4   0x00000030   Code   RO         3593    .text               c_w.l(_printf_char_common.o)
    0x080006d4   0x00000008   Code   RO         3595    .text               c_w.l(ferror.o)
    0x080006dc   0x0000004a   Code   RO         3599    .text               c_w.l(sys_stackheap_outer.o)
    0x08000726   0x00000012   Code   RO         3603    .text               c_w.l(exit.o)
    0x08000738   0x00000008   Code   RO         3615    .text               c_w.l(libspace.o)
    0x08000740   0x00000002   Code   RO          548    i.BusFault_Handler  stm32f4xx_it.o
    0x08000742   0x00000002   PAD
    0x08000744   0x0000005c   Code   RO           13    i.DHT11_Check       dht11.o
    0x080007a0   0x00000020   Code   RO           14    i.DHT11_IO_IN       dht11.o
    0x080007c0   0x00000024   Code   RO           15    i.DHT11_IO_OUT      dht11.o
    0x080007e4   0x0000000e   Code   RO           16    i.DHT11_Init        dht11.o
    0x080007f2   0x00000002   PAD
    0x080007f4   0x0000005c   Code   RO           17    i.DHT11_Read_Bit    dht11.o
    0x08000850   0x0000001a   Code   RO           18    i.DHT11_Read_Byte   dht11.o
    0x0800086a   0x00000058   Code   RO           19    i.DHT11_Read_Data   dht11.o
    0x080008c2   0x00000002   PAD
    0x080008c4   0x00000034   Code   RO           20    i.DHT11_Rst         dht11.o
    0x080008f8   0x0000000c   Code   RO          549    i.DMA2_Stream2_IRQHandler  stm32f4xx_it.o
    0x08000904   0x0000000c   Code   RO          550    i.DMA2_Stream7_IRQHandler  stm32f4xx_it.o
    0x08000910   0x00000028   Code   RO         1562    i.DMA_CalcBaseAndBitshift  stm32f4xx_hal_dma.o
    0x08000938   0x00000054   Code   RO         1563    i.DMA_CheckFifoParam  stm32f4xx_hal_dma.o
    0x0800098c   0x00000028   Code   RO         1564    i.DMA_SetConfig     stm32f4xx_hal_dma.o
    0x080009b4   0x00000002   Code   RO          551    i.DebugMon_Handler  stm32f4xx_it.o
    0x080009b6   0x00000004   Code   RO          281    i.Error_Handler     main.o
    0x080009ba   0x00000002   PAD
    0x080009bc   0x000000c8   Code   RO          666    i.GUI_DrawFont16    gui.o
    0x08000a84   0x00000024   Code   RO         1566    i.HAL_DMA_Abort_IT  stm32f4xx_hal_dma.o
    0x08000aa8   0x000001a0   Code   RO         1570    i.HAL_DMA_IRQHandler  stm32f4xx_hal_dma.o
    0x08000c48   0x000000d4   Code   RO         1571    i.HAL_DMA_Init      stm32f4xx_hal_dma.o
    0x08000d1c   0x0000006e   Code   RO         1575    i.HAL_DMA_Start_IT  stm32f4xx_hal_dma.o
    0x08000d8a   0x00000002   PAD
    0x08000d8c   0x00000024   Code   RO         1984    i.HAL_Delay         stm32f4xx_hal.o
    0x08000db0   0x000001b8   Code   RO         1458    i.HAL_GPIO_Init     stm32f4xx_hal_gpio.o
    0x08000f68   0x0000000a   Code   RO         1460    i.HAL_GPIO_ReadPin  stm32f4xx_hal_gpio.o
    0x08000f72   0x0000000e   Code   RO         1461    i.HAL_GPIO_TogglePin  stm32f4xx_hal_gpio.o
    0x08000f80   0x0000000a   Code   RO         1462    i.HAL_GPIO_WritePin  stm32f4xx_hal_gpio.o
    0x08000f8a   0x00000002   PAD
    0x08000f8c   0x0000000c   Code   RO         1990    i.HAL_GetTick       stm32f4xx_hal.o
    0x08000f98   0x00000010   Code   RO         1996    i.HAL_IncTick       stm32f4xx_hal.o
    0x08000fa8   0x00000034   Code   RO         1997    i.HAL_Init          stm32f4xx_hal.o
    0x08000fdc   0x00000040   Code   RO         1998    i.HAL_InitTick      stm32f4xx_hal.o
    0x0800101c   0x00000030   Code   RO          642    i.HAL_MspInit       stm32f4xx_hal_msp.o
    0x0800104c   0x0000001a   Code   RO         1847    i.HAL_NVIC_EnableIRQ  stm32f4xx_hal_cortex.o
    0x08001066   0x00000002   PAD
    0x08001068   0x00000040   Code   RO         1853    i.HAL_NVIC_SetPriority  stm32f4xx_hal_cortex.o
    0x080010a8   0x00000024   Code   RO         1854    i.HAL_NVIC_SetPriorityGrouping  stm32f4xx_hal_cortex.o
    0x080010cc   0x00000134   Code   RO         1104    i.HAL_RCC_ClockConfig  stm32f4xx_hal_rcc.o
    0x08001200   0x00000020   Code   RO         1111    i.HAL_RCC_GetPCLK1Freq  stm32f4xx_hal_rcc.o
    0x08001220   0x00000020   Code   RO         1112    i.HAL_RCC_GetPCLK2Freq  stm32f4xx_hal_rcc.o
    0x08001240   0x00000060   Code   RO         1113    i.HAL_RCC_GetSysClockFreq  stm32f4xx_hal_rcc.o
    0x080012a0   0x0000035c   Code   RO         1116    i.HAL_RCC_OscConfig  stm32f4xx_hal_rcc.o
    0x080015fc   0x00000080   Code   RO          792    i.HAL_SPI_Init      stm32f4xx_hal_spi.o
    0x0800167c   0x00000090   Code   RO          400    i.HAL_SPI_MspInit   spi.o
    0x0800170c   0x0000015c   Code   RO          800    i.HAL_SPI_Transmit  stm32f4xx_hal_spi.o
    0x08001868   0x00000028   Code   RO         1858    i.HAL_SYSTICK_Config  stm32f4xx_hal_cortex.o
    0x08001890   0x00000090   Code   RO         2930    i.HAL_TIMEx_MasterConfigSynchronization  stm32f4xx_hal_tim_ex.o
    0x08001920   0x00000036   Code   RO         2237    i.HAL_TIM_Base_Init  stm32f4xx_hal_tim.o
    0x08001956   0x00000002   PAD
    0x08001958   0x00000028   Code   RO          442    i.HAL_TIM_Base_MspInit  tim.o
    0x08001980   0x00000024   Code   RO         2240    i.HAL_TIM_Base_Start  stm32f4xx_hal_tim.o
    0x080019a4   0x0000002c   Code   RO         2243    i.HAL_TIM_Base_Stop  stm32f4xx_hal_tim.o
    0x080019d0   0x00000002   Code   RO         3184    i.HAL_UART_ErrorCallback  stm32f4xx_hal_uart.o
    0x080019d2   0x00000002   PAD
    0x080019d4   0x00000114   Code   RO         3187    i.HAL_UART_IRQHandler  stm32f4xx_hal_uart.o
    0x08001ae8   0x00000062   Code   RO         3188    i.HAL_UART_Init     stm32f4xx_hal_uart.o
    0x08001b4a   0x00000002   PAD
    0x08001b4c   0x000000e8   Code   RO          490    i.HAL_UART_MspInit  usart.o
    0x08001c34   0x00000098   Code   RO         3192    i.HAL_UART_Receive_DMA  stm32f4xx_hal_uart.o
    0x08001ccc   0x00000002   Code   RO          282    i.HAL_UART_RxCpltCallback  main.o
    0x08001cce   0x00000002   Code   RO         3195    i.HAL_UART_RxHalfCpltCallback  stm32f4xx_hal_uart.o
    0x08001cd0   0x00000002   Code   RO         3199    i.HAL_UART_TxCpltCallback  stm32f4xx_hal_uart.o
    0x08001cd2   0x00000002   PAD
    0x08001cd4   0x00000040   Code   RO          183    i.HX711_GPIO_Init   sgp30.o
    0x08001d14   0x00000002   Code   RO          552    i.HardFault_Handler  stm32f4xx_it.o
    0x08001d16   0x00000002   PAD
    0x08001d18   0x0000003c   Code   RO          375    i.MX_DMA_Init       dma.o
    0x08001d54   0x00000108   Code   RO          351    i.MX_GPIO_Init      gpio.o
    0x08001e5c   0x00000044   Code   RO          401    i.MX_SPI2_Init      spi.o
    0x08001ea0   0x00000044   Code   RO          443    i.MX_TIM6_Init      tim.o
    0x08001ee4   0x00000038   Code   RO          491    i.MX_USART1_UART_Init  usart.o
    0x08001f1c   0x00000002   Code   RO          553    i.MemManage_Handler  stm32f4xx_it.o
    0x08001f1e   0x00000002   Code   RO          554    i.NMI_Handler       stm32f4xx_it.o
    0x08001f20   0x0000003c   Code   RO          727    i.OLED_Clear        oled.o
    0x08001f5c   0x00000124   Code   RO          730    i.OLED_Init         oled.o
    0x08002080   0x0000002c   Code   RO          731    i.OLED_Set_Pos      oled.o
    0x080020ac   0x000000a8   Code   RO          668    i.OLED_ShowChar     gui.o
    0x08002154   0x00000066   Code   RO          669    i.OLED_ShowNum      gui.o
    0x080021ba   0x00000002   PAD
    0x080021bc   0x00000044   Code   RO          732    i.OLED_WR_Byte      oled.o
    0x08002200   0x00000002   Code   RO          555    i.PendSV_Handler    stm32f4xx_it.o
    0x08002202   0x00000002   PAD
    0x08002204   0x00000020   Code   RO          184    i.SDA_IN            sgp30.o
    0x08002224   0x00000020   Code   RO          185    i.SDA_OUT           sgp30.o
    0x08002244   0x00000044   Code   RO          186    i.SGP30_IIC_Ack     sgp30.o
    0x08002288   0x00000044   Code   RO          187    i.SGP30_IIC_NAck    sgp30.o
    0x080022cc   0x00000068   Code   RO          188    i.SGP30_IIC_Read_Byte  sgp30.o
    0x08002334   0x00000068   Code   RO          189    i.SGP30_IIC_Send_Byte  sgp30.o
    0x0800239c   0x00000044   Code   RO          190    i.SGP30_IIC_Start   sgp30.o
    0x080023e0   0x00000044   Code   RO          191    i.SGP30_IIC_Stop    sgp30.o
    0x08002424   0x0000005c   Code   RO          192    i.SGP30_IIC_Wait_Ack  sgp30.o
    0x08002480   0x00000012   Code   RO          193    i.SGP30_Init        sgp30.o
    0x08002492   0x00000042   Code   RO          194    i.SGP30_Read        sgp30.o
    0x080024d4   0x00000036   Code   RO          195    i.SGP30_Write       sgp30.o
    0x0800250a   0x00000002   PAD
    0x0800250c   0x00000058   Code   RO          830    i.SPI_EndRxTxTransaction  stm32f4xx_hal_spi.o
    0x08002564   0x00000094   Code   RO          835    i.SPI_WaitFlagStateUntilTimeout  stm32f4xx_hal_spi.o
    0x080025f8   0x00000002   Code   RO          556    i.SVC_Handler       stm32f4xx_it.o
    0x080025fa   0x00000002   PAD
    0x080025fc   0x0000006c   Code   RO          670    i.Show_Str          gui.o
    0x08002668   0x00000004   Code   RO          557    i.SysTick_Handler   stm32f4xx_it.o
    0x0800266c   0x00000094   Code   RO          283    i.SystemClock_Config  main.o
    0x08002700   0x0000001c   Code   RO         3490    i.SystemInit        system_stm32f4xx.o
    0x0800271c   0x000000c8   Code   RO         2325    i.TIM_Base_SetConfig  stm32f4xx_hal_tim.o
    0x080027e4   0x00000010   Code   RO         3201    i.UART_DMAAbortOnError  stm32f4xx_hal_uart.o
    0x080027f4   0x0000004a   Code   RO         3202    i.UART_DMAError     stm32f4xx_hal_uart.o
    0x0800283e   0x0000003c   Code   RO         3203    i.UART_DMAReceiveCplt  stm32f4xx_hal_uart.o
    0x0800287a   0x0000000a   Code   RO         3205    i.UART_DMARxHalfCplt  stm32f4xx_hal_uart.o
    0x08002884   0x0000001c   Code   RO         3211    i.UART_EndRxTransfer  stm32f4xx_hal_uart.o
    0x080028a0   0x00000012   Code   RO         3212    i.UART_EndTxTransfer  stm32f4xx_hal_uart.o
    0x080028b2   0x00000096   Code   RO         3213    i.UART_Receive_IT   stm32f4xx_hal_uart.o
    0x08002948   0x00000128   Code   RO         3214    i.UART_SetConfig    stm32f4xx_hal_uart.o
    0x08002a70   0x00000062   Code   RO         3215    i.UART_Transmit_IT  stm32f4xx_hal_uart.o
    0x08002ad2   0x00000002   PAD
    0x08002ad4   0x0000000c   Code   RO          558    i.USART1_IRQHandler  stm32f4xx_it.o
    0x08002ae0   0x00000002   Code   RO          559    i.UsageFault_Handler  stm32f4xx_it.o
    0x08002ae2   0x00000020   Code   RO         1860    i.__NVIC_SetPriority  stm32f4xx_hal_cortex.o
    0x08002b02   0x0000000e   Code   RO         3548    i._is_digit         c_w.l(__printf_wp.o)
    0x08002b10   0x00000002   Code   RO          492    i._sys_exit         usart.o
    0x08002b12   0x00000002   PAD
    0x08002b14   0x00000034   Code   RO          444    i.delay_us          tim.o
    0x08002b48   0x00000014   Code   RO          493    i.fputc             usart.o
    0x08002b5c   0x00000220   Code   RO          284    i.main              main.o
    0x08002d7c   0x00000010   Code   RO          671    i.oled_pow          gui.o
    0x08002d8c   0x0000000a   Code   RO         3684    x$fpl$fpinit        fz_wm.l(fpinit.o)
    0x08002d96   0x00000a52   Data   RO          673    .constdata          gui.o
    0x080037e8   0x00000008   Data   RO         1577    .constdata          stm32f4xx_hal_dma.o
    0x080037f0   0x00000010   Data   RO         3491    .constdata          system_stm32f4xx.o
    0x08003800   0x00000008   Data   RO         3492    .constdata          system_stm32f4xx.o
    0x08003808   0x00000011   Data   RO         3551    .constdata          c_w.l(__printf_flags_wp.o)
    0x08003819   0x00000003   PAD
    0x0800381c   0x00000020   Data   RO         3740    Region$$Table       anon$$obj.o


    Execution Region RW_IRAM2 (Base: 0x10000000, Size: 0x00000000, Max: 0x00010000, ABSOLUTE)

    **** No section assigned to this execution region ****


    Execution Region RW_IRAM1 (Base: 0x20000000, Size: 0x00000818, Max: 0x00020000, ABSOLUTE)

    Base Addr    Size         Type   Attr      Idx    E Section Name        Object

    0x20000000   0x0000000c   Data   RW          286    .data               main.o
    0x2000000c   0x00000004   Data   RW          495    .data               usart.o
    0x20000010   0x0000000c   Data   RW         2004    .data               stm32f4xx_hal.o
    0x2000001c   0x00000004   Data   RW         3493    .data               system_stm32f4xx.o
    0x20000020   0x00000058   Zero   RW          402    .bss                spi.o
    0x20000078   0x00000040   Zero   RW          445    .bss                tim.o
    0x200000b8   0x00000100   Zero   RW          494    .bss                usart.o
    0x200001b8   0x00000060   Zero   RW         3616    .bss                c_w.l(libspace.o)
    0x20000218   0x00000200   Zero   RW            2    HEAP                startup_stm32f407xx.o
    0x20000418   0x00000400   Zero   RW            1    STACK               startup_stm32f407xx.o


==============================================================================

Image component sizes


      Code (inc. data)   RO Data    RW Data    ZI Data      Debug   Object Name

       432         26          0          0          0     696211   dht11.o
        60          4          0          0          0        806   dma.o
       264         16          0          0          0       1071   gpio.o
       594          8       2642          0          0       4975   gui.o
       698         94          0         12          0       3421   main.o
       464         12          0          0          0       2591   oled.o
       838         48          0          0          0       7644   sgp30.o
       212         24          0          0         88       1785   spi.o
        64         26        392          0       1536        856   startup_stm32f407xx.o
       180         28          0         12          0       9497   stm32f4xx_hal.o
       198         14          0          0          0      34019   stm32f4xx_hal_cortex.o
       938         16          8          0          0       6546   stm32f4xx_hal_dma.o
       474         46          0          0          0       3736   stm32f4xx_hal_gpio.o
        48          6          0          0          0        878   stm32f4xx_hal_msp.o
      1328         78          0          0          0       5292   stm32f4xx_hal_rcc.o
       712          8          0          0          0       4482   stm32f4xx_hal_spi.o
       334         44          0          0          0       4188   stm32f4xx_hal_tim.o
       144         28          0          0          0       1364   stm32f4xx_hal_tim_ex.o
      1282         30          0          0          0      10922   stm32f4xx_hal_uart.o
        56         18          0          0          0       5722   stm32f4xx_it.o
        28          6         24          4          0       1191   system_stm32f4xx.o
       160         22          0          0         64       2201   tim.o
       310         34          0          4        256       4288   usart.o

    ----------------------------------------------------------------------
      9854        636       3098         32       1944     813686   Object Totals
         0          0         32          0          0          0   (incl. Generated)
        36          0          0          0          0          0   (incl. Padding)

    ----------------------------------------------------------------------

      Code (inc. data)   RO Data    RW Data    ZI Data      Debug   Library Member Name

         8          0          0          0          0         68   __main.o
       312          4         17          0          0         92   __printf_flags_wp.o
        14          0          0          0          0         68   __printf_wp.o
         0          0          0          0          0          0   __rtentry.o
        12          0          0          0          0          0   __rtentry2.o
         6          0          0          0          0          0   __rtentry4.o
        52          8          0          0          0          0   __scatter.o
        26          0          0          0          0          0   __scatter_copy.o
        28          0          0          0          0          0   __scatter_zi.o
        48          6          0          0          0         96   _printf_char_common.o
        36          4          0          0          0         80   _printf_char_file.o
         6          0          0          0          0          0   _printf_d.o
       120         16          0          0          0         92   _printf_dec.o
       178          0          0          0          0         88   _printf_intcommon.o
        78          0          0          0          0        108   _printf_pad.o
         0          0          0          0          0          0   _printf_percent.o
         4          0          0          0          0          0   _printf_percent_end.o
        18          0          0          0          0         80   exit.o
         8          0          0          0          0         68   ferror.o
         6          0          0          0          0        152   heapauxi.o
         2          0          0          0          0          0   libinit.o
         6          0          0          0          0          0   libinit2.o
         2          0          0          0          0          0   libshutdown.o
         2          0          0          0          0          0   libshutdown2.o
         8          4          0          0         96         68   libspace.o
       238          0          0          0          0        100   lludivv7m.o
        24          4          0          0          0         84   noretval__2printf.o
        78          0          0          0          0         80   rt_memclr_w.o
         2          0          0          0          0          0   rtexit.o
        10          0          0          0          0          0   rtexit2.o
        74          0          0          0          0         80   sys_stackheap_outer.o
        10          0          0          0          0        116   fpinit.o

    ----------------------------------------------------------------------
      1424         46         20          0         96       1520   Library Totals
         8          0          3          0          0          0   (incl. Padding)

    ----------------------------------------------------------------------

      Code (inc. data)   RO Data    RW Data    ZI Data      Debug   Library Name

      1406         46         17          0         96       1404   c_w.l
        10          0          0          0          0        116   fz_wm.l

    ----------------------------------------------------------------------
      1424         46         20          0         96       1520   Library Totals

    ----------------------------------------------------------------------

==============================================================================


      Code (inc. data)   RO Data    RW Data    ZI Data      Debug   

     11278        682       3118         32       2040     804482   Grand Totals
     11278        682       3118         32       2040     804482   ELF Image Totals
     11278        682       3118         32          0          0   ROM Totals

==============================================================================

    Total RO  Size (Code + RO Data)                14396 (  14.06kB)
    Total RW  Size (RW Data + ZI Data)              2072 (   2.02kB)
    Total ROM Size (Code + RO Data + RW Data)      14428 (  14.09kB)

==============================================================================

