Component: ARM Compiler 5.06 update 6 (build 750) Tool: armlink [4d35ed]

==============================================================================

Section Cross References

    startup_stm32f407xx.o(RESET) refers to startup_stm32f407xx.o(STACK) for __initial_sp
    startup_stm32f407xx.o(RESET) refers to startup_stm32f407xx.o(.text) for Reset_Handler
    startup_stm32f407xx.o(RESET) refers to stm32f4xx_it.o(i.NMI_Handler) for NMI_Handler
    startup_stm32f407xx.o(RESET) refers to context_rvds.o(.text) for HardFault_Handler
    startup_stm32f407xx.o(RESET) refers to stm32f4xx_it.o(i.MemManage_Handler) for MemManage_Handler
    startup_stm32f407xx.o(RESET) refers to stm32f4xx_it.o(i.BusFault_Handler) for BusFault_Handler
    startup_stm32f407xx.o(RESET) refers to stm32f4xx_it.o(i.UsageFault_Handler) for UsageFault_Handler
    startup_stm32f407xx.o(RESET) refers to stm32f4xx_it.o(i.DebugMon_Handler) for DebugMon_Handler
    startup_stm32f407xx.o(RESET) refers to board.o(i.SysTick_Handler) for SysTick_Handler
    startup_stm32f407xx.o(RESET) refers to stm32f4xx_it.o(i.USART2_IRQHandler) for USART2_IRQHandler
    startup_stm32f407xx.o(.text) refers to system_stm32f4xx.o(i.SystemInit) for SystemInit
    startup_stm32f407xx.o(.text) refers to entry.o(.ARM.Collect$$$$00000000) for __main
    main.o(i.HAL_UART_RxCpltCallback) refers to memseta.o(.text) for __aeabi_memclr
    main.o(i.HAL_UART_RxCpltCallback) refers to stm32f4xx_hal_uart.o(i.HAL_UART_Receive_IT) for HAL_UART_Receive_IT
    main.o(i.HAL_UART_RxCpltCallback) refers to esp8266_at.o(.data) for Uart2_Rx_Cnt
    main.o(i.HAL_UART_RxCpltCallback) refers to esp8266_at.o(.bss) for usart2_rxbuf
    main.o(i.HAL_UART_RxCpltCallback) refers to main.o(.data) for aRxBuffer
    main.o(i.HAL_UART_RxCpltCallback) refers to usart.o(.bss) for huart2
    main.o(i.STM32DHT11_StatusReport) refers to printfa.o(i.__0sprintf) for __2sprintf
    main.o(i.STM32DHT11_StatusReport) refers to esp8266_mqtt.o(i.MQTT_PublishData) for MQTT_PublishData
    main.o(i.STM32DHT11_StatusReport) refers to main.o(.conststring) for .conststring
    main.o(i.STM32DHT11_StatusReport) refers to main.o(.bss) for mqtt_message
    main.o(i.SystemClock_Config) refers to memseta.o(.text) for __aeabi_memclr4
    main.o(i.SystemClock_Config) refers to stm32f4xx_hal_rcc.o(i.HAL_RCC_OscConfig) for HAL_RCC_OscConfig
    main.o(i.SystemClock_Config) refers to main.o(i.Error_Handler) for Error_Handler
    main.o(i.SystemClock_Config) refers to stm32f4xx_hal_rcc.o(i.HAL_RCC_ClockConfig) for HAL_RCC_ClockConfig
    main.o(i.deal_MQTT_message) refers to esp8266_at.o(i.FindStr) for FindStr
    main.o(i.deal_MQTT_message) refers to stm32f4xx_hal_gpio.o(i.HAL_GPIO_WritePin) for HAL_GPIO_WritePin
    main.o(i.deal_MQTT_message) refers to memseta.o(.text) for __aeabi_memclr
    main.o(i.deal_MQTT_message) refers to esp8266_at.o(.bss) for usart2_rxbuf
    main.o(i.main) refers to stm32f4xx_hal.o(i.HAL_Init) for HAL_Init
    main.o(i.main) refers to main.o(i.SystemClock_Config) for SystemClock_Config
    main.o(i.main) refers to gpio.o(i.MX_GPIO_Init) for MX_GPIO_Init
    main.o(i.main) refers to usart.o(i.MX_USART1_UART_Init) for MX_USART1_UART_Init
    main.o(i.main) refers to usart.o(i.MX_USART2_UART_Init) for MX_USART2_UART_Init
    main.o(i.main) refers to spi.o(i.MX_SPI2_Init) for MX_SPI2_Init
    main.o(i.main) refers to i2c.o(i.MX_I2C1_Init) for MX_I2C1_Init
    main.o(i.main) refers to stm32f4xx_hal_uart.o(i.HAL_UART_Receive_IT) for HAL_UART_Receive_IT
    main.o(i.main) refers to oled.o(i.OLED_Init) for OLED_Init
    main.o(i.main) refers to esp8266_at.o(i.ESP8266_Init) for ESP8266_Init
    main.o(i.main) refers to esp8266_at.o(i.ESP8266_ConnectAP) for ESP8266_ConnectAP
    main.o(i.main) refers to esp8266_at.o(i.ESP8266_ConnectServer) for ESP8266_ConnectServer
    main.o(i.main) refers to esp8266_mqtt.o(i.MQTT_Connect) for MQTT_Connect
    main.o(i.main) refers to esp8266_mqtt.o(i.MQTT_SubscribeTopic) for MQTT_SubscribeTopic
    main.o(i.main) refers to stm32f4xx_hal_gpio.o(i.HAL_GPIO_WritePin) for HAL_GPIO_WritePin
    main.o(i.main) refers to thread.o(i.rt_thread_delay) for rt_thread_delay
    main.o(i.main) refers to main.o(i.STM32DHT11_StatusReport) for STM32DHT11_StatusReport
    main.o(i.main) refers to printfa.o(i.__0sprintf) for __2sprintf
    main.o(i.main) refers to esp8266_mqtt.o(i.MQTT_PublishData) for MQTT_PublishData
    main.o(i.main) refers to gui.o(i.Show_Str) for Show_Str
    main.o(i.main) refers to gui.o(i.OLED_ShowNum) for OLED_ShowNum
    main.o(i.main) refers to main.o(i.deal_MQTT_message) for deal_MQTT_message
    main.o(i.main) refers to f2d.o(.text) for __aeabi_f2d
    main.o(i.main) refers to main.o(.data) for aRxBuffer
    main.o(i.main) refers to usart.o(.bss) for huart2
    main.o(i.main) refers to main.o(.conststring) for .conststring
    main.o(i.main) refers to main.o(.bss) for mqtt_message
    main.o(i.main) refers to esp8266_at.o(.data) for Uart2_Rx_Cnt
[...]
    i.HAL_RCC_GetSysClockFreq                0x080015c0   Section        0  stm32f4xx_hal_rcc.o(i.HAL_RCC_GetSysClockFreq)
    i.HAL_RCC_OscConfig                      0x08001670   Section        0  stm32f4xx_hal_rcc.o(i.HAL_RCC_OscConfig)
    i.HAL_SPI_Init                           0x08001af8   Section        0  stm32f4xx_hal_spi.o(i.HAL_SPI_Init)
    i.HAL_SPI_MspInit                        0x08001b84   Section        0  spi.o(i.HAL_SPI_MspInit)
    i.HAL_SPI_Transmit                       0x08001c4c   Section        0  stm32f4xx_hal_spi.o(i.HAL_SPI_Transmit)
    i.HAL_SYSTICK_Config                     0x08001dee   Section        0  stm32f4xx_hal_cortex.o(i.HAL_SYSTICK_Config)
    i.HAL_UART_ErrorCallback                 0x08001e22   Section        0  stm32f4xx_hal_uart.o(i.HAL_UART_ErrorCallback)
    i.HAL_UART_IRQHandler                    0x08001e24   Section        0  stm32f4xx_hal_uart.o(i.HAL_UART_IRQHandler)
    i.HAL_UART_Init                          0x08001f78   Section        0  stm32f4xx_hal_uart.o(i.HAL_UART_Init)
    i.HAL_UART_MspInit                       0x08001fec   Section        0  usart.o(i.HAL_UART_MspInit)
    i.HAL_UART_Receive_IT                    0x080020f8   Section        0  stm32f4xx_hal_uart.o(i.HAL_UART_Receive_IT)
    i.HAL_UART_RxCpltCallback                0x08002168   Section        0  main.o(i.HAL_UART_RxCpltCallback)
    i.HAL_UART_Transmit                      0x080021d8   Section        0  stm32f4xx_hal_uart.o(i.HAL_UART_Transmit)
    i.HAL_UART_TxCpltCallback                0x080022b0   Section        0  stm32f4xx_hal_uart.o(i.HAL_UART_TxCpltCallback)
    i.MQTT_Connect                           0x080022b4   Section        0  esp8266_mqtt.o(i.MQTT_Connect)
    i.MQTT_PublishData                       0x080024ec   Section        0  esp8266_mqtt.o(i.MQTT_PublishData)
    i.MQTT_SendBuf                           0x08002604   Section        0  esp8266_mqtt.o(i.MQTT_SendBuf)
    i.MQTT_SubscribeTopic                    0x08002614   Section        0  esp8266_mqtt.o(i.MQTT_SubscribeTopic)
    i.MX_GPIO_Init                           0x0800276c   Section        0  gpio.o(i.MX_GPIO_Init)
    i.MX_I2C1_Init                           0x0800287c   Section        0  i2c.o(i.MX_I2C1_Init)
    i.MX_SPI2_Init                           0x080028b8   Section        0  spi.o(i.MX_SPI2_Init)
    i.MX_USART1_UART_Init                    0x080028fc   Section        0  usart.o(i.MX_USART1_UART_Init)
    i.MX_USART2_UART_Init                    0x08002934   Section        0  usart.o(i.MX_USART2_UART_Init)
    i.MemManage_Handler                      0x0800296c   Section        0  stm32f4xx_it.o(i.MemManage_Handler)
    i.NMI_Handler                            0x08002970   Section        0  stm32f4xx_it.o(i.NMI_Handler)
    i.OLED_Clear                             0x08002972   Section        0  oled.o(i.OLED_Clear)
    i.OLED_Init                              0x080029b4   Section        0  oled.o(i.OLED_Init)
    i.OLED_Set_Pos                           0x08002ad4   Section        0  oled.o(i.OLED_Set_Pos)
    i.OLED_ShowChar                          0x08002b04   Section        0  gui.o(i.OLED_ShowChar)
    i.OLED_ShowNum                           0x08002bcc   Section        0  gui.o(i.OLED_ShowNum)
    i.OLED_WR_Byte                           0x08002c54   Section        0  oled.o(i.OLED_WR_Byte)
    i.SPI_EndRxTxTransaction                 0x08002ca0   Section        0  stm32f4xx_hal_spi.o(i.SPI_EndRxTxTransaction)
    SPI_EndRxTxTransaction                   0x08002ca1   Thumb Code   100  stm32f4xx_hal_spi.o(i.SPI_EndRxTxTransaction)
    i.SPI_WaitFlagStateUntilTimeout          0x08002d0c   Section        0  stm32f4xx_hal_spi.o(i.SPI_WaitFlagStateUntilTimeout)
    SPI_WaitFlagStateUntilTimeout            0x08002d0d   Thumb Code   168  stm32f4xx_hal_spi.o(i.SPI_WaitFlagStateUntilTimeout)
    i.STM32DHT11_StatusReport                0x08002db4   Section        0  main.o(i.STM32DHT11_StatusReport)
    i.Show_Str                               0x08002e08   Section        0  gui.o(i.Show_Str)
    i.SysTick_Handler                        0x08002e86   Section        0  board.o(i.SysTick_Handler)
    i.SystemClock_Config                     0x08002e98   Section        0  main.o(i.SystemClock_Config)
    i.SystemCoreClockUpdate                  0x08002f4c   Section        0  system_stm32f4xx.o(i.SystemCoreClockUpdate)
    i.SystemInit                             0x0800300c   Section        0  system_stm32f4xx.o(i.SystemInit)
    i.UART_DMAAbortOnError                   0x08003028   Section        0  stm32f4xx_hal_uart.o(i.UART_DMAAbortOnError)
    UART_DMAAbortOnError                     0x08003029   Thumb Code    20  stm32f4xx_hal_uart.o(i.UART_DMAAbortOnError)
    i.UART_EndRxTransfer                     0x0800303c   Section        0  stm32f4xx_hal_uart.o(i.UART_EndRxTransfer)
    UART_EndRxTransfer                       0x0800303d   Thumb Code    32  stm32f4xx_hal_uart.o(i.UART_EndRxTransfer)
    i.UART_EndTransmit_IT                    0x0800305c   Section        0  stm32f4xx_hal_uart.o(i.UART_EndTransmit_IT)
    UART_EndTransmit_IT                      0x0800305d   Thumb Code    32  stm32f4xx_hal_uart.o(i.UART_EndTransmit_IT)
    i.UART_Receive_IT                        0x0800307c   Section        0  stm32f4xx_hal_uart.o(i.UART_Receive_IT)
    UART_Receive_IT                          0x0800307d   Thumb Code   166  stm32f4xx_hal_uart.o(i.UART_Receive_IT)
    i.UART_SetConfig                         0x08003124   Section        0  stm32f4xx_hal_uart.o(i.UART_SetConfig)
    UART_SetConfig                           0x08003125   Thumb Code   992  stm32f4xx_hal_uart.o(i.UART_SetConfig)
    i.UART_Transmit_IT                       0x0800350c   Section        0  stm32f4xx_hal_uart.o(i.UART_Transmit_IT)
    UART_Transmit_IT                         0x0800350d   Thumb Code   104  stm32f4xx_hal_uart.o(i.UART_Transmit_IT)
    i.UART_WaitOnFlagUntilTimeout            0x08003574   Section        0  stm32f4xx_hal_uart.o(i.UART_WaitOnFlagUntilTimeout)
    UART_WaitOnFlagUntilTimeout              0x08003575   Thumb Code   108  stm32f4xx_hal_uart.o(i.UART_WaitOnFlagUntilTimeout)
    i.USART2_IRQHandler                      0x080035e0   Section        0  stm32f4xx_it.o(i.USART2_IRQHandler)
    i.UsageFault_Handler                     0x080035f0   Section        0  stm32f4xx_it.o(i.UsageFault_Handler)
    i._SysTick_Config                        0x080035f4   Section        0  board.o(i._SysTick_Config)
    _SysTick_Config                          0x080035f5   Thumb Code    44  board.o(i._SysTick_Config)
    i.__0sprintf                             0x08003624   Section        0  printfa.o(i.__0sprintf)
    i.__NVIC_GetPriorityGrouping             0x0800364c   Section        0  stm32f4xx_hal_cortex.o(i.__NVIC_GetPriorityGrouping)
    __NVIC_GetPriorityGrouping               0x0800364d   Thumb Code    10  stm32f4xx_hal_cortex.o(i.__NVIC_GetPriorityGrouping)
    i.__NVIC_SetPriority                     0x0800365c   Section        0  stm32f4xx_hal_cortex.o(i.__NVIC_SetPriority)
    __NVIC_SetPriority                       0x0800365d   Thumb Code    32  stm32f4xx_hal_cortex.o(i.__NVIC_SetPriority)
    i.__rt_ffs                               0x08003684   Section        0  kservice.o(i.__rt_ffs)
    i.__scatterload_copy                     0x080036d0   Section       14  handlers.o(i.__scatterload_copy)
    i.__scatterload_null                     0x080036de   Section        2  handlers.o(i.__scatterload_null)
    i.__scatterload_zeroinit                 0x080036e0   Section       14  handlers.o(i.__scatterload_zeroinit)
    i._fp_digits                             0x080036f0   Section        0  printfa.o(i._fp_digits)
    _fp_digits                               0x080036f1   Thumb Code   366  printfa.o(i._fp_digits)
    i._has_defunct_thread                    0x08003874   Section        0  idle.o(i._has_defunct_thread)
    _has_defunct_thread                      0x08003875   Thumb Code    16  idle.o(i._has_defunct_thread)
    i._printf_core                           0x08003888   Section        0  printfa.o(i._printf_core)
    _printf_core                             0x08003889   Thumb Code  1744  printfa.o(i._printf_core)
    i._printf_post_padding                   0x08003f64   Section        0  printfa.o(i._printf_post_padding)
    _printf_post_padding                     0x08003f65   Thumb Code    36  printfa.o(i._printf_post_padding)
    i._printf_pre_padding                    0x08003f88   Section        0  printfa.o(i._printf_pre_padding)
    _printf_pre_padding                      0x08003f89   Thumb Code    46  printfa.o(i._printf_pre_padding)
    i._rt_thread_init                        0x08003fb8   Section        0  thread.o(i._rt_thread_init)
    _rt_thread_init                          0x08003fb9   Thumb Code   124  thread.o(i._rt_thread_init)
    i._rt_timer_init                         0x0800403c   Section        0  timer.o(i._rt_timer_init)
    _rt_timer_init                           0x0800403d   Thumb Code    66  timer.o(i._rt_timer_init)
    i._rt_timer_remove                       0x0800407e   Section        0  timer.o(i._rt_timer_remove)
    _rt_timer_remove                         0x0800407f   Thumb Code    46  timer.o(i._rt_timer_remove)
    i._sputc                                 0x080040ac   Section        0  printfa.o(i._sputc)
    _sputc                                   0x080040ad   Thumb Code    10  printfa.o(i._sputc)
    i.deal_MQTT_message                      0x080040b8   Section        0  main.o(i.deal_MQTT_message)
    i.delay_ms                               0x08004114   Section        0  oled.o(i.delay_ms)
    i.main                                   0x0800412c   Section        0  main.o(i.main)
    i.main_thread_entry                      0x080044f0   Section        0  components.o(i.main_thread_entry)
    i.oled_pow                               0x080044fe   Section        0  gui.o(i.oled_pow)
    i.plug_holes                             0x08004514   Section        0  mem.o(i.plug_holes)
    plug_holes                               0x08004515   Thumb Code   108  mem.o(i.plug_holes)
    i.print_number                           0x0800458c   Section        0  kservice.o(i.print_number)
    print_number                             0x0800458d   Thumb Code   400  kservice.o(i.print_number)
    i.rt_application_init                    0x08004724   Section        0  components.o(i.rt_application_init)
    i.rt_components_board_init               0x08004754   Section        0  components.o(i.rt_components_board_init)
    i.rt_components_init                     0x08004770   Section        0  components.o(i.rt_components_init)
    i.rt_enter_critical                      0x0800478c   Section        0  scheduler.o(i.rt_enter_critical)
    i.rt_exit_critical                       0x080047ac   Section        0  scheduler.o(i.rt_exit_critical)
    i.rt_free                                0x080047f0   Section        0  mem.o(i.rt_free)
    i.rt_heap_begin_get                      0x080048d0   Section        0  board.o(i.rt_heap_begin_get)
    i.rt_heap_end_get                        0x080048d8   Section        0  board.o(i.rt_heap_end_get)
    i.rt_hw_board_init                       0x080048e0   Section        0  board.o(i.rt_hw_board_init)
    i.rt_hw_console_output                   0x08004914   Section        0  usart.o(i.rt_hw_console_output)
    i.rt_hw_hard_fault_exception             0x08004964   Section        0  cpuport.o(i.rt_hw_hard_fault_exception)
    i.rt_hw_stack_init                       0x08004b88   Section        0  cpuport.o(i.rt_hw_stack_init)
    i.rt_interrupt_enter                     0x08004bd8   Section        0  irq.o(i.rt_interrupt_enter)
    i.rt_interrupt_leave                     0x08004bf8   Section        0  irq.o(i.rt_interrupt_leave)
    i.rt_ipc_list_suspend                    0x08004c18   Section        0  ipc.o(i.rt_ipc_list_suspend)
    rt_ipc_list_suspend                      0x08004c19   Thumb Code   108  ipc.o(i.rt_ipc_list_suspend)
    i.rt_ipc_object_init                     0x08004c84   Section        0  ipc.o(i.rt_ipc_object_init)
    rt_ipc_object_init                       0x08004c85   Thumb Code    16  ipc.o(i.rt_ipc_object_init)
    i.rt_kprintf                             0x08004c94   Section        0  kservice.o(i.rt_kprintf)
    i.rt_list_init                           0x08004cc4   Section        0  scheduler.o(i.rt_list_init)
    rt_list_init                             0x08004cc5   Thumb Code     6  scheduler.o(i.rt_list_init)
    i.rt_list_init                           0x08004cca   Section        0  timer.o(i.rt_list_init)
    rt_list_init                             0x08004ccb   Thumb Code     6  timer.o(i.rt_list_init)
    i.rt_list_insert_after                   0x08004cd0   Section        0  object.o(i.rt_list_insert_after)
    rt_list_insert_after                     0x08004cd1   Thumb Code    14  object.o(i.rt_list_insert_after)
    i.rt_list_insert_after                   0x08004cde   Section        0  thread.o(i.rt_list_insert_after)
    rt_list_insert_after                     0x08004cdf   Thumb Code    14  thread.o(i.rt_list_insert_after)
    i.rt_list_insert_after                   0x08004cec   Section        0  timer.o(i.rt_list_insert_after)
    rt_list_insert_after                     0x08004ced   Thumb Code    14  timer.o(i.rt_list_insert_after)
    i.rt_list_insert_before                  0x08004cfa   Section        0  ipc.o(i.rt_list_insert_before)
    rt_list_insert_before                    0x08004cfb   Thumb Code    14  ipc.o(i.rt_list_insert_before)
    i.rt_list_isempty                        0x08004d08   Section        0  ipc.o(i.rt_list_isempty)
    rt_list_isempty                          0x08004d09   Thumb Code    16  ipc.o(i.rt_list_isempty)
    i.rt_list_isempty                        0x08004d18   Section        0  timer.o(i.rt_list_isempty)
    rt_list_isempty                          0x08004d19   Thumb Code    16  timer.o(i.rt_list_isempty)
    i.rt_list_remove                         0x08004d28   Section        0  object.o(i.rt_list_remove)
    rt_list_remove                           0x08004d29   Thumb Code    18  object.o(i.rt_list_remove)
    i.rt_list_remove                         0x08004d3a   Section        0  thread.o(i.rt_list_remove)
    rt_list_remove                           0x08004d3b   Thumb Code    18  thread.o(i.rt_list_remove)
    i.rt_malloc                              0x08004d4c   Section        0  mem.o(i.rt_malloc)
    i.rt_memset                              0x08004eb8   Section        0  kservice.o(i.rt_memset)
    i.rt_object_allocate                     0x08004f00   Section        0  object.o(i.rt_object_allocate)
    i.rt_object_delete                       0x08004f54   Section        0  object.o(i.rt_object_delete)
    i.rt_object_detach                       0x08004f78   Section        0  object.o(i.rt_object_detach)
    i.rt_object_get_information              0x08004f98   Section        0  object.o(i.rt_object_get_information)
    i.rt_object_init                         0x08004fc0   Section        0  object.o(i.rt_object_init)
    i.rt_object_is_systemobject              0x08005016   Section        0  object.o(i.rt_object_is_systemobject)
    i.rt_schedule                            0x08005028   Section        0  scheduler.o(i.rt_schedule)
    i.rt_schedule_insert_thread              0x080050ac   Section        0  scheduler.o(i.rt_schedule_insert_thread)
    i.rt_schedule_remove_thread              0x080050fc   Section        0  scheduler.o(i.rt_schedule_remove_thread)
    i.rt_sem_init                            0x08005150   Section        0  ipc.o(i.rt_sem_init)
    i.rt_sem_release                         0x08005176   Section        0  ipc.o(i.rt_sem_release)
    i.rt_sem_take                            0x080051bc   Section        0  ipc.o(i.rt_sem_take)
    i.rt_show_version                        0x08005230   Section        0  kservice.o(i.rt_show_version)
    i.rt_strlen                              0x080052e0   Section        0  kservice.o(i.rt_strlen)
    i.rt_strncpy                             0x080052f2   Section        0  kservice.o(i.rt_strncpy)
    i.rt_system_heap_init                    0x08005328   Section        0  mem.o(i.rt_system_heap_init)
    i.rt_system_scheduler_init               0x08005420   Section        0  scheduler.o(i.rt_system_scheduler_init)
    i.rt_system_scheduler_start              0x0800546c   Section        0  scheduler.o(i.rt_system_scheduler_start)
    i.rt_system_timer_init                   0x0800549c   Section        0  timer.o(i.rt_system_timer_init)
    i.rt_system_timer_thread_init            0x080054b8   Section        0  timer.o(i.rt_system_timer_thread_init)
    i.rt_thread_create                       0x080054ba   Section        0  thread.o(i.rt_thread_create)
    i.rt_thread_delay                        0x0800550a   Section        0  thread.o(i.rt_thread_delay)
    i.rt_thread_exit                         0x08005518   Section        0  thread.o(i.rt_thread_exit)
    i.rt_thread_idle_entry                   0x0800556c   Section        0  idle.o(i.rt_thread_idle_entry)
    rt_thread_idle_entry                     0x0800556d   Thumb Code     8  idle.o(i.rt_thread_idle_entry)
    i.rt_thread_idle_excute                  0x08005574   Section        0  idle.o(i.rt_thread_idle_excute)
    i.rt_thread_idle_init                    0x08005600   Section        0  idle.o(i.rt_thread_idle_init)
    i.rt_thread_init                         0x0800563c   Section        0  thread.o(i.rt_thread_init)
    i.rt_thread_resume                       0x08005670   Section        0  thread.o(i.rt_thread_resume)
    i.rt_thread_self                         0x080056ac   Section        0  thread.o(i.rt_thread_self)
    i.rt_thread_sleep                        0x080056b8   Section        0  thread.o(i.rt_thread_sleep)
    i.rt_thread_startup                      0x080056fc   Section        0  thread.o(i.rt_thread_startup)
    i.rt_thread_suspend                      0x08005728   Section        0  thread.o(i.rt_thread_suspend)
    i.rt_thread_timeout                      0x0800576c   Section        0  thread.o(i.rt_thread_timeout)
    i.rt_thread_yield                        0x0800578c   Section        0  thread.o(i.rt_thread_yield)
    i.rt_tick_get                            0x080057f0   Section        0  clock.o(i.rt_tick_get)
    i.rt_tick_increase                       0x080057fc   Section        0  clock.o(i.rt_tick_increase)
    i.rt_timer_check                         0x0800582c   Section        0  timer.o(i.rt_timer_check)
    i.rt_timer_control                       0x080058a8   Section        0  timer.o(i.rt_timer_control)
    i.rt_timer_detach                        0x080058e0   Section        0  timer.o(i.rt_timer_detach)
    i.rt_timer_init                          0x08005900   Section        0  timer.o(i.rt_timer_init)
    i.rt_timer_start                         0x08005930   Section        0  timer.o(i.rt_timer_start)
    i.rt_timer_stop                          0x08005a28   Section        0  timer.o(i.rt_timer_stop)
    i.rt_vsnprintf                           0x08005a58   Section        0  kservice.o(i.rt_vsnprintf)
    i.rti_board_end                          0x08005d88   Section        0  components.o(i.rti_board_end)
    rti_board_end                            0x08005d89   Thumb Code     4  components.o(i.rti_board_end)
    i.rti_board_start                        0x08005d8c   Section        0  components.o(i.rti_board_start)
    rti_board_start                          0x08005d8d   Thumb Code     4  components.o(i.rti_board_start)
    i.rti_end                                0x08005d90   Section        0  components.o(i.rti_end)
    rti_end                                  0x08005d91   Thumb Code     4  components.o(i.rti_end)
    i.rti_start                              0x08005d94   Section        0  components.o(i.rti_start)
    rti_start                                0x08005d95   Thumb Code     4  components.o(i.rti_start)
    i.rtthread_startup                       0x08005d98   Section        0  components.o(i.rtthread_startup)
    i.skip_atoi                              0x08005dc2   Section        0  kservice.o(i.skip_atoi)
    skip_atoi                                0x08005dc3   Thumb Code    38  kservice.o(i.skip_atoi)
    .constdata                               0x08005de8   Section       24  system_stm32f4xx.o(.constdata)
    .constdata                               0x08005e00   Section       12  esp8266_mqtt.o(.constdata)
    .constdata                               0x08005e0c   Section     3194  gui.o(.constdata)
    .constdata                               0x08006a86   Section      290  kservice.o(.constdata)
    small_digits                             0x08006b86   Data          17  kservice.o(.constdata)
    large_digits                             0x08006b97   Data          17  kservice.o(.constdata)
    .conststring                             0x08006ba8   Section      274  main.o(.conststring)
    .rti_fn.0                                0x08006cbc   Section        4  components.o(.rti_fn.0)
    __tagsym$$used                           0x08006cbc   Number         0  components.o(.rti_fn.0)
    .rti_fn.0.end                            0x08006cc0   Section        4  components.o(.rti_fn.0.end)
    __tagsym$$used                           0x08006cc0   Number         0  components.o(.rti_fn.0.end)
    .rti_fn.1.end                            0x08006cc4   Section        4  components.o(.rti_fn.1.end)
    __tagsym$$used                           0x08006cc4   Number         0  components.o(.rti_fn.1.end)
    .rti_fn.6.end                            0x08006cc8   Section        4  components.o(.rti_fn.6.end)
    __tagsym$$used                           0x08006cc8   Number         0  components.o(.rti_fn.6.end)
    .data                                    0x20000000   Section       37  main.o(.data)
    led1_thread                              0x20000000   Data           4  main.o(.data)
    led2_thread                              0x20000004   Data           4  main.o(.data)
    .data                                    0x20000028   Section        9  stm32f4xx_hal.o(.data)
    .data                                    0x20000034   Section        4  system_stm32f4xx.o(.data)
    .data                                    0x20000038   Section        3  esp8266_at.o(.data)
    .data                                    0x2000003c   Section        4  esp8266_mqtt.o(.data)
    id                                       0x2000003e   Data           2  esp8266_mqtt.o(.data)
    .data                                    0x20000040   Section        4  clock.o(.data)
    rt_tick                                  0x20000040   Data           4  clock.o(.data)
    .data                                    0x20000044   Section        1  irq.o(.data)
    .data                                    0x20000048   Section       24  mem.o(.data)
    heap_ptr                                 0x20000048   Data           4  mem.o(.data)
    heap_end                                 0x2000004c   Data           4  mem.o(.data)
    lfree                                    0x20000050   Data           4  mem.o(.data)
    mem_size_aligned                         0x20000054   Data           4  mem.o(.data)
    used_mem                                 0x20000058   Data           4  mem.o(.data)
    max_mem                                  0x2000005c   Data           4  mem.o(.data)
    .data                                    0x20000060   Section       48  object.o(.data)
    rt_object_container                      0x20000060   Data          48  object.o(.data)
    .data                                    0x20000090   Section       24  scheduler.o(.data)
    rt_scheduler_lock_nest                   0x20000090   Data           2  scheduler.o(.data)
    .data                                    0x200000a8   Section       12  timer.o(.data)
    rt_timer_list                            0x200000a8   Data           8  timer.o(.data)
    random_nr                                0x200000b0   Data           4  timer.o(.data)
    .data                                    0x200000b4   Section       16  cpuport.o(.data)
    rt_exception_hook                        0x200000c0   Data           4  cpuport.o(.data)
    .bss                                     0x200000c4   Section      300  main.o(.bss)
    .bss                                     0x200001f0   Section       84  i2c.o(.bss)
    .bss                                     0x20000244   Section       88  spi.o(.bss)
    .bss                                     0x2000029c   Section      128  usart.o(.bss)
    .bss                                     0x2000031c   Section      768  esp8266_at.o(.bss)
    .bss                                     0x2000061c   Section     4096  board.o(.bss)
    rt_heap                                  0x2000061c   Data        4096  board.o(.bss)
    .bss                                     0x2000161c   Section      376  idle.o(.bss)
    idle                                     0x2000161c   Data         120  idle.o(.bss)
    rt_thread_stack                          0x20001694   Data         256  idle.o(.bss)
    .bss                                     0x20001794   Section      128  kservice.o(.bss)
    rt_log_buf                               0x20001794   Data         128  kservice.o(.bss)
    .bss                                     0x20001814   Section       32  mem.o(.bss)
    heap_sem                                 0x20001814   Data          32  mem.o(.bss)
    .bss                                     0x20001834   Section      256  scheduler.o(.bss)
    STACK                                    0x20001938   Section     1024  startup_stm32f407xx.o(STACK)

    Global Symbols

    Symbol Name                              Value     Ov Type        Size  Object(Section)

    BuildAttributes$$THM_ISAv4$E$P$D$K$B$S$7EM$VFPi3$EXTD16$VFPS$VFMA$PE$A:L22UL41UL21$X:L11$S22US41US21$IEEE1$IW$USESV6$~STKCKD$USESV7$~SHL$OTIME$ROPI$EBA8$MICROLIB$REQ8$PRES8$EABIv2 0x00000000   Number         0  anon$$obj.o ABSOLUTE
    __ARM_use_no_argv                        0x00000000   Number         0  main.o ABSOLUTE
    _printf_a                                0x00000000   Number         0  stubs.o ABSOLUTE
    _printf_c                                0x00000000   Number         0  stubs.o ABSOLUTE
    _printf_charcount                        0x00000000   Number         0  stubs.o ABSOLUTE
    _printf_d                                0x00000000   Number         0  stubs.o ABSOLUTE
    _printf_e                                0x00000000   Number         0  stubs.o ABSOLUTE
    _printf_f                                0x00000000   Number         0  stubs.o ABSOLUTE
    _printf_flags                            0x00000000   Number         0  stubs.o ABSOLUTE
    _printf_fp_dec                           0x00000000   Number         0  stubs.o ABSOLUTE
    _printf_fp_hex                           0x00000000   Number         0  stubs.o ABSOLUTE
    _printf_g                                0x00000000   Number         0  stubs.o ABSOLUTE
    _printf_i                                0x00000000   Number         0  stubs.o ABSOLUTE
    _printf_int_dec                          0x00000000   Number         0  stubs.o ABSOLUTE
    _printf_l                                0x00000000   Number         0  stubs.o ABSOLUTE
    _printf_lc                               0x00000000   Number         0  stubs.o ABSOLUTE
    _printf_ll                               0x00000000   Number         0  stubs.o ABSOLUTE
    _printf_lld                              0x00000000   Number         0  stubs.o ABSOLUTE
    _printf_lli                              0x00000000   Number         0  stubs.o ABSOLUTE
    _printf_llo                              0x00000000   Number         0  stubs.o ABSOLUTE
    _printf_llu                              0x00000000   Number         0  stubs.o ABSOLUTE
    _printf_llx                              0x00000000   Number         0  stubs.o ABSOLUTE
    _printf_longlong_dec                     0x00000000   Number         0  stubs.o ABSOLUTE
    _printf_longlong_hex                     0x00000000   Number         0  stubs.o ABSOLUTE
    _printf_longlong_oct                     0x00000000   Number         0  stubs.o ABSOLUTE
    _printf_ls                               0x00000000   Number         0  stubs.o ABSOLUTE
    _printf_mbtowc                           0x00000000   Number         0  stubs.o ABSOLUTE
    _printf_n                                0x00000000   Number         0  stubs.o ABSOLUTE
    _printf_o                                0x00000000   Number         0  stubs.o ABSOLUTE
    _printf_p                                0x00000000   Number         0  stubs.o ABSOLUTE
    _printf_percent                          0x00000000   Number         0  stubs.o ABSOLUTE
    _printf_pre_padding                      0x00000000   Number         0  stubs.o ABSOLUTE
    _printf_return_value                     0x00000000   Number         0  stubs.o ABSOLUTE
    _printf_s                                0x00000000   Number         0  stubs.o ABSOLUTE
    _printf_sizespec                         0x00000000   Number         0  stubs.o ABSOLUTE
    _printf_str                              0x00000000   Number         0  stubs.o ABSOLUTE
    _printf_truncate_signed                  0x00000000   Number         0  stubs.o ABSOLUTE
    _printf_truncate_unsigned                0x00000000   Number         0  stubs.o ABSOLUTE
    _printf_u                                0x00000000   Number         0  stubs.o ABSOLUTE
    _printf_wc                               0x00000000   Number         0  stubs.o ABSOLUTE
    _printf_wctomb                           0x00000000   Number         0  stubs.o ABSOLUTE
    _printf_widthprec                        0x00000000   Number         0  stubs.o ABSOLUTE
    _printf_x                                0x00000000   Number         0  stubs.o ABSOLUTE
    __cpp_initialize__aeabi_                  - Undefined Weak Reference
    __cxa_finalize                            - Undefined Weak Reference
    __decompress                              - Undefined Weak Reference
    _clock_init                               - Undefined Weak Reference
    _microlib_exit                            - Undefined Weak Reference
    __Vectors_Size                           0x00000188   Number         0  startup_stm32f407xx.o ABSOLUTE
    __Vectors                                0x08000000   Data           4  startup_stm32f407xx.o(RESET)
    __Vectors_End                            0x08000188   Data           0  startup_stm32f407xx.o(RESET)
    __main                                   0x08000189   Thumb Code     0  entry.o(.ARM.Collect$$$$00000000)
    _main_stk                                0x08000189   Thumb Code     0  entry2.o(.ARM.Collect$$$$00000001)
    _main_scatterload                        0x0800018d   Thumb Code     0  entry5.o(.ARM.Collect$$$$00000004)
    __main_after_scatterload                 0x08000191   Thumb Code     0  entry5.o(.ARM.Collect$$$$00000004)
    _main_clock                              0x08000191   Thumb Code     0  entry7b.o(.ARM.Collect$$$$00000008)
    _main_cpp_init                           0x08000191   Thumb Code     0  entry8b.o(.ARM.Collect$$$$0000000A)
    _main_init                               0x08000191   Thumb Code     0  entry9a.o(.ARM.Collect$$$$0000000B)
    __rt_final_cpp                           0x08000199   Thumb Code     0  entry10a.o(.ARM.Collect$$$$0000000D)
    __rt_final_exit                          0x08000199   Thumb Code     0  entry11a.o(.ARM.Collect$$$$0000000F)
    Reset_Handler                            0x0800019d   Thumb Code     8  startup_stm32f407xx.o(.text)
    SVC_Handler                              0x080001af   Thumb Code     2  startup_stm32f407xx.o(.text)
    ADC_IRQHandler                           0x080001b7   Thumb Code     0  startup_stm32f407xx.o(.text)
    CAN1_RX0_IRQHandler                      0x080001b7   Thumb Code     0  startup_stm32f407xx.o(.text)
    CAN1_RX1_IRQHandler                      0x080001b7   Thumb Code     0  startup_stm32f407xx.o(.text)
    CAN1_SCE_IRQHandler                      0x080001b7   Thumb Code     0  startup_stm32f407xx.o(.text)
    CAN1_TX_IRQHandler                       0x080001b7   Thumb Code     0  startup_stm32f407xx.o(.text)
    CAN2_RX0_IRQHandler                      0x080001b7   Thumb Code     0  startup_stm32f407xx.o(.text)
    CAN2_RX1_IRQHandler                      0x080001b7   Thumb Code     0  startup_stm32f407xx.o(.text)
    CAN2_SCE_IRQHandler                      0x080001b7   Thumb Code     0  startup_stm32f407xx.o(.text)
    CAN2_TX_IRQHandler                       0x080001b7   Thumb Code     0  startup_stm32f407xx.o(.text)
    DCMI_IRQHandler                          0x080001b7   Thumb Code     0  startup_stm32f407xx.o(.text)
    DMA1_Stream0_IRQHandler                  0x080001b7   Thumb Code     0  startup_stm32f407xx.o(.text)
    DMA1_Stream1_IRQHandler                  0x080001b7   Thumb Code     0  startup_stm32f407xx.o(.text)
    DMA1_Stream2_IRQHandler                  0x080001b7   Thumb Code     0  startup_stm32f407xx.o(.text)
    DMA1_Stream3_IRQHandler                  0x080001b7   Thumb Code     0  startup_stm32f407xx.o(.text)
    DMA1_Stream4_IRQHandler                  0x080001b7   Thumb Code     0  startup_stm32f407xx.o(.text)
    DMA1_Stream5_IRQHandler                  0x080001b7   Thumb Code     0  startup_stm32f407xx.o(.text)
    DMA1_Stream6_IRQHandler                  0x080001b7   Thumb Code     0  startup_stm32f407xx.o(.text)
    DMA1_Stream7_IRQHandler                  0x080001b7   Thumb Code     0  startup_stm32f407xx.o(.text)
    DMA2_Stream0_IRQHandler                  0x080001b7   Thumb Code     0  startup_stm32f407xx.o(.text)
    DMA2_Stream1_IRQHandler                  0x080001b7   Thumb Code     0  startup_stm32f407xx.o(.text)
    DMA2_Stream2_IRQHandler                  0x080001b7   Thumb Code     0  startup_stm32f407xx.o(.text)
    DMA2_Stream3_IRQHandler                  0x080001b7   Thumb Code     0  startup_stm32f407xx.o(.text)
    DMA2_Stream4_IRQHandler                  0x080001b7   Thumb Code     0  startup_stm32f407xx.o(.text)
    DMA2_Stream5_IRQHandler                  0x080001b7   Thumb Code     0  startup_stm32f407xx.o(.text)
    DMA2_Stream6_IRQHandler                  0x080001b7   Thumb Code     0  startup_stm32f407xx.o(.text)
    DMA2_Stream7_IRQHandler                  0x080001b7   Thumb Code     0  startup_stm32f407xx.o(.text)
    ETH_IRQHandler                           0x080001b7   Thumb Code     0  startup_stm32f407xx.o(.text)
    ETH_WKUP_IRQHandler                      0x080001b7   Thumb Code     0  startup_stm32f407xx.o(.text)
    EXTI0_IRQHandler                         0x080001b7   Thumb Code     0  startup_stm32f407xx.o(.text)
    EXTI15_10_IRQHandler                     0x080001b7   Thumb Code     0  startup_stm32f407xx.o(.text)
    EXTI1_IRQHandler                         0x080001b7   Thumb Code     0  startup_stm32f407xx.o(.text)
    EXTI2_IRQHandler                         0x080001b7   Thumb Code     0  startup_stm32f407xx.o(.text)
    EXTI3_IRQHandler                         0x080001b7   Thumb Code     0  startup_stm32f407xx.o(.text)
    EXTI4_IRQHandler                         0x080001b7   Thumb Code     0  startup_stm32f407xx.o(.text)
    EXTI9_5_IRQHandler                       0x080001b7   Thumb Code     0  startup_stm32f407xx.o(.text)
    FLASH_IRQHandler                         0x080001b7   Thumb Code     0  startup_stm32f407xx.o(.text)
    FMC_IRQHandler                           0x080001b7   Thumb Code     0  startup_stm32f407xx.o(.text)
    FPU_IRQHandler                           0x080001b7   Thumb Code     0  startup_stm32f407xx.o(.text)
    HASH_RNG_IRQHandler                      0x080001b7   Thumb Code     0  startup_stm32f407xx.o(.text)
    I2C1_ER_IRQHandler                       0x080001b7   Thumb Code     0  startup_stm32f407xx.o(.text)
    I2C1_EV_IRQHandler                       0x080001b7   Thumb Code     0  startup_stm32f407xx.o(.text)
    I2C2_ER_IRQHandler                       0x080001b7   Thumb Code     0  startup_stm32f407xx.o(.text)
    I2C2_EV_IRQHandler                       0x080001b7   Thumb Code     0  startup_stm32f407xx.o(.text)
    I2C3_ER_IRQHandler                       0x080001b7   Thumb Code     0  startup_stm32f407xx.o(.text)
    I2C3_EV_IRQHandler                       0x080001b7   Thumb Code     0  startup_stm32f407xx.o(.text)
    OTG_FS_IRQHandler                        0x080001b7   Thumb Code     0  startup_stm32f407xx.o(.text)
    OTG_FS_WKUP_IRQHandler                   0x080001b7   Thumb Code     0  startup_stm32f407xx.o(.text)
    OTG_HS_EP1_IN_IRQHandler                 0x080001b7   Thumb Code     0  startup_stm32f407xx.o(.text)
    OTG_HS_EP1_OUT_IRQHandler                0x080001b7   Thumb Code     0  startup_stm32f407xx.o(.text)
    OTG_HS_IRQHandler                        0x080001b7   Thumb Code     0  startup_stm32f407xx.o(.text)
    OTG_HS_WKUP_IRQHandler                   0x080001b7   Thumb Code     0  startup_stm32f407xx.o(.text)
    PVD_IRQHandler                           0x080001b7   Thumb Code     0  startup_stm32f407xx.o(.text)
    RCC_IRQHandler                           0x080001b7   Thumb Code     0  startup_stm32f407xx.o(.text)
    RTC_Alarm_IRQHandler                     0x080001b7   Thumb Code     0  startup_stm32f407xx.o(.text)
    RTC_WKUP_IRQHandler                      0x080001b7   Thumb Code     0  startup_stm32f407xx.o(.text)
    SDIO_IRQHandler                          0x080001b7   Thumb Code     0  startup_stm32f407xx.o(.text)
    SPI1_IRQHandler                          0x080001b7   Thumb Code     0  startup_stm32f407xx.o(.text)
    SPI2_IRQHandler                          0x080001b7   Thumb Code     0  startup_stm32f407xx.o(.text)
    SPI3_IRQHandler                          0x080001b7   Thumb Code     0  startup_stm32f407xx.o(.text)
    TAMP_STAMP_IRQHandler                    0x080001b7   Thumb Code     0  startup_stm32f407xx.o(.text)
    TIM1_BRK_TIM9_IRQHandler                 0x080001b7   Thumb Code     0  startup_stm32f407xx.o(.text)
    TIM1_CC_IRQHandler                       0x080001b7   Thumb Code     0  startup_stm32f407xx.o(.text)
    TIM1_TRG_COM_TIM11_IRQHandler            0x080001b7   Thumb Code     0  startup_stm32f407xx.o(.text)
    TIM1_UP_TIM10_IRQHandler                 0x080001b7   Thumb Code     0  startup_stm32f407xx.o(.text)
    TIM2_IRQHandler                          0x080001b7   Thumb Code     0  startup_stm32f407xx.o(.text)
    TIM3_IRQHandler                          0x080001b7   Thumb Code     0  startup_stm32f407xx.o(.text)
    TIM4_IRQHandler                          0x080001b7   Thumb Code     0  startup_stm32f407xx.o(.text)
    TIM5_IRQHandler                          0x080001b7   Thumb Code     0  startup_stm32f407xx.o(.text)
    TIM6_DAC_IRQHandler                      0x080001b7   Thumb Code     0  startup_stm32f407xx.o(.text)
    TIM7_IRQHandler                          0x080001b7   Thumb Code     0  startup_stm32f407xx.o(.text)
    TIM8_BRK_TIM12_IRQHandler                0x080001b7   Thumb Code     0  startup_stm32f407xx.o(.text)
    TIM8_CC_IRQHandler                       0x080001b7   Thumb Code     0  startup_stm32f407xx.o(.text)
    TIM8_TRG_COM_TIM14_IRQHandler            0x080001b7   Thumb Code     0  startup_stm32f407xx.o(.text)
    TIM8_UP_TIM13_IRQHandler                 0x080001b7   Thumb Code     0  startup_stm32f407xx.o(.text)
    UART4_IRQHandler                         0x080001b7   Thumb Code     0  startup_stm32f407xx.o(.text)
    UART5_IRQHandler                         0x080001b7   Thumb Code     0  startup_stm32f407xx.o(.text)
    USART1_IRQHandler                        0x080001b7   Thumb Code     0  startup_stm32f407xx.o(.text)
    USART3_IRQHandler                        0x080001b7   Thumb Code     0  startup_stm32f407xx.o(.text)
    USART6_IRQHandler                        0x080001b7   Thumb Code     0  startup_stm32f407xx.o(.text)
    WWDG_IRQHandler                          0x080001b7   Thumb Code     0  startup_stm32f407xx.o(.text)
    rt_hw_interrupt_disable                  0x080001c1   Thumb Code     8  context_rvds.o(.text)
    rt_hw_interrupt_enable                   0x080001c9   Thumb Code     6  context_rvds.o(.text)
    rt_hw_context_switch                     0x080001cf   Thumb Code    32  context_rvds.o(.text)
    rt_hw_context_switch_interrupt           0x080001cf   Thumb Code     0  context_rvds.o(.text)
    PendSV_Handler                           0x080001ef   Thumb Code   108  context_rvds.o(.text)
    rt_hw_context_switch_to                  0x0800025b   Thumb Code    70  context_rvds.o(.text)
    rt_hw_interrupt_thread_switch            0x080002a1   Thumb Code     2  context_rvds.o(.text)
    HardFault_Handler                        0x080002a3   Thumb Code    56  context_rvds.o(.text)
    __aeabi_uldivmod                         0x080002f5   Thumb Code    98  uldiv.o(.text)
    __aeabi_memcpy                           0x08000357   Thumb Code    36  memcpya.o(.text)
    __aeabi_memcpy4                          0x08000357   Thumb Code     0  memcpya.o(.text)
    __aeabi_memcpy8                          0x08000357   Thumb Code     0  memcpya.o(.text)
    __aeabi_memset                           0x0800037b   Thumb Code    14  memseta.o(.text)
    __aeabi_memset4                          0x0800037b   Thumb Code     0  memseta.o(.text)
    __aeabi_memset8                          0x0800037b   Thumb Code     0  memseta.o(.text)
    __aeabi_memclr                           0x08000389   Thumb Code     4  memseta.o(.text)
    __aeabi_memclr4                          0x08000389   Thumb Code     0  memseta.o(.text)
    __aeabi_memclr8                          0x08000389   Thumb Code     0  memseta.o(.text)
    _memset$wrapper                          0x0800038d   Thumb Code    18  memseta.o(.text)
    strstr                                   0x0800039f   Thumb Code    36  strstr.o(.text)
    strlen                                   0x080003c3   Thumb Code    14  strlen.o(.text)
    strcpy                                   0x080003d1   Thumb Code    18  strcpy.o(.text)
    __aeabi_dadd                             0x080003e3   Thumb Code   322  dadd.o(.text)
    __aeabi_dsub                             0x08000525   Thumb Code     6  dadd.o(.text)
    __aeabi_drsub                            0x0800052b   Thumb Code     6  dadd.o(.text)
    __aeabi_dmul                             0x08000531   Thumb Code   228  dmul.o(.text)
    __aeabi_f2d                              0x08000615   Thumb Code    38  f2d.o(.text)
    __aeabi_uidiv                            0x0800063b   Thumb Code     0  uidiv.o(.text)
    __aeabi_uidivmod                         0x0800063b   Thumb Code    44  uidiv.o(.text)
    __aeabi_llsl                             0x08000667   Thumb Code    30  llshl.o(.text)
    _ll_shift_l                              0x08000667   Thumb Code     0  llshl.o(.text)
    __aeabi_llsr                             0x08000685   Thumb Code    32  llushr.o(.text)
    _ll_ushift_r                             0x08000685   Thumb Code     0  llushr.o(.text)
    __aeabi_lasr                             0x080006a5   Thumb Code    36  llsshr.o(.text)
    _ll_sshift_r                             0x080006a5   Thumb Code     0  llsshr.o(.text)
    __I$use$fp                               0x080006c9   Thumb Code     0  iusefp.o(.text)
    _double_round                            0x080006c9   Thumb Code    30  depilogue.o(.text)
    _double_epilogue                         0x080006e7   Thumb Code   156  depilogue.o(.text)
    __aeabi_ddiv                             0x08000783   Thumb Code   222  ddiv.o(.text)
    __aeabi_d2ulz                            0x08000861   Thumb Code    48  dfixul.o(.text)
    __aeabi_cdrcmple                         0x08000891   Thumb Code    48  cdrcmple.o(.text)
    __scatterload                            0x080008c1   Thumb Code    28  init.o(.text)
    __scatterload_rt2                        0x080008c1   Thumb Code     0  init.o(.text)
    main                                     0x080008e5   Thumb Code    10  components.o(i.$Sub$$main)
    BusFault_Handler                         0x080008ef   Thumb Code     4  stm32f4xx_it.o(i.BusFault_Handler)
    DebugMon_Handler                         0x080008f3   Thumb Code     2  stm32f4xx_it.o(i.DebugMon_Handler)
    ESP8266_ATSendBuf                        0x080008f5   Thumb Code    54  esp8266_at.o(i.ESP8266_ATSendBuf)
    ESP8266_ATSendString                     0x08000939   Thumb Code    36  esp8266_at.o(i.ESP8266_ATSendString)
    ESP8266_Check                            0x08000969   Thumb Code    52  esp8266_at.o(i.ESP8266_Check)
    ESP8266_ConnectAP                        0x080009a9   Thumb Code   132  esp8266_at.o(i.ESP8266_ConnectAP)
    ESP8266_ConnectServer                    0x08000a71   Thumb Code   158  esp8266_at.o(i.ESP8266_ConnectServer)
    ESP8266_ExitUnvarnishedTrans             0x08000b49   Thumb Code    28  esp8266_at.o(i.ESP8266_ExitUnvarnishedTrans)
    ESP8266_Init                             0x08000b6d   Thumb Code    72  esp8266_at.o(i.ESP8266_Init)
    Error_Handler                            0x08000c11   Thumb Code     2  main.o(i.Error_Handler)
    FindStr                                  0x08000c13   Thumb Code    40  esp8266_at.o(i.FindStr)
    GUI_DrawFont16                           0x08000c3d   Thumb Code   258  gui.o(i.GUI_DrawFont16)
    HAL_DMA_Abort_IT                         0x08000d45   Thumb Code    40  stm32f4xx_hal_dma.o(i.HAL_DMA_Abort_IT)
    HAL_GPIO_Init                            0x08000d6d   Thumb Code   466  stm32f4xx_hal_gpio.o(i.HAL_GPIO_Init)
    HAL_GPIO_WritePin                        0x08000f6d   Thumb Code    12  stm32f4xx_hal_gpio.o(i.HAL_GPIO_WritePin)
    HAL_GetTick                              0x08000f79   Thumb Code     6  stm32f4xx_hal.o(i.HAL_GetTick)
    HAL_I2C_Init                             0x08000f85   Thumb Code   446  stm32f4xx_hal_i2c.o(i.HAL_I2C_Init)
    HAL_I2C_MspInit                          0x08001155   Thumb Code   240  i2c.o(i.HAL_I2C_MspInit)
    HAL_Init                                 0x08001255   Thumb Code    54  stm32f4xx_hal.o(i.HAL_Init)
    HAL_InitTick                             0x08001291   Thumb Code    64  stm32f4xx_hal.o(i.HAL_InitTick)
    HAL_MspInit                              0x080012dd   Thumb Code    74  stm32f4xx_hal_msp.o(i.HAL_MspInit)
    HAL_NVIC_EnableIRQ                       0x0800132d   Thumb Code    32  stm32f4xx_hal_cortex.o(i.HAL_NVIC_EnableIRQ)
    HAL_NVIC_SetPriority                     0x0800134d   Thumb Code   124  stm32f4xx_hal_cortex.o(i.HAL_NVIC_SetPriority)
    HAL_NVIC_SetPriorityGrouping             0x080013c9   Thumb Code    32  stm32f4xx_hal_cortex.o(i.HAL_NVIC_SetPriorityGrouping)
    HAL_RCC_ClockConfig                      0x080013f1   Thumb Code   368  stm32f4xx_hal_rcc.o(i.HAL_RCC_ClockConfig)
    HAL_RCC_GetHCLKFreq                      0x08001575   Thumb Code     6  stm32f4xx_hal_rcc.o(i.HAL_RCC_GetHCLKFreq)
    HAL_RCC_GetPCLK1Freq                     0x08001581   Thumb Code    22  stm32f4xx_hal_rcc.o(i.HAL_RCC_GetPCLK1Freq)
    HAL_RCC_GetPCLK2Freq                     0x080015a1   Thumb Code    22  stm32f4xx_hal_rcc.o(i.HAL_RCC_GetPCLK2Freq)
    HAL_RCC_GetSysClockFreq                  0x080015c1   Thumb Code   162  stm32f4xx_hal_rcc.o(i.HAL_RCC_GetSysClockFreq)
    HAL_RCC_OscConfig                        0x08001671   Thumb Code  1152  stm32f4xx_hal_rcc.o(i.HAL_RCC_OscConfig)
    HAL_SPI_Init                             0x08001af9   Thumb Code   140  stm32f4xx_hal_spi.o(i.HAL_SPI_Init)
    HAL_SPI_MspInit                          0x08001b85   Thumb Code   182  spi.o(i.HAL_SPI_MspInit)
    HAL_SPI_Transmit                         0x08001c4d   Thumb Code   418  stm32f4xx_hal_spi.o(i.HAL_SPI_Transmit)
    HAL_SYSTICK_Config                       0x08001def   Thumb Code    52  stm32f4xx_hal_cortex.o(i.HAL_SYSTICK_Config)
    HAL_UART_ErrorCallback                   0x08001e23   Thumb Code     2  stm32f4xx_hal_uart.o(i.HAL_UART_ErrorCallback)
    HAL_UART_IRQHandler                      0x08001e25   Thumb Code   336  stm32f4xx_hal_uart.o(i.HAL_UART_IRQHandler)
    HAL_UART_Init                            0x08001f79   Thumb Code   114  stm32f4xx_hal_uart.o(i.HAL_UART_Init)
    HAL_UART_MspInit                         0x08001fed   Thumb Code   250  usart.o(i.HAL_UART_MspInit)
    HAL_UART_Receive_IT                      0x080020f9   Thumb Code   112  stm32f4xx_hal_uart.o(i.HAL_UART_Receive_IT)
    HAL_UART_RxCpltCallback                  0x08002169   Thumb Code    96  main.o(i.HAL_UART_RxCpltCallback)
    HAL_UART_Transmit                        0x080021d9   Thumb Code   216  stm32f4xx_hal_uart.o(i.HAL_UART_Transmit)
    HAL_UART_TxCpltCallback                  0x080022b1   Thumb Code     2  stm32f4xx_hal_uart.o(i.HAL_UART_TxCpltCallback)
    MQTT_Connect                             0x080022b5   Thumb Code   550  esp8266_mqtt.o(i.MQTT_Connect)
    MQTT_PublishData                         0x080024ed   Thumb Code   266  esp8266_mqtt.o(i.MQTT_PublishData)
    MQTT_SendBuf                             0x08002605   Thumb Code    16  esp8266_mqtt.o(i.MQTT_SendBuf)
    MQTT_SubscribeTopic                      0x08002615   Thumb Code   328  esp8266_mqtt.o(i.MQTT_SubscribeTopic)
    MX_GPIO_Init                             0x0800276d   Thumb Code   260  gpio.o(i.MX_GPIO_Init)
    MX_I2C1_Init                             0x0800287d   Thumb Code    48  i2c.o(i.MX_I2C1_Init)
    MX_SPI2_Init                             0x080028b9   Thumb Code    58  spi.o(i.MX_SPI2_Init)
    MX_USART1_UART_Init                      0x080028fd   Thumb Code    46  usart.o(i.MX_USART1_UART_Init)
    MX_USART2_UART_Init                      0x08002935   Thumb Code    46  usart.o(i.MX_USART2_UART_Init)
    MemManage_Handler                        0x0800296d   Thumb Code     4  stm32f4xx_it.o(i.MemManage_Handler)
    NMI_Handler                              0x08002971   Thumb Code     2  stm32f4xx_it.o(i.NMI_Handler)
    OLED_Clear                               0x08002973   Thumb Code    64  oled.o(i.OLED_Clear)
    OLED_Init                                0x080029b5   Thumb Code   284  oled.o(i.OLED_Init)
    OLED_Set_Pos                             0x08002ad5   Thumb Code    46  oled.o(i.OLED_Set_Pos)
    OLED_ShowChar                            0x08002b05   Thumb Code   196  gui.o(i.OLED_ShowChar)
    OLED_ShowNum                             0x08002bcd   Thumb Code   136  gui.o(i.OLED_ShowNum)
    OLED_WR_Byte                             0x08002c55   Thumb Code    66  oled.o(i.OLED_WR_Byte)
    STM32DHT11_StatusReport                  0x08002db5   Thumb Code    26  main.o(i.STM32DHT11_StatusReport)
    Show_Str                                 0x08002e09   Thumb Code   126  gui.o(i.Show_Str)
    SysTick_Handler                          0x08002e87   Thumb Code    16  board.o(i.SysTick_Handler)
    SystemClock_Config                       0x08002e99   Thumb Code   170  main.o(i.SystemClock_Config)
    SystemCoreClockUpdate                    0x08002f4d   Thumb Code   170  system_stm32f4xx.o(i.SystemCoreClockUpdate)
    SystemInit                               0x0800300d   Thumb Code    24  system_stm32f4xx.o(i.SystemInit)
    USART2_IRQHandler                        0x080035e1   Thumb Code    10  stm32f4xx_it.o(i.USART2_IRQHandler)
    UsageFault_Handler                       0x080035f1   Thumb Code     4  stm32f4xx_it.o(i.UsageFault_Handler)
    __0sprintf                               0x08003625   Thumb Code    34  printfa.o(i.__0sprintf)
    __1sprintf                               0x08003625   Thumb Code     0  printfa.o(i.__0sprintf)
    __2sprintf                               0x08003625   Thumb Code     0  printfa.o(i.__0sprintf)
    __c89sprintf                             0x08003625   Thumb Code     0  printfa.o(i.__0sprintf)
    sprintf                                  0x08003625   Thumb Code     0  printfa.o(i.__0sprintf)
    __rt_ffs                                 0x08003685   Thumb Code    70  kservice.o(i.__rt_ffs)
    __scatterload_copy                       0x080036d1   Thumb Code    14  handlers.o(i.__scatterload_copy)
    __scatterload_null                       0x080036df   Thumb Code     2  handlers.o(i.__scatterload_null)
    __scatterload_zeroinit                   0x080036e1   Thumb Code    14  handlers.o(i.__scatterload_zeroinit)
    deal_MQTT_message                        0x080040b9   Thumb Code    72  main.o(i.deal_MQTT_message)
    delay_ms                                 0x08004115   Thumb Code    24  oled.o(i.delay_ms)
    $Super$$main                             0x0800412d   Thumb Code   620  main.o(i.main)
    main_thread_entry                        0x080044f1   Thumb Code    14  components.o(i.main_thread_entry)
    oled_pow                                 0x080044ff   Thumb Code    22  gui.o(i.oled_pow)
    rt_application_init                      0x08004725   Thumb Code    34  components.o(i.rt_application_init)
    rt_components_board_init                 0x08004755   Thumb Code    20  components.o(i.rt_components_board_init)
    rt_components_init                       0x08004771   Thumb Code    20  components.o(i.rt_components_init)
    rt_enter_critical                        0x0800478d   Thumb Code    28  scheduler.o(i.rt_enter_critical)
    rt_exit_critical                         0x080047ad   Thumb Code    60  scheduler.o(i.rt_exit_critical)
    rt_free                                  0x080047f1   Thumb Code   128  mem.o(i.rt_free)
    rt_heap_begin_get                        0x080048d1   Thumb Code     4  board.o(i.rt_heap_begin_get)
    rt_heap_end_get                          0x080048d9   Thumb Code     4  board.o(i.rt_heap_end_get)
    rt_hw_board_init                         0x080048e1   Thumb Code    48  board.o(i.rt_hw_board_init)
    rt_hw_console_output                     0x08004915   Thumb Code    74  usart.o(i.rt_hw_console_output)
    rt_hw_hard_fault_exception               0x08004965   Thumb Code   212  cpuport.o(i.rt_hw_hard_fault_exception)
    rt_hw_stack_init                         0x08004b89   Thumb Code    74  cpuport.o(i.rt_hw_stack_init)
    rt_interrupt_enter                       0x08004bd9   Thumb Code    26  irq.o(i.rt_interrupt_enter)
    rt_interrupt_leave                       0x08004bf9   Thumb Code    26  irq.o(i.rt_interrupt_leave)
    rt_kprintf                               0x08004c95   Thumb Code    44  kservice.o(i.rt_kprintf)
    rt_malloc                                0x08004d4d   Thumb Code   336  mem.o(i.rt_malloc)
    rt_memset                                0x08004eb9   Thumb Code    72  kservice.o(i.rt_memset)
    rt_object_allocate                       0x08004f01   Thumb Code    84  object.o(i.rt_object_allocate)
    rt_object_delete                         0x08004f55   Thumb Code    36  object.o(i.rt_object_delete)
    rt_object_detach                         0x08004f79   Thumb Code    30  object.o(i.rt_object_detach)
    rt_object_get_information                0x08004f99   Thumb Code    36  object.o(i.rt_object_get_information)
    rt_object_init                           0x08004fc1   Thumb Code    86  object.o(i.rt_object_init)
    rt_object_is_systemobject                0x08005017   Thumb Code    18  object.o(i.rt_object_is_systemobject)
    rt_schedule                              0x08005029   Thumb Code   106  scheduler.o(i.rt_schedule)
    rt_schedule_insert_thread                0x080050ad   Thumb Code    72  scheduler.o(i.rt_schedule_insert_thread)
    rt_schedule_remove_thread                0x080050fd   Thumb Code    76  scheduler.o(i.rt_schedule_remove_thread)
    rt_sem_init                              0x08005151   Thumb Code    38  ipc.o(i.rt_sem_init)
    rt_sem_release                           0x08005177   Thumb Code    70  ipc.o(i.rt_sem_release)
    rt_sem_take                              0x080051bd   Thumb Code   116  ipc.o(i.rt_sem_take)
    rt_show_version                          0x08005231   Thumb Code    38  kservice.o(i.rt_show_version)
    rt_strlen                                0x080052e1   Thumb Code    18  kservice.o(i.rt_strlen)
    rt_strncpy                               0x080052f3   Thumb Code    52  kservice.o(i.rt_strncpy)
    rt_system_heap_init                      0x08005329   Thumb Code   160  mem.o(i.rt_system_heap_init)
    rt_system_scheduler_init                 0x08005421   Thumb Code    52  scheduler.o(i.rt_system_scheduler_init)
    rt_system_scheduler_start                0x0800546d   Thumb Code    36  scheduler.o(i.rt_system_scheduler_start)
    rt_system_timer_init                     0x0800549d   Thumb Code    24  timer.o(i.rt_system_timer_init)
    rt_system_timer_thread_init              0x080054b9   Thumb Code     2  timer.o(i.rt_system_timer_thread_init)
    rt_thread_create                         0x080054bb   Thumb Code    80  thread.o(i.rt_thread_create)
    rt_thread_delay                          0x0800550b   Thumb Code    12  thread.o(i.rt_thread_delay)
    rt_thread_exit                           0x08005519   Thumb Code    76  thread.o(i.rt_thread_exit)
    rt_thread_idle_excute                    0x08005575   Thumb Code   134  idle.o(i.rt_thread_idle_excute)
    rt_thread_idle_init                      0x08005601   Thumb Code    38  idle.o(i.rt_thread_idle_init)
    rt_thread_init                           0x0800563d   Thumb Code    52  thread.o(i.rt_thread_init)
    rt_thread_resume                         0x08005671   Thumb Code    60  thread.o(i.rt_thread_resume)
    rt_thread_self                           0x080056ad   Thumb Code     6  thread.o(i.rt_thread_self)
    rt_thread_sleep                          0x080056b9   Thumb Code    62  thread.o(i.rt_thread_sleep)
    rt_thread_startup                        0x080056fd   Thumb Code    44  thread.o(i.rt_thread_startup)
    rt_thread_suspend                        0x08005729   Thumb Code    68  thread.o(i.rt_thread_suspend)
    rt_thread_timeout                        0x0800576d   Thumb Code    32  thread.o(i.rt_thread_timeout)
    rt_thread_yield                          0x0800578d   Thumb Code    92  thread.o(i.rt_thread_yield)
    rt_tick_get                              0x080057f1   Thumb Code     6  clock.o(i.rt_tick_get)
    rt_tick_increase                         0x080057fd   Thumb Code    42  clock.o(i.rt_tick_increase)
    rt_timer_check                           0x0800582d   Thumb Code   118  timer.o(i.rt_timer_check)
    rt_timer_control                         0x080058a9   Thumb Code    56  timer.o(i.rt_timer_control)
    rt_timer_detach                          0x080058e1   Thumb Code    32  timer.o(i.rt_timer_detach)
    rt_timer_init                            0x08005901   Thumb Code    46  timer.o(i.rt_timer_init)
    rt_timer_start                           0x08005931   Thumb Code   238  timer.o(i.rt_timer_start)
    rt_timer_stop                            0x08005a29   Thumb Code    48  timer.o(i.rt_timer_stop)
    rt_vsnprintf                             0x08005a59   Thumb Code   808  kservice.o(i.rt_vsnprintf)
    rtthread_startup                         0x08005d99   Thumb Code    42  components.o(i.rtthread_startup)
    AHBPrescTable                            0x08005de8   Data          16  system_stm32f4xx.o(.constdata)
    APBPrescTable                            0x08005df8   Data           8  system_stm32f4xx.o(.constdata)
    parket_connetAck                         0x08005e00   Data           4  esp8266_mqtt.o(.constdata)
    parket_disconnet                         0x08005e04   Data           2  esp8266_mqtt.o(.constdata)
    parket_heart                             0x08005e06   Data           2  esp8266_mqtt.o(.constdata)
    parket_heart_reply                       0x08005e08   Data           2  esp8266_mqtt.o(.constdata)
    parket_subAck                            0x08005e0a   Data           2  esp8266_mqtt.o(.constdata)
    F6x8                                     0x08005e0c   Data         552  gui.o(.constdata)
    F8X16                                    0x08006034   Data        1520  gui.o(.constdata)
    tfont16                                  0x08006624   Data        1122  gui.o(.constdata)
    __lowest_bit_bitmap                      0x08006a86   Data         256  kservice.o(.constdata)
    __rt_init_rti_start                      0x08006cbc   Data           4  components.o(.rti_fn.0)
    __rt_init_rti_board_start                0x08006cc0   Data           4  components.o(.rti_fn.0.end)
    __rt_init_rti_board_end                  0x08006cc4   Data           4  components.o(.rti_fn.1.end)
    __rt_init_rti_end                        0x08006cc8   Data           4  components.o(.rti_fn.6.end)
    Region$$Table$$Base                      0x08006ccc   Number         0  anon$$obj.o(Region$$Table)
    Region$$Table$$Limit                     0x08006cec   Number         0  anon$$obj.o(Region$$Table)
    aRxBuffer                                0x20000008   Data           1  main.o(.data)
    cAlmStr                                  0x20000009   Data          20  main.o(.data)
    a                                        0x2000001d   Data           8  main.o(.data)
    uwTick                                   0x20000028   Data           4  stm32f4xx_hal.o(.data)
    uwTickPrio                               0x2000002c   Data           4  stm32f4xx_hal.o(.data)
    uwTickFreq                               0x20000030   Data           1  stm32f4xx_hal.o(.data)
    SystemCoreClock                          0x20000034   Data           4  system_stm32f4xx.o(.data)
    usart2_rxone                             0x20000038   Data           1  esp8266_at.o(.data)
    usart2_rxcounter                         0x20000039   Data           1  esp8266_at.o(.data)
    Uart2_Rx_Cnt                             0x2000003a   Data           1  esp8266_at.o(.data)
    MQTT_TxLen                               0x2000003c   Data           2  esp8266_mqtt.o(.data)
    rt_interrupt_nest                        0x20000044   Data           1  irq.o(.data)
    rt_current_thread                        0x20000094   Data           4  scheduler.o(.data)
    rt_current_priority                      0x20000098   Data           1  scheduler.o(.data)
    rt_thread_ready_priority_group           0x2000009c   Data           4  scheduler.o(.data)
    rt_thread_defunct                        0x200000a0   Data           8  scheduler.o(.data)
    rt_interrupt_from_thread                 0x200000b4   Data           4  cpuport.o(.data)
    rt_interrupt_to_thread                   0x200000b8   Data           4  cpuport.o(.data)
    rt_thread_switch_interrupt_flag          0x200000bc   Data           4  cpuport.o(.data)
    mqtt_message                             0x200000c4   Data         300  main.o(.bss)
    hi2c1                                    0x200001f0   Data          84  i2c.o(.bss)
    hspi2                                    0x20000244   Data          88  spi.o(.bss)
    huart1                                   0x2000029c   Data          64  usart.o(.bss)
    huart2                                   0x200002dc   Data          64  usart.o(.bss)
    usart2_txbuf                             0x2000031c   Data         256  esp8266_at.o(.bss)
    usart2_rxbuf                             0x2000041c   Data         512  esp8266_at.o(.bss)
    rt_thread_priority_table                 0x20001834   Data         256  scheduler.o(.bss)
    __initial_sp                             0x20001d38   Data           0  startup_stm32f407xx.o(STACK)



==============================================================================

Memory Map of the image

  Image Entry point : 0x08000189

  Load Region LR_IROM1 (Base: 0x08000000, Size: 0x00006db0, Max: 0x00080000, ABSOLUTE)

    Execution Region ER_IROM1 (Base: 0x08000000, Size: 0x00006cec, Max: 0x00080000, ABSOLUTE)

    Base Addr    Size         Type   Attr      Idx    E Section Name        Object

    0x08000000   0x00000188   Data   RO            3    RESET               startup_stm32f407xx.o
    0x08000188   0x00000000   Code   RO         4164  * .ARM.Collect$$$$00000000  mc_w.l(entry.o)
    0x08000188   0x00000004   Code   RO         4452    .ARM.Collect$$$$00000001  mc_w.l(entry2.o)
    0x0800018c   0x00000004   Code   RO         4455    .ARM.Collect$$$$00000004  mc_w.l(entry5.o)
    0x08000190   0x00000000   Code   RO         4457    .ARM.Collect$$$$00000008  mc_w.l(entry7b.o)
    0x08000190   0x00000000   Code   RO         4459    .ARM.Collect$$$$0000000A  mc_w.l(entry8b.o)
    0x08000190   0x00000008   Code   RO         4460    .ARM.Collect$$$$0000000B  mc_w.l(entry9a.o)
    0x08000198   0x00000000   Code   RO         4462    .ARM.Collect$$$$0000000D  mc_w.l(entry10a.o)
    0x08000198   0x00000000   Code   RO         4464    .ARM.Collect$$$$0000000F  mc_w.l(entry11a.o)
    0x08000198   0x00000004   Code   RO         4453    .ARM.Collect$$$$00002712  mc_w.l(entry2.o)
    0x0800019c   0x00000024   Code   RO            4    .text               startup_stm32f407xx.o
    0x080001c0   0x00000134   Code   RO         3228    .text               context_rvds.o
    0x080002f4   0x00000062   Code   RO         4167    .text               mc_w.l(uldiv.o)
    0x08000356   0x00000024   Code   RO         4169    .text               mc_w.l(memcpya.o)
    0x0800037a   0x00000024   Code   RO         4171    .text               mc_w.l(memseta.o)
    0x0800039e   0x00000024   Code   RO         4173    .text               mc_w.l(strstr.o)
    0x080003c2   0x0000000e   Code   RO         4175    .text               mc_w.l(strlen.o)
    0x080003d0   0x00000012   Code   RO         4177    .text               mc_w.l(strcpy.o)
    0x080003e2   0x0000014e   Code   RO         4442    .text               mf_w.l(dadd.o)
    0x08000530   0x000000e4   Code   RO         4444    .text               mf_w.l(dmul.o)
    0x08000614   0x00000026   Code   RO         4448    .text               mf_w.l(f2d.o)
    0x0800063a   0x0000002c   Code   RO         4469    .text               mc_w.l(uidiv.o)
    0x08000666   0x0000001e   Code   RO         4471    .text               mc_w.l(llshl.o)
    0x08000684   0x00000020   Code   RO         4473    .text               mc_w.l(llushr.o)
    0x080006a4   0x00000024   Code   RO         4475    .text               mc_w.l(llsshr.o)
    0x080006c8   0x00000000   Code   RO         4477    .text               mc_w.l(iusefp.o)
    0x080006c8   0x000000ba   Code   RO         4480    .text               mf_w.l(depilogue.o)
    0x08000782   0x000000de   Code   RO         4482    .text               mf_w.l(ddiv.o)
    0x08000860   0x00000030   Code   RO         4484    .text               mf_w.l(dfixul.o)
    0x08000890   0x00000030   Code   RO         4486    .text               mf_w.l(cdrcmple.o)
    0x080008c0   0x00000024   Code   RO         4488    .text               mc_w.l(init.o)
    0x080008e4   0x0000000a   Code   RO         3311    i.$Sub$$main        components.o
    0x080008ee   0x00000004   Code   RO          402    i.BusFault_Handler  stm32f4xx_it.o
    0x080008f2   0x00000002   Code   RO          403    i.DebugMon_Handler  stm32f4xx_it.o
    0x080008f4   0x00000044   Code   RO         2881    i.ESP8266_ATSendBuf  esp8266_at.o
    0x08000938   0x00000030   Code   RO         2882    i.ESP8266_ATSendString  esp8266_at.o
    0x08000968   0x00000040   Code   RO         2883    i.ESP8266_Check     esp8266_at.o
    0x080009a8   0x000000c8   Code   RO         2884    i.ESP8266_ConnectAP  esp8266_at.o
    0x08000a70   0x000000d8   Code   RO         2885    i.ESP8266_ConnectServer  esp8266_at.o
    0x08000b48   0x00000024   Code   RO         2886    i.ESP8266_ExitUnvarnishedTrans  esp8266_at.o
    0x08000b6c   0x00000058   Code   RO         2887    i.ESP8266_Init      esp8266_at.o
    0x08000bc4   0x0000004c   Code   RO         2888    i.ESP8266_OpenTransmission  esp8266_at.o
    0x08000c10   0x00000002   Code   RO           13    i.Error_Handler     main.o
    0x08000c12   0x00000028   Code   RO         2890    i.FindStr           esp8266_at.o
    0x08000c3a   0x00000002   PAD
    0x08000c3c   0x00000108   Code   RO         3099    i.GUI_DrawFont16    gui.o
    0x08000d44   0x00000028   Code   RO         1480    i.HAL_DMA_Abort_IT  stm32f4xx_hal_dma.o
    0x08000d6c   0x00000200   Code   RO         1372    i.HAL_GPIO_Init     stm32f4xx_hal_gpio.o
    0x08000f6c   0x0000000c   Code   RO         1376    i.HAL_GPIO_WritePin  stm32f4xx_hal_gpio.o
    0x08000f78   0x0000000c   Code   RO         1909    i.HAL_GetTick       stm32f4xx_hal.o
    0x08000f84   0x000001d0   Code   RO          498    i.HAL_I2C_Init      stm32f4xx_hal_i2c.o
    0x08001154   0x00000100   Code   RO          265    i.HAL_I2C_MspInit   i2c.o
    0x08001254   0x0000003c   Code   RO         1916    i.HAL_Init          stm32f4xx_hal.o
    0x08001290   0x0000004c   Code   RO         1917    i.HAL_InitTick      stm32f4xx_hal.o
    0x080012dc   0x00000050   Code   RO          463    i.HAL_MspInit       stm32f4xx_hal_msp.o
    0x0800132c   0x00000020   Code   RO         1761    i.HAL_NVIC_EnableIRQ  stm32f4xx_hal_cortex.o
    0x0800134c   0x0000007c   Code   RO         1767    i.HAL_NVIC_SetPriority  stm32f4xx_hal_cortex.o
    0x080013c8   0x00000028   Code   RO         1768    i.HAL_NVIC_SetPriorityGrouping  stm32f4xx_hal_cortex.o
    0x080013f0   0x00000184   Code   RO          973    i.HAL_RCC_ClockConfig  stm32f4xx_hal_rcc.o
    0x08001574   0x0000000c   Code   RO          978    i.HAL_RCC_GetHCLKFreq  stm32f4xx_hal_rcc.o
    0x08001580   0x00000020   Code   RO          980    i.HAL_RCC_GetPCLK1Freq  stm32f4xx_hal_rcc.o
    0x080015a0   0x00000020   Code   RO          981    i.HAL_RCC_GetPCLK2Freq  stm32f4xx_hal_rcc.o
    0x080015c0   0x000000b0   Code   RO          982    i.HAL_RCC_GetSysClockFreq  stm32f4xx_hal_rcc.o
    0x08001670   0x00000488   Code   RO          985    i.HAL_RCC_OscConfig  stm32f4xx_hal_rcc.o
    0x08001af8   0x0000008c   Code   RO         2165    i.HAL_SPI_Init      stm32f4xx_hal_spi.o
    0x08001b84   0x000000c8   Code   RO          307    i.HAL_SPI_MspInit   spi.o
    0x08001c4c   0x000001a2   Code   RO         2173    i.HAL_SPI_Transmit  stm32f4xx_hal_spi.o
    0x08001dee   0x00000034   Code   RO         1772    i.HAL_SYSTICK_Config  stm32f4xx_hal_cortex.o
    0x08001e22   0x00000002   Code   RO         2533    i.HAL_UART_ErrorCallback  stm32f4xx_hal_uart.o
    0x08001e24   0x00000154   Code   RO         2536    i.HAL_UART_IRQHandler  stm32f4xx_hal_uart.o
    0x08001f78   0x00000072   Code   RO         2537    i.HAL_UART_Init     stm32f4xx_hal_uart.o
    0x08001fea   0x00000002   PAD
    0x08001fec   0x0000010c   Code   RO          349    i.HAL_UART_MspInit  usart.o
    0x080020f8   0x00000070   Code   RO         2542    i.HAL_UART_Receive_IT  stm32f4xx_hal_uart.o
    0x08002168   0x00000070   Code   RO           14    i.HAL_UART_RxCpltCallback  main.o
    0x080021d8   0x000000d8   Code   RO         2545    i.HAL_UART_Transmit  stm32f4xx_hal_uart.o
    0x080022b0   0x00000002   Code   RO         2548    i.HAL_UART_TxCpltCallback  stm32f4xx_hal_uart.o
    0x080022b2   0x00000002   PAD
    0x080022b4   0x00000238   Code   RO         2975    i.MQTT_Connect      esp8266_mqtt.o
    0x080024ec   0x00000118   Code   RO         2978    i.MQTT_PublishData  esp8266_mqtt.o
    0x08002604   0x00000010   Code   RO         2979    i.MQTT_SendBuf      esp8266_mqtt.o
    0x08002614   0x00000158   Code   RO         2981    i.MQTT_SubscribeTopic  esp8266_mqtt.o
    0x0800276c   0x00000110   Code   RO          235    i.MX_GPIO_Init      gpio.o
    0x0800287c   0x0000003c   Code   RO          266    i.MX_I2C1_Init      i2c.o
    0x080028b8   0x00000044   Code   RO          308    i.MX_SPI2_Init      spi.o
    0x080028fc   0x00000038   Code   RO          350    i.MX_USART1_UART_Init  usart.o
    0x08002934   0x00000038   Code   RO          351    i.MX_USART2_UART_Init  usart.o
    0x0800296c   0x00000004   Code   RO          404    i.MemManage_Handler  stm32f4xx_it.o
    0x08002970   0x00000002   Code   RO          405    i.NMI_Handler       stm32f4xx_it.o
    0x08002972   0x00000040   Code   RO         3039    i.OLED_Clear        oled.o
    0x080029b2   0x00000002   PAD
    0x080029b4   0x00000120   Code   RO         3042    i.OLED_Init         oled.o
    0x08002ad4   0x0000002e   Code   RO         3043    i.OLED_Set_Pos      oled.o
    0x08002b02   0x00000002   PAD
    0x08002b04   0x000000c8   Code   RO         3101    i.OLED_ShowChar     gui.o
    0x08002bcc   0x00000088   Code   RO         3102    i.OLED_ShowNum      gui.o
    0x08002c54   0x0000004c   Code   RO         3044    i.OLED_WR_Byte      oled.o
    0x08002ca0   0x0000006c   Code   RO         2203    i.SPI_EndRxTxTransaction  stm32f4xx_hal_spi.o
    0x08002d0c   0x000000a8   Code   RO         2208    i.SPI_WaitFlagStateUntilTimeout  stm32f4xx_hal_spi.o
    0x08002db4   0x00000054   Code   RO           15    i.STM32DHT11_StatusReport  main.o
    0x08002e08   0x0000007e   Code   RO         3103    i.Show_Str          gui.o
    0x08002e86   0x00000010   Code   RO         3232    i.SysTick_Handler   board.o
    0x08002e96   0x00000002   PAD
    0x08002e98   0x000000b4   Code   RO           16    i.SystemClock_Config  main.o
    0x08002f4c   0x000000c0   Code   RO         2843    i.SystemCoreClockUpdate  system_stm32f4xx.o
    0x0800300c   0x0000001c   Code   RO         2844    i.SystemInit        system_stm32f4xx.o
    0x08003028   0x00000014   Code   RO         2550    i.UART_DMAAbortOnError  stm32f4xx_hal_uart.o
    0x0800303c   0x00000020   Code   RO         2560    i.UART_EndRxTransfer  stm32f4xx_hal_uart.o
    0x0800305c   0x00000020   Code   RO         2561    i.UART_EndTransmit_IT  stm32f4xx_hal_uart.o
    0x0800307c   0x000000a6   Code   RO         2563    i.UART_Receive_IT   stm32f4xx_hal_uart.o
    0x08003122   0x00000002   PAD
    0x08003124   0x000003e8   Code   RO         2564    i.UART_SetConfig    stm32f4xx_hal_uart.o
    0x0800350c   0x00000068   Code   RO         2565    i.UART_Transmit_IT  stm32f4xx_hal_uart.o
    0x08003574   0x0000006c   Code   RO         2566    i.UART_WaitOnFlagUntilTimeout  stm32f4xx_hal_uart.o
    0x080035e0   0x00000010   Code   RO          406    i.USART2_IRQHandler  stm32f4xx_it.o
    0x080035f0   0x00000004   Code   RO          407    i.UsageFault_Handler  stm32f4xx_it.o
    0x080035f4   0x00000030   Code   RO         3233    i._SysTick_Config   board.o
    0x08003624   0x00000028   Code   RO         4416    i.__0sprintf        mc_w.l(printfa.o)
    0x0800364c   0x00000010   Code   RO         1774    i.__NVIC_GetPriorityGrouping  stm32f4xx_hal_cortex.o
    0x0800365c   0x00000028   Code   RO         1775    i.__NVIC_SetPriority  stm32f4xx_hal_cortex.o
    0x08003684   0x0000004c   Code   RO         3528    i.__rt_ffs          kservice.o
    0x080036d0   0x0000000e   Code   RO         4494    i.__scatterload_copy  mc_w.l(handlers.o)
    0x080036de   0x00000002   Code   RO         4495    i.__scatterload_null  mc_w.l(handlers.o)
    0x080036e0   0x0000000e   Code   RO         4496    i.__scatterload_zeroinit  mc_w.l(handlers.o)
    0x080036ee   0x00000002   PAD
    0x080036f0   0x00000184   Code   RO         4421    i._fp_digits        mc_w.l(printfa.o)
    0x08003874   0x00000014   Code   RO         3379    i._has_defunct_thread  idle.o
    0x08003888   0x000006dc   Code   RO         4422    i._printf_core      mc_w.l(printfa.o)
    0x08003f64   0x00000024   Code   RO         4423    i._printf_post_padding  mc_w.l(printfa.o)
    0x08003f88   0x0000002e   Code   RO         4424    i._printf_pre_padding  mc_w.l(printfa.o)
    0x08003fb6   0x00000002   PAD
    0x08003fb8   0x00000084   Code   RO         3897    i._rt_thread_init   thread.o
    0x0800403c   0x00000042   Code   RO         4018    i._rt_timer_init    timer.o
    0x0800407e   0x0000002e   Code   RO         4019    i._rt_timer_remove  timer.o
    0x080040ac   0x0000000a   Code   RO         4426    i._sputc            mc_w.l(printfa.o)
    0x080040b6   0x00000002   PAD
    0x080040b8   0x0000005c   Code   RO           17    i.deal_MQTT_message  main.o
    0x08004114   0x00000018   Code   RO         3045    i.delay_ms          oled.o
    0x0800412c   0x000003c4   Code   RO           18    i.main              main.o
    0x080044f0   0x0000000e   Code   RO         3312    i.main_thread_entry  components.o
    0x080044fe   0x00000016   Code   RO         3104    i.oled_pow          gui.o
    0x08004514   0x00000078   Code   RO         3705    i.plug_holes        mem.o
    0x0800458c   0x00000198   Code   RO         3530    i.print_number      kservice.o
    0x08004724   0x00000030   Code   RO         3313    i.rt_application_init  components.o
    0x08004754   0x0000001c   Code   RO         3314    i.rt_components_board_init  components.o
    0x08004770   0x0000001c   Code   RO         3315    i.rt_components_init  components.o
    0x0800478c   0x00000020   Code   RO         3831    i.rt_enter_critical  scheduler.o
    0x080047ac   0x00000044   Code   RO         3832    i.rt_exit_critical  scheduler.o
    0x080047f0   0x000000e0   Code   RO         3707    i.rt_free           mem.o
    0x080048d0   0x00000008   Code   RO         3234    i.rt_heap_begin_get  board.o
    0x080048d8   0x00000008   Code   RO         3235    i.rt_heap_end_get   board.o
    0x080048e0   0x00000034   Code   RO         3236    i.rt_hw_board_init  board.o
    0x08004914   0x00000050   Code   RO          352    i.rt_hw_console_output  usart.o
    0x08004964   0x00000224   Code   RO         4128    i.rt_hw_hard_fault_exception  cpuport.o
    0x08004b88   0x00000050   Code   RO         4129    i.rt_hw_stack_init  cpuport.o
    0x08004bd8   0x00000020   Code   RO         3501    i.rt_interrupt_enter  irq.o
    0x08004bf8   0x00000020   Code   RO         3503    i.rt_interrupt_leave  irq.o
    0x08004c18   0x0000006c   Code   RO         3420    i.rt_ipc_list_suspend  ipc.o
    0x08004c84   0x00000010   Code   RO         3421    i.rt_ipc_object_init  ipc.o
    0x08004c94   0x00000030   Code   RO         3534    i.rt_kprintf        kservice.o
    0x08004cc4   0x00000006   Code   RO         3833    i.rt_list_init      scheduler.o
    0x08004cca   0x00000006   Code   RO         4020    i.rt_list_init      timer.o
    0x08004cd0   0x0000000e   Code   RO         3755    i.rt_list_insert_after  object.o
    0x08004cde   0x0000000e   Code   RO         3898    i.rt_list_insert_after  thread.o
    0x08004cec   0x0000000e   Code   RO         4021    i.rt_list_insert_after  timer.o
    0x08004cfa   0x0000000e   Code   RO         3422    i.rt_list_insert_before  ipc.o
    0x08004d08   0x00000010   Code   RO         3423    i.rt_list_isempty   ipc.o
    0x08004d18   0x00000010   Code   RO         4022    i.rt_list_isempty   timer.o
    0x08004d28   0x00000012   Code   RO         3756    i.rt_list_remove    object.o
    0x08004d3a   0x00000012   Code   RO         3899    i.rt_list_remove    thread.o
    0x08004d4c   0x0000016c   Code   RO         3708    i.rt_malloc         mem.o
    0x08004eb8   0x00000048   Code   RO         3540    i.rt_memset         kservice.o
    0x08004f00   0x00000054   Code   RO         3757    i.rt_object_allocate  object.o
    0x08004f54   0x00000024   Code   RO         3758    i.rt_object_delete  object.o
    0x08004f78   0x0000001e   Code   RO         3759    i.rt_object_detach  object.o
    0x08004f96   0x00000002   PAD
    0x08004f98   0x00000028   Code   RO         3761    i.rt_object_get_information  object.o
    0x08004fc0   0x00000056   Code   RO         3763    i.rt_object_init    object.o
    0x08005016   0x00000012   Code   RO         3764    i.rt_object_is_systemobject  object.o
    0x08005028   0x00000084   Code   RO         3834    i.rt_schedule       scheduler.o
    0x080050ac   0x00000050   Code   RO         3835    i.rt_schedule_insert_thread  scheduler.o
    0x080050fc   0x00000054   Code   RO         3836    i.rt_schedule_remove_thread  scheduler.o
    0x08005150   0x00000026   Code   RO         3428    i.rt_sem_init       ipc.o
    0x08005176   0x00000046   Code   RO         3429    i.rt_sem_release    ipc.o
    0x080051bc   0x00000074   Code   RO         3430    i.rt_sem_take       ipc.o
    0x08005230   0x000000b0   Code   RO         3542    i.rt_show_version   kservice.o
    0x080052e0   0x00000012   Code   RO         3548    i.rt_strlen         kservice.o
    0x080052f2   0x00000034   Code   RO         3550    i.rt_strncpy        kservice.o
    0x08005326   0x00000002   PAD
    0x08005328   0x000000f8   Code   RO         3711    i.rt_system_heap_init  mem.o
    0x08005420   0x0000004c   Code   RO         3837    i.rt_system_scheduler_init  scheduler.o
    0x0800546c   0x00000030   Code   RO         3838    i.rt_system_scheduler_start  scheduler.o
    0x0800549c   0x0000001c   Code   RO         4023    i.rt_system_timer_init  timer.o
    0x080054b8   0x00000002   Code   RO         4024    i.rt_system_timer_thread_init  timer.o
    0x080054ba   0x00000050   Code   RO         3901    i.rt_thread_create  thread.o
    0x0800550a   0x0000000c   Code   RO         3902    i.rt_thread_delay   thread.o
    0x08005516   0x00000002   PAD
    0x08005518   0x00000054   Code   RO         3905    i.rt_thread_exit    thread.o
    0x0800556c   0x00000008   Code   RO         3380    i.rt_thread_idle_entry  idle.o
    0x08005574   0x0000008c   Code   RO         3381    i.rt_thread_idle_excute  idle.o
    0x08005600   0x0000003c   Code   RO         3383    i.rt_thread_idle_init  idle.o
    0x0800563c   0x00000034   Code   RO         3907    i.rt_thread_init    thread.o
    0x08005670   0x0000003c   Code   RO         3909    i.rt_thread_resume  thread.o
    0x080056ac   0x0000000c   Code   RO         3910    i.rt_thread_self    thread.o
    0x080056b8   0x00000044   Code   RO         3911    i.rt_thread_sleep   thread.o
    0x080056fc   0x0000002c   Code   RO         3912    i.rt_thread_startup  thread.o
    0x08005728   0x00000044   Code   RO         3913    i.rt_thread_suspend  thread.o
    0x0800576c   0x00000020   Code   RO         3914    i.rt_thread_timeout  thread.o
    0x0800578c   0x00000064   Code   RO         3915    i.rt_thread_yield   thread.o
    0x080057f0   0x0000000c   Code   RO         3275    i.rt_tick_get       clock.o
    0x080057fc   0x00000030   Code   RO         3276    i.rt_tick_increase  clock.o
    0x0800582c   0x0000007c   Code   RO         4025    i.rt_timer_check    timer.o
    0x080058a8   0x00000038   Code   RO         4026    i.rt_timer_control  timer.o
    0x080058e0   0x00000020   Code   RO         4029    i.rt_timer_detach   timer.o
    0x08005900   0x0000002e   Code   RO         4030    i.rt_timer_init     timer.o
    0x0800592e   0x00000002   PAD
    0x08005930   0x000000f8   Code   RO         4033    i.rt_timer_start    timer.o
    0x08005a28   0x00000030   Code   RO         4034    i.rt_timer_stop     timer.o
    0x08005a58   0x00000330   Code   RO         3553    i.rt_vsnprintf      kservice.o
    0x08005d88   0x00000004   Code   RO         3316    i.rti_board_end     components.o
    0x08005d8c   0x00000004   Code   RO         3317    i.rti_board_start   components.o
    0x08005d90   0x00000004   Code   RO         3318    i.rti_end           components.o
    0x08005d94   0x00000004   Code   RO         3319    i.rti_start         components.o
    0x08005d98   0x0000002a   Code   RO         3320    i.rtthread_startup  components.o
    0x08005dc2   0x00000026   Code   RO         3555    i.skip_atoi         kservice.o
    0x08005de8   0x00000018   Data   RO         2845    .constdata          system_stm32f4xx.o
    0x08005e00   0x0000000c   Data   RO         2982    .constdata          esp8266_mqtt.o
    0x08005e0c   0x00000c7a   Data   RO         3105    .constdata          gui.o
    0x08006a86   0x00000122   Data   RO         3557    .constdata          kservice.o
    0x08006ba8   0x00000112   Data   RO           20    .conststring        main.o
    0x08006cba   0x00000002   PAD
    0x08006cbc   0x00000004   Data   RO         3321    .rti_fn.0           components.o
    0x08006cc0   0x00000004   Data   RO         3322    .rti_fn.0.end       components.o
    0x08006cc4   0x00000004   Data   RO         3323    .rti_fn.1.end       components.o
    0x08006cc8   0x00000004   Data   RO         3324    .rti_fn.6.end       components.o
    0x08006ccc   0x00000020   Data   RO         4492    Region$$Table       anon$$obj.o


    Execution Region RW_IRAM2 (Base: 0x10000000, Size: 0x00000000, Max: 0x00010000, ABSOLUTE)

    **** No section assigned to this execution region ****


    Execution Region RW_IRAM1 (Base: 0x20000000, Size: 0x00001d38, Max: 0x00020000, ABSOLUTE)

    Base Addr    Size         Type   Attr      Idx    E Section Name        Object

    0x20000000   0x00000025   Data   RW           21    .data               main.o
    0x20000025   0x00000003   PAD
    0x20000028   0x00000009   Data   RW         1923    .data               stm32f4xx_hal.o
    0x20000031   0x00000003   PAD
    0x20000034   0x00000004   Data   RW         2846    .data               system_stm32f4xx.o
    0x20000038   0x00000003   Data   RW         2893    .data               esp8266_at.o
    0x2000003b   0x00000001   PAD
    0x2000003c   0x00000004   Data   RW         2983    .data               esp8266_mqtt.o
    0x20000040   0x00000004   Data   RW         3278    .data               clock.o
    0x20000044   0x00000001   Data   RW         3504    .data               irq.o
    0x20000045   0x00000003   PAD
    0x20000048   0x00000018   Data   RW         3713    .data               mem.o
    0x20000060   0x00000030   Data   RW         3766    .data               object.o
    0x20000090   0x00000018   Data   RW         3840    .data               scheduler.o
    0x200000a8   0x0000000c   Data   RW         4035    .data               timer.o
    0x200000b4   0x00000010   Data   RW         4130    .data               cpuport.o
    0x200000c4   0x0000012c   Zero   RW           19    .bss                main.o
    0x200001f0   0x00000054   Zero   RW          267    .bss                i2c.o
    0x20000244   0x00000058   Zero   RW          309    .bss                spi.o
    0x2000029c   0x00000080   Zero   RW          353    .bss                usart.o
    0x2000031c   0x00000300   Zero   RW         2892    .bss                esp8266_at.o
    0x2000061c   0x00001000   Zero   RW         3237    .bss                board.o
    0x2000161c   0x00000178   Zero   RW         3384    .bss                idle.o
    0x20001794   0x00000080   Zero   RW         3556    .bss                kservice.o
    0x20001814   0x00000020   Zero   RW         3712    .bss                mem.o
    0x20001834   0x00000100   Zero   RW         3839    .bss                scheduler.o
    0x20001934   0x00000004   PAD
    0x20001938   0x00000400   Zero   RW            1    STACK               startup_stm32f407xx.o


==============================================================================

Image component sizes


      Code (inc. data)   RO Data    RW Data    ZI Data      Debug   Object Name

       132         16          0          0       4096       4017   board.o
        60         12          0          4          0       1397   clock.o
       186         30         16          0          0       6852   components.o
       308         26          0          0          0        908   context_rvds.o
       628        342          0         16          0       4438   cpuport.o
       836        212          0          3        768       6458   esp8266_at.o
      1208         48         12          4          0       4592   esp8266_mqtt.o
       272         12          0          0          0       1059   gpio.o
       748         10       3194          0          0       4751   gui.o
       316         28          0          0         84       1757   i2c.o
       228         32          0          0        376       6098   idle.o
       378          0          0          0          0       8341   ipc.o
        64         12          0          1          0       1870   irq.o
      1704        164        290          0        128       9720   kservice.o
      1434        448        274         37        300     680403   main.o
       956        224          0         24         32       4368   mem.o
       326          4          0         48          0       9096   object.o
       498         14          0          0          0       2822   oled.o
       526         90          0         24        256       9394   scheduler.o
       268         28          0          0         88       1733   spi.o
        36          8        392          0       1024        836   startup_stm32f407xx.o
       148         24          0          9          0       8239   stm32f4xx_hal.o
       304         22          0          0          0      34463   stm32f4xx_hal_cortex.o
        40          0          0          0          0       1127   stm32f4xx_hal_dma.o
       524         46          0          0          0       2308   stm32f4xx_hal_gpio.o
       464         18          0          0          0       2039   stm32f4xx_hal_i2c.o
        80          6          0          0          0        858   stm32f4xx_hal_msp.o
      1800         84          0          0          0       5612   stm32f4xx_hal_rcc.o
       834          8          0          0          0       4178   stm32f4xx_hal_spi.o
      2248         12          0          0          0      10003   stm32f4xx_hal_uart.o
        32          6          0          0          0       2829   stm32f4xx_it.o
       220         26         24          4          0       1895   system_stm32f4xx.o
       776         36          0          0          0      13199   thread.o
       732         20          0         12          0      12496   timer.o
       460         44          0          0        128       3014   usart.o

    ----------------------------------------------------------------------
     19796       2112       4236        196       7284     873170   Object Totals
         0          0         32          0          0          0   (incl. Generated)
        22          0          2         10          4          0   (incl. Padding)

    ----------------------------------------------------------------------

      Code (inc. data)   RO Data    RW Data    ZI Data      Debug   Library Member Name

         0          0          0          0          0          0   entry.o
         0          0          0          0          0          0   entry10a.o
         0          0          0          0          0          0   entry11a.o
         8          4          0          0          0          0   entry2.o
         4          0          0          0          0          0   entry5.o
         0          0          0          0          0          0   entry7b.o
         0          0          0          0          0          0   entry8b.o
         8          4          0          0          0          0   entry9a.o
        30          0          0          0          0          0   handlers.o
        36          8          0          0          0         68   init.o
         0          0          0          0          0          0   iusefp.o
        30          0          0          0          0         68   llshl.o
        36          0          0          0          0         68   llsshr.o
        32          0          0          0          0         68   llushr.o
        36          0          0          0          0         68   memcpya.o
        36          0          0          0          0        108   memseta.o
      2276         86          0          0          0        520   printfa.o
        18          0          0          0          0         68   strcpy.o
        14          0          0          0          0         68   strlen.o
        36          0          0          0          0         80   strstr.o
        44          0          0          0          0         80   uidiv.o
        98          0          0          0          0         92   uldiv.o
        48          0          0          0          0         68   cdrcmple.o
       334          0          0          0          0        148   dadd.o
       222          0          0          0          0        100   ddiv.o
       186          0          0          0          0        176   depilogue.o
        48          0          0          0          0         68   dfixul.o
       228          0          0          0          0         96   dmul.o
        38          0          0          0          0         68   f2d.o

    ----------------------------------------------------------------------
      3852        102          0          0          0       2080   Library Totals
         6          0          0          0          0          0   (incl. Padding)

    ----------------------------------------------------------------------

      Code (inc. data)   RO Data    RW Data    ZI Data      Debug   Library Name

      2742        102          0          0          0       1356   mc_w.l
      1104          0          0          0          0        724   mf_w.l

    ----------------------------------------------------------------------
      3852        102          0          0          0       2080   Library Totals

    ----------------------------------------------------------------------

==============================================================================


      Code (inc. data)   RO Data    RW Data    ZI Data      Debug   

     23648       2214       4236        196       7284     857762   Grand Totals
     23648       2214       4236        196       7284     857762   ELF Image Totals
     23648       2214       4236        196          0          0   ROM Totals

==============================================================================

    Total RO  Size (Code + RO Data)                27884 (  27.23kB)
    Total RW  Size (RW Data + ZI Data)              7480 (   7.30kB)
    Total ROM Size (Code + RO Data + RW Data)      28080 (  27.42kB)

==============================================================================

