<html>
<body>
<pre>
<h1>µVision Build Log</h1>
<h2>Tool Versions:</h2>
IDE-Version: ¦ÌVision V5.14.2
Copyright (C) 2015 ARM Ltd and ARM Germany GmbH. All rights reserved.
License Information: Cortex-M4, no, LIC=65ISZ-JTVD3-QDNKD-8DS6Y-41UVY-1EPVX
 
Tool Versions:
Toolchain:       MDK-ARM Standard  Version: 5.31.0.0
Toolchain Path:  F:\code\keil5\keil5core\ARM\ARMCC\Bin
C Compiler:      Armcc.exe V5.06 update 6 (build 750)
Assembler:       Armasm.exe V5.06 update 6 (build 750)
Linker/Locator:  ArmLink.exe V5.06 update 6 (build 750)
Library Manager: ArmAr.exe V5.06 update 6 (build 750)
Hex Converter:   FromElf.exe V5.06 update 6 (build 750)
CPU DLL:         SARMCM3.DLL V5.31.0.0
Dialog DLL:      DCM.DLL V1.17.3.0
Target DLL:      Segger\JL2CM3.dll V2.99.38.0
Dialog DLL:      TCM.DLL V1.46.0.0
 
<h2>Project:</h2>
F:\code\cubemx\workspace\oscilloscope_v1.0\MDK-ARM\oscilloscope.uvprojx
Project File Date:  05/23/2021

<h2>Output:</h2>
*** Using Compiler 'V5.06 update 6 (build 750)', folder: 'F:\code\keil5\keil5core\ARM\ARMCC\Bin'
Build target 'oscilloscope'
compiling main.c...
../Core/Src/main.c(242): warning:  #167-D: argument of type "volatile uint16_t *" is incompatible with parameter of type "uint16_t *"
       vpp=Get_vpp(ADC_ConvertedValue);
../Core/Src/main.c(136): warning:  #177-D: variable "x"  was declared but never referenced
    u8 x=0;
../Core/Src/main.c(207): warning:  #177-D: variable "i"  was declared but never referenced
    int i,j=0;  
../Core/Src/main.c(207): warning:  #177-D: variable "j"  was declared but never referenced
    int i,j=0;  
../Core/Src/main.c(440): warning:  #1035-D: single-precision operand implicitly converted to double-precision
                        freq=(temp*timebase)*0.5;
../Core/Src/main.c(418): warning:  #177-D: variable "Ypos1"  was declared but never referenced
        static u16 Ypos1 = 0,Ypos2 = 0;
../Core/Src/main.c(418): warning:  #177-D: variable "Ypos2"  was declared but never referenced
        static u16 Ypos1 = 0,Ypos2 = 0;
../Core/Src/main.c: 7 warnings, 0 errors
linking...
Program Size: Code=34696 RO-data=6536 RW-data=208 ZI-data=8472  
FromELF: creating hex file...
"oscilloscope\oscilloscope.axf" - 0 Error(s), 7 Warning(s).

<h2>Software Packages used:</h2>

Package Vendor: ARM
                http://www.keil.com/pack/ARM.CMSIS.5.7.0.pack
                ARM::CMSIS:CORE:5.4.0
                CMSIS (Cortex Microcontroller Software Interface Standard)
   * Component: CORE Version: 5.4.0

<h2>Collection of Component include folders:</h2>
  F:\code\cubemx\workspace\oscilloscope_v1.0\MDK-ARM\RTE
  F:\code\keil5\keil5core\ARM\CMSIS\5.7.0\CMSIS\Core\Include
  F:\code\keil5\keil5core\Keil\STM32F4xx_DFP\2.9.0\Drivers\CMSIS\Device\ST\STM32F4xx\Include

<h2>Collection of Component Files used:</h2>

   * Component: ARM::CMSIS:CORE:5.4.0
      Source file:   CMSIS\Core\Template\ARMv8-M\tz_context.c
      Source file:   CMSIS\Core\Template\ARMv8-M\main_s.c
      Include file:  CMSIS\Core\Include\tz_context.h
</pre>
</body>
</html>
